<?xml version="1.0"?>
<link_info>
   <banner>TMS320C55x Linker PC v4.4.1</banner>
   <copyright>Copyright (c) 1996-2012 Texas Instruments Incorporated</copyright>
   <link_time>0x5ab0e93d</link_time>
   <output_file>EQ.out</output_file>
   <entry_point>
      <name>_c_int00</name>
      <address>0x28318</address>
   </entry_point>
   <input_file_list>
      <input_file id="fl-2">
         <path>.\</path>
         <kind>object</kind>
         <file>aic3204.obj</file>
         <name>aic3204.obj</name>
      </input_file>
      <input_file id="fl-3">
         <path>.\</path>
         <kind>object</kind>
         <file>aic3204_init.obj</file>
         <name>aic3204_init.obj</name>
      </input_file>
      <input_file id="fl-4">
         <path>.\</path>
         <kind>object</kind>
         <file>ezdsp5535_aic3204_dma.obj</file>
         <name>ezdsp5535_aic3204_dma.obj</name>
      </input_file>
      <input_file id="fl-5">
         <path>.\</path>
         <kind>object</kind>
         <file>iir.obj</file>
         <name>iir.obj</name>
      </input_file>
      <input_file id="fl-6">
         <path>.\</path>
         <kind>object</kind>
         <file>main.obj</file>
         <name>main.obj</name>
      </input_file>
      <input_file id="fl-7">
         <path>.\</path>
         <kind>object</kind>
         <file>print_number.obj</file>
         <name>print_number.obj</name>
      </input_file>
      <input_file id="fl-8">
         <path>.\</path>
         <kind>object</kind>
         <file>processing.obj</file>
         <name>processing.obj</name>
      </input_file>
      <input_file id="fl-11">
         <path>..\lib\</path>
         <kind>archive</kind>
         <file>ezdsp5535bsl.lib</file>
         <name>ezdsp5535_sar.obj</name>
      </input_file>
      <input_file id="fl-12">
         <path>..\lib\</path>
         <kind>archive</kind>
         <file>ezdsp5535bsl.lib</file>
         <name>ezdsp5535_lcd.obj</name>
      </input_file>
      <input_file id="fl-13">
         <path>..\lib\</path>
         <kind>archive</kind>
         <file>ezdsp5535bsl.lib</file>
         <name>ezdsp5535_i2s.obj</name>
      </input_file>
      <input_file id="fl-14">
         <path>..\lib\</path>
         <kind>archive</kind>
         <file>ezdsp5535bsl.lib</file>
         <name>ezdsp5535_i2c.obj</name>
      </input_file>
      <input_file id="fl-15">
         <path>..\lib\</path>
         <kind>archive</kind>
         <file>ezdsp5535bsl.lib</file>
         <name>ezdsp5535_gpio.obj</name>
      </input_file>
      <input_file id="fl-16">
         <path>..\lib\</path>
         <kind>archive</kind>
         <file>ezdsp5535bsl.lib</file>
         <name>ezdsp5535.obj</name>
      </input_file>
      <input_file id="fl-17">
         <path>..\c55xx_csl\lib\</path>
         <kind>archive</kind>
         <file>cslVC5505.lib</file>
         <name>vectors.obj</name>
      </input_file>
      <input_file id="fl-18">
         <path>..\c55xx_csl\lib\</path>
         <kind>archive</kind>
         <file>cslVC5505.lib</file>
         <name>csl_sar.obj</name>
      </input_file>
      <input_file id="fl-19">
         <path>..\c55xx_csl\lib\</path>
         <kind>archive</kind>
         <file>cslVC5505.lib</file>
         <name>csl_irqplug.obj</name>
      </input_file>
      <input_file id="fl-1a">
         <path>..\c55xx_csl\lib\</path>
         <kind>archive</kind>
         <file>cslVC5505.lib</file>
         <name>csl_intc.obj</name>
      </input_file>
      <input_file id="fl-1b">
         <path>..\c55xx_csl\lib\</path>
         <kind>archive</kind>
         <file>cslVC5505.lib</file>
         <name>csl_i2s.obj</name>
      </input_file>
      <input_file id="fl-1c">
         <path>..\c55xx_csl\lib\</path>
         <kind>archive</kind>
         <file>cslVC5505.lib</file>
         <name>csl_i2c.obj</name>
      </input_file>
      <input_file id="fl-1d">
         <path>..\c55xx_csl\lib\</path>
         <kind>archive</kind>
         <file>cslVC5505.lib</file>
         <name>csl_gpio.obj</name>
      </input_file>
      <input_file id="fl-1e">
         <path>C:\ti\ccsv6\tools\compiler\c5500_4.4.1\lib\</path>
         <kind>archive</kind>
         <file>rts55x.lib</file>
         <name>boot.obj</name>
      </input_file>
      <input_file id="fl-1f">
         <path>C:\ti\ccsv6\tools\compiler\c5500_4.4.1\lib\</path>
         <kind>archive</kind>
         <file>rts55x.lib</file>
         <name>divul.obj</name>
      </input_file>
      <input_file id="fl-20">
         <path>C:\ti\ccsv6\tools\compiler\c5500_4.4.1\lib\</path>
         <kind>archive</kind>
         <file>rts55x.lib</file>
         <name>exit.obj</name>
      </input_file>
      <input_file id="fl-21">
         <path>C:\ti\ccsv6\tools\compiler\c5500_4.4.1\lib\</path>
         <kind>archive</kind>
         <file>rts55x.lib</file>
         <name>fixdi.obj</name>
      </input_file>
      <input_file id="fl-22">
         <path>C:\ti\ccsv6\tools\compiler\c5500_4.4.1\lib\</path>
         <kind>archive</kind>
         <file>rts55x.lib</file>
         <name>fixdli.obj</name>
      </input_file>
      <input_file id="fl-23">
         <path>C:\ti\ccsv6\tools\compiler\c5500_4.4.1\lib\</path>
         <kind>archive</kind>
         <file>rts55x.lib</file>
         <name>lmpy.obj</name>
      </input_file>
      <input_file id="fl-24">
         <path>C:\ti\ccsv6\tools\compiler\c5500_4.4.1\lib\</path>
         <kind>archive</kind>
         <file>rts55x.lib</file>
         <name>mpyd.obj</name>
      </input_file>
      <input_file id="fl-25">
         <path>C:\ti\ccsv6\tools\compiler\c5500_4.4.1\lib\</path>
         <kind>archive</kind>
         <file>rts55x.lib</file>
         <name>printf.obj</name>
      </input_file>
      <input_file id="fl-26">
         <path>C:\ti\ccsv6\tools\compiler\c5500_4.4.1\lib\</path>
         <kind>archive</kind>
         <file>rts55x.lib</file>
         <name>remul.obj</name>
      </input_file>
      <input_file id="fl-27">
         <path>C:\ti\ccsv6\tools\compiler\c5500_4.4.1\lib\</path>
         <kind>archive</kind>
         <file>rts55x.lib</file>
         <name>vectors.obj</name>
      </input_file>
      <input_file id="fl-28">
         <path>C:\ti\ccsv6\tools\compiler\c5500_4.4.1\lib\</path>
         <kind>archive</kind>
         <file>rts55x.lib</file>
         <name>_lock.obj</name>
      </input_file>
      <input_file id="fl-29">
         <path>C:\ti\ccsv6\tools\compiler\c5500_4.4.1\lib\</path>
         <kind>archive</kind>
         <file>rts55x.lib</file>
         <name>_printfi.obj</name>
      </input_file>
      <input_file id="fl-2a">
         <path>C:\ti\ccsv6\tools\compiler\c5500_4.4.1\lib\</path>
         <kind>archive</kind>
         <file>rts55x.lib</file>
         <name>args_main.obj</name>
      </input_file>
      <input_file id="fl-2b">
         <path>C:\ti\ccsv6\tools\compiler\c5500_4.4.1\lib\</path>
         <kind>archive</kind>
         <file>rts55x.lib</file>
         <name>atoi.obj</name>
      </input_file>
      <input_file id="fl-2c">
         <path>C:\ti\ccsv6\tools\compiler\c5500_4.4.1\lib\</path>
         <kind>archive</kind>
         <file>rts55x.lib</file>
         <name>autoinit.obj</name>
      </input_file>
      <input_file id="fl-2d">
         <path>C:\ti\ccsv6\tools\compiler\c5500_4.4.1\lib\</path>
         <kind>archive</kind>
         <file>rts55x.lib</file>
         <name>cmpd.obj</name>
      </input_file>
      <input_file id="fl-2e">
         <path>C:\ti\ccsv6\tools\compiler\c5500_4.4.1\lib\</path>
         <kind>archive</kind>
         <file>rts55x.lib</file>
         <name>ctype.obj</name>
      </input_file>
      <input_file id="fl-2f">
         <path>C:\ti\ccsv6\tools\compiler\c5500_4.4.1\lib\</path>
         <kind>archive</kind>
         <file>rts55x.lib</file>
         <name>defs.obj</name>
      </input_file>
      <input_file id="fl-30">
         <path>C:\ti\ccsv6\tools\compiler\c5500_4.4.1\lib\</path>
         <kind>archive</kind>
         <file>rts55x.lib</file>
         <name>divd.obj</name>
      </input_file>
      <input_file id="fl-31">
         <path>C:\ti\ccsv6\tools\compiler\c5500_4.4.1\lib\</path>
         <kind>archive</kind>
         <file>rts55x.lib</file>
         <name>fltlid.obj</name>
      </input_file>
      <input_file id="fl-32">
         <path>C:\ti\ccsv6\tools\compiler\c5500_4.4.1\lib\</path>
         <kind>archive</kind>
         <file>rts55x.lib</file>
         <name>fputc.obj</name>
      </input_file>
      <input_file id="fl-33">
         <path>C:\ti\ccsv6\tools\compiler\c5500_4.4.1\lib\</path>
         <kind>archive</kind>
         <file>rts55x.lib</file>
         <name>fputs.obj</name>
      </input_file>
      <input_file id="fl-34">
         <path>C:\ti\ccsv6\tools\compiler\c5500_4.4.1\lib\</path>
         <kind>archive</kind>
         <file>rts55x.lib</file>
         <name>frcmpyd.obj</name>
      </input_file>
      <input_file id="fl-35">
         <path>C:\ti\ccsv6\tools\compiler\c5500_4.4.1\lib\</path>
         <kind>archive</kind>
         <file>rts55x.lib</file>
         <name>frcmpyd_div.obj</name>
      </input_file>
      <input_file id="fl-36">
         <path>C:\ti\ccsv6\tools\compiler\c5500_4.4.1\lib\</path>
         <kind>archive</kind>
         <file>rts55x.lib</file>
         <name>isinf.obj</name>
      </input_file>
      <input_file id="fl-37">
         <path>C:\ti\ccsv6\tools\compiler\c5500_4.4.1\lib\</path>
         <kind>archive</kind>
         <file>rts55x.lib</file>
         <name>llmpy.obj</name>
      </input_file>
      <input_file id="fl-38">
         <path>C:\ti\ccsv6\tools\compiler\c5500_4.4.1\lib\</path>
         <kind>archive</kind>
         <file>rts55x.lib</file>
         <name>lowlev.obj</name>
      </input_file>
      <input_file id="fl-39">
         <path>C:\ti\ccsv6\tools\compiler\c5500_4.4.1\lib\</path>
         <kind>archive</kind>
         <file>rts55x.lib</file>
         <name>ltoa.obj</name>
      </input_file>
      <input_file id="fl-3a">
         <path>C:\ti\ccsv6\tools\compiler\c5500_4.4.1\lib\</path>
         <kind>archive</kind>
         <file>rts55x.lib</file>
         <name>memccpy.obj</name>
      </input_file>
      <input_file id="fl-3b">
         <path>C:\ti\ccsv6\tools\compiler\c5500_4.4.1\lib\</path>
         <kind>archive</kind>
         <file>rts55x.lib</file>
         <name>memcpy.obj</name>
      </input_file>
      <input_file id="fl-3c">
         <path>C:\ti\ccsv6\tools\compiler\c5500_4.4.1\lib\</path>
         <kind>archive</kind>
         <file>rts55x.lib</file>
         <name>negd.obj</name>
      </input_file>
      <input_file id="fl-3d">
         <path>C:\ti\ccsv6\tools\compiler\c5500_4.4.1\lib\</path>
         <kind>archive</kind>
         <file>rts55x.lib</file>
         <name>remli.obj</name>
      </input_file>
      <input_file id="fl-3e">
         <path>C:\ti\ccsv6\tools\compiler\c5500_4.4.1\lib\</path>
         <kind>archive</kind>
         <file>rts55x.lib</file>
         <name>subd.obj</name>
      </input_file>
      <input_file id="fl-3f">
         <path>C:\ti\ccsv6\tools\compiler\c5500_4.4.1\lib\</path>
         <kind>archive</kind>
         <file>rts55x.lib</file>
         <name>trgdrv.obj</name>
      </input_file>
      <input_file id="fl-40">
         <path>C:\ti\ccsv6\tools\compiler\c5500_4.4.1\lib\</path>
         <kind>archive</kind>
         <file>rts55x.lib</file>
         <name>trgmsg.obj</name>
      </input_file>
      <input_file id="fl-41">
         <path>C:\ti\ccsv6\tools\compiler\c5500_4.4.1\lib\</path>
         <kind>archive</kind>
         <file>rts55x.lib</file>
         <name>udiv.obj</name>
      </input_file>
      <input_file id="fl-42">
         <path>C:\ti\ccsv6\tools\compiler\c5500_4.4.1\lib\</path>
         <kind>archive</kind>
         <file>rts55x.lib</file>
         <name>_io_perm.obj</name>
      </input_file>
      <input_file id="fl-43">
         <path>C:\ti\ccsv6\tools\compiler\c5500_4.4.1\lib\</path>
         <kind>archive</kind>
         <file>rts55x.lib</file>
         <name>addd.obj</name>
      </input_file>
      <input_file id="fl-44">
         <path>C:\ti\ccsv6\tools\compiler\c5500_4.4.1\lib\</path>
         <kind>archive</kind>
         <file>rts55x.lib</file>
         <name>divli.obj</name>
      </input_file>
      <input_file id="fl-45">
         <path>C:\ti\ccsv6\tools\compiler\c5500_4.4.1\lib\</path>
         <kind>archive</kind>
         <file>rts55x.lib</file>
         <name>fflush.obj</name>
      </input_file>
      <input_file id="fl-46">
         <path>C:\ti\ccsv6\tools\compiler\c5500_4.4.1\lib\</path>
         <kind>archive</kind>
         <file>rts55x.lib</file>
         <name>fseek.obj</name>
      </input_file>
      <input_file id="fl-47">
         <path>C:\ti\ccsv6\tools\compiler\c5500_4.4.1\lib\</path>
         <kind>archive</kind>
         <file>rts55x.lib</file>
         <name>setvbuf.obj</name>
      </input_file>
      <input_file id="fl-48">
         <path>C:\ti\ccsv6\tools\compiler\c5500_4.4.1\lib\</path>
         <kind>archive</kind>
         <file>rts55x.lib</file>
         <name>fopen.obj</name>
      </input_file>
      <input_file id="fl-49">
         <path>C:\ti\ccsv6\tools\compiler\c5500_4.4.1\lib\</path>
         <kind>archive</kind>
         <file>rts55x.lib</file>
         <name>memory.obj</name>
      </input_file>
      <input_file id="fl-4a">
         <path>C:\ti\ccsv6\tools\compiler\c5500_4.4.1\lib\</path>
         <kind>archive</kind>
         <file>rts55x.lib</file>
         <name>fclose.obj</name>
      </input_file>
      <input_file id="fl-4b">
         <path>C:\ti\ccsv6\tools\compiler\c5500_4.4.1\lib\</path>
         <kind>archive</kind>
         <file>rts55x.lib</file>
         <name>remove.obj</name>
      </input_file>
   </input_file_list>
   <object_component_list>
      <object_component id="oc-b7">
         <name>.text</name>
         <load_address>0x20000</load_address>
         <run_address>0x20000</run_address>
         <size>0x15a4</size>
         <input_file_ref idref="fl-29"/>
      </object_component>
      <object_component id="oc-7b">
         <name>.text</name>
         <load_address>0x215a4</load_address>
         <run_address>0x215a4</run_address>
         <size>0xc3c</size>
         <input_file_ref idref="fl-1c"/>
      </object_component>
      <object_component id="oc-65">
         <name>.text</name>
         <load_address>0x221e0</load_address>
         <run_address>0x221e0</run_address>
         <size>0xb18</size>
         <input_file_ref idref="fl-18"/>
      </object_component>
      <object_component id="oc-74">
         <name>.text</name>
         <load_address>0x22cf8</load_address>
         <run_address>0x22cf8</run_address>
         <size>0x9f3</size>
         <input_file_ref idref="fl-1b"/>
      </object_component>
      <object_component id="oc-81">
         <name>.text</name>
         <load_address>0x236eb</load_address>
         <run_address>0x236eb</run_address>
         <size>0x68d</size>
         <input_file_ref idref="fl-1d"/>
      </object_component>
      <object_component id="oc-18">
         <name>.text</name>
         <load_address>0x23d78</load_address>
         <run_address>0x23d78</run_address>
         <size>0x5b5</size>
         <input_file_ref idref="fl-3"/>
      </object_component>
      <object_component id="oc-6e">
         <name>.text</name>
         <load_address>0x2432d</load_address>
         <run_address>0x2432d</run_address>
         <size>0x554</size>
         <input_file_ref idref="fl-1a"/>
      </object_component>
      <object_component id="oc-f5">
         <name>.text</name>
         <load_address>0x24881</load_address>
         <run_address>0x24881</run_address>
         <size>0x543</size>
         <input_file_ref idref="fl-38"/>
      </object_component>
      <object_component id="oc-113">
         <name>.text</name>
         <load_address>0x24dc4</load_address>
         <run_address>0x24dc4</run_address>
         <size>0x528</size>
         <input_file_ref idref="fl-3f"/>
      </object_component>
      <object_component id="oc-140">
         <name>.text</name>
         <load_address>0x252ec</load_address>
         <run_address>0x252ec</run_address>
         <size>0x4b5</size>
         <input_file_ref idref="fl-49"/>
      </object_component>
      <object_component id="oc-d3">
         <name>.text</name>
         <load_address>0x257a1</load_address>
         <run_address>0x257a1</run_address>
         <size>0x3cc</size>
         <input_file_ref idref="fl-30"/>
      </object_component>
      <object_component id="oc-1e">
         <name>.text</name>
         <load_address>0x25b6d</load_address>
         <run_address>0x25b6d</run_address>
         <size>0x31b</size>
         <input_file_ref idref="fl-4"/>
      </object_component>
      <object_component id="oc-32">
         <name>.text</name>
         <load_address>0x25e88</load_address>
         <run_address>0x25e88</run_address>
         <size>0x2d2</size>
         <input_file_ref idref="fl-7"/>
      </object_component>
      <object_component id="oc-13a">
         <name>.text</name>
         <load_address>0x2615a</load_address>
         <run_address>0x2615a</run_address>
         <size>0x27f</size>
         <input_file_ref idref="fl-48"/>
      </object_component>
      <object_component id="oc-f1">
         <name>.text</name>
         <load_address>0x263d9</load_address>
         <run_address>0x263d9</run_address>
         <size>0x25e</size>
         <input_file_ref idref="fl-37"/>
      </object_component>
      <object_component id="oc-126">
         <name>.text</name>
         <load_address>0x26637</load_address>
         <run_address>0x26637</run_address>
         <size>0x25a</size>
         <input_file_ref idref="fl-43"/>
      </object_component>
      <object_component id="oc-c9">
         <name>.text</name>
         <load_address>0x26891</load_address>
         <run_address>0x26891</run_address>
         <size>0x1ea</size>
         <input_file_ref idref="fl-2d"/>
      </object_component>
      <object_component id="oc-45">
         <name>.text</name>
         <load_address>0x26a7b</load_address>
         <run_address>0x26a7b</run_address>
         <size>0x192</size>
         <input_file_ref idref="fl-12"/>
      </object_component>
      <object_component id="oc-3e">
         <name>.text</name>
         <load_address>0x26c0d</load_address>
         <run_address>0x26c0d</run_address>
         <size>0x17a</size>
         <input_file_ref idref="fl-11"/>
      </object_component>
      <object_component id="oc-e0">
         <name>.text</name>
         <load_address>0x26d87</load_address>
         <run_address>0x26d87</run_address>
         <size>0x163</size>
         <input_file_ref idref="fl-33"/>
      </object_component>
      <object_component id="oc-a1">
         <name>.text</name>
         <load_address>0x26eea</load_address>
         <run_address>0x26eea</run_address>
         <size>0x14c</size>
         <input_file_ref idref="fl-24"/>
      </object_component>
      <object_component id="oc-25">
         <name>.text</name>
         <load_address>0x27036</load_address>
         <run_address>0x27036</run_address>
         <size>0x120</size>
         <input_file_ref idref="fl-5"/>
      </object_component>
      <object_component id="oc-2a">
         <name>.text</name>
         <load_address>0x27156</load_address>
         <run_address>0x27156</run_address>
         <size>0x10c</size>
         <input_file_ref idref="fl-6"/>
      </object_component>
      <object_component id="oc-4a">
         <name>.text</name>
         <load_address>0x27262</load_address>
         <run_address>0x27262</run_address>
         <size>0x107</size>
         <input_file_ref idref="fl-13"/>
      </object_component>
      <object_component id="oc-136">
         <name>.text</name>
         <load_address>0x27369</load_address>
         <run_address>0x27369</run_address>
         <size>0xe6</size>
         <input_file_ref idref="fl-47"/>
      </object_component>
      <object_component id="oc-38">
         <name>.text</name>
         <load_address>0x2744f</load_address>
         <run_address>0x2744f</run_address>
         <size>0xe3</size>
         <input_file_ref idref="fl-8"/>
      </object_component>
      <object_component id="oc-122">
         <name>.text</name>
         <load_address>0x27532</load_address>
         <run_address>0x27532</run_address>
         <size>0xdd</size>
         <input_file_ref idref="fl-42"/>
      </object_component>
      <object_component id="oc-21">
         <name>.text:retain</name>
         <load_address>0x2760f</load_address>
         <run_address>0x2760f</run_address>
         <size>0xcc</size>
         <input_file_ref idref="fl-4"/>
      </object_component>
      <object_component id="oc-12">
         <name>.text</name>
         <load_address>0x276db</load_address>
         <run_address>0x276db</run_address>
         <size>0xc3</size>
         <input_file_ref idref="fl-2"/>
      </object_component>
      <object_component id="oc-12e">
         <name>.text</name>
         <load_address>0x2779e</load_address>
         <run_address>0x2779e</run_address>
         <size>0xc2</size>
         <input_file_ref idref="fl-45"/>
      </object_component>
      <object_component id="oc-11b">
         <name>.text:CIO_breakpoint</name>
         <load_address>0x27860</load_address>
         <run_address>0x27860</run_address>
         <size>0xba</size>
         <input_file_ref idref="fl-40"/>
      </object_component>
      <object_component id="oc-dc">
         <name>.text</name>
         <load_address>0x2791a</load_address>
         <run_address>0x2791a</run_address>
         <size>0xa6</size>
         <input_file_ref idref="fl-32"/>
      </object_component>
      <object_component id="oc-8a">
         <name>.text</name>
         <load_address>0x279c0</load_address>
         <run_address>0x279c0</run_address>
         <size>0xa1</size>
         <input_file_ref idref="fl-1f"/>
      </object_component>
      <object_component id="oc-50">
         <name>.text</name>
         <load_address>0x27a61</load_address>
         <run_address>0x27a61</run_address>
         <size>0x8e</size>
         <input_file_ref idref="fl-14"/>
      </object_component>
      <object_component id="oc-6a">
         <name>.text</name>
         <load_address>0x27aef</load_address>
         <run_address>0x27aef</run_address>
         <size>0x8c</size>
         <input_file_ref idref="fl-19"/>
      </object_component>
      <object_component id="oc-55">
         <name>.text</name>
         <load_address>0x27b7b</load_address>
         <run_address>0x27b7b</run_address>
         <size>0x87</size>
         <input_file_ref idref="fl-15"/>
      </object_component>
      <object_component id="oc-fb">
         <name>.text</name>
         <load_address>0x27c02</load_address>
         <run_address>0x27c02</run_address>
         <size>0x7d</size>
         <input_file_ref idref="fl-39"/>
      </object_component>
      <object_component id="oc-147">
         <name>.text</name>
         <load_address>0x27c7f</load_address>
         <run_address>0x27c7f</run_address>
         <size>0x7b</size>
         <input_file_ref idref="fl-4a"/>
      </object_component>
      <object_component id="oc-e5">
         <name>.text</name>
         <load_address>0x27cfa</load_address>
         <run_address>0x27cfa</run_address>
         <size>0x76</size>
         <input_file_ref idref="fl-34"/>
      </object_component>
      <object_component id="oc-e9">
         <name>.text</name>
         <load_address>0x27d70</load_address>
         <run_address>0x27d70</run_address>
         <size>0x73</size>
         <input_file_ref idref="fl-35"/>
      </object_component>
      <object_component id="oc-a9">
         <name>.text</name>
         <load_address>0x27de3</load_address>
         <run_address>0x27de3</run_address>
         <size>0x72</size>
         <input_file_ref idref="fl-26"/>
      </object_component>
      <object_component id="oc-99">
         <name>.text</name>
         <load_address>0x27e55</load_address>
         <run_address>0x27e55</run_address>
         <size>0x6f</size>
         <input_file_ref idref="fl-22"/>
      </object_component>
      <object_component id="oc-60">
         <name>.text</name>
         <load_address>0x27ec4</load_address>
         <run_address>0x27ec4</run_address>
         <size>0x6d</size>
         <input_file_ref idref="fl-17"/>
      </object_component>
      <object_component id="oc-118">
         <name>.text</name>
         <load_address>0x27f31</load_address>
         <run_address>0x27f31</run_address>
         <size>0x6d</size>
         <input_file_ref idref="fl-40"/>
      </object_component>
      <object_component id="oc-132">
         <name>.text</name>
         <load_address>0x27f9e</load_address>
         <run_address>0x27f9e</run_address>
         <size>0x6b</size>
         <input_file_ref idref="fl-46"/>
      </object_component>
      <object_component id="oc-d7">
         <name>.text</name>
         <load_address>0x28009</load_address>
         <run_address>0x28009</run_address>
         <size>0x67</size>
         <input_file_ref idref="fl-31"/>
      </object_component>
      <object_component id="oc-c1">
         <name>.text</name>
         <load_address>0x28070</load_address>
         <run_address>0x28070</run_address>
         <size>0x5c</size>
         <input_file_ref idref="fl-2b"/>
      </object_component>
      <object_component id="oc-5b">
         <name>.text</name>
         <load_address>0x280cc</load_address>
         <run_address>0x280cc</run_address>
         <size>0x54</size>
         <input_file_ref idref="fl-16"/>
      </object_component>
      <object_component id="oc-a5">
         <name>.text</name>
         <load_address>0x28120</load_address>
         <run_address>0x28120</run_address>
         <size>0x50</size>
         <input_file_ref idref="fl-25"/>
      </object_component>
      <object_component id="oc-c5">
         <name>.text</name>
         <load_address>0x28170</load_address>
         <run_address>0x28170</run_address>
         <size>0x4d</size>
         <input_file_ref idref="fl-2c"/>
      </object_component>
      <object_component id="oc-bd">
         <name>.text</name>
         <load_address>0x281bd</load_address>
         <run_address>0x281bd</run_address>
         <size>0x4b</size>
         <input_file_ref idref="fl-2a"/>
      </object_component>
      <object_component id="oc-10b">
         <name>.text</name>
         <load_address>0x28208</load_address>
         <run_address>0x28208</run_address>
         <size>0x4b</size>
         <input_file_ref idref="fl-3d"/>
      </object_component>
      <object_component id="oc-12a">
         <name>.text</name>
         <load_address>0x28253</load_address>
         <run_address>0x28253</run_address>
         <size>0x48</size>
         <input_file_ref idref="fl-44"/>
      </object_component>
      <object_component id="oc-103">
         <name>.text</name>
         <load_address>0x2829b</load_address>
         <run_address>0x2829b</run_address>
         <size>0x3f</size>
         <input_file_ref idref="fl-3b"/>
      </object_component>
      <object_component id="oc-8e">
         <name>.text</name>
         <load_address>0x282da</load_address>
         <run_address>0x282da</run_address>
         <size>0x3e</size>
         <input_file_ref idref="fl-20"/>
      </object_component>
      <object_component id="oc-10">
         <name>.text</name>
         <load_address>0x28318</load_address>
         <run_address>0x28318</run_address>
         <size>0x34</size>
         <input_file_ref idref="fl-1e"/>
      </object_component>
      <object_component id="oc-95">
         <name>.text</name>
         <load_address>0x2834c</load_address>
         <run_address>0x2834c</run_address>
         <size>0x2a</size>
         <input_file_ref idref="fl-21"/>
      </object_component>
      <object_component id="oc-11e">
         <name>.text</name>
         <load_address>0x28376</load_address>
         <run_address>0x28376</run_address>
         <size>0x2a</size>
         <input_file_ref idref="fl-41"/>
      </object_component>
      <object_component id="oc-ff">
         <name>.text</name>
         <load_address>0x283a0</load_address>
         <run_address>0x283a0</run_address>
         <size>0x23</size>
         <input_file_ref idref="fl-3a"/>
      </object_component>
      <object_component id="oc-ed">
         <name>.text</name>
         <load_address>0x283c3</load_address>
         <run_address>0x283c3</run_address>
         <size>0x1a</size>
         <input_file_ref idref="fl-36"/>
      </object_component>
      <object_component id="oc-10f">
         <name>.text</name>
         <load_address>0x283dd</load_address>
         <run_address>0x283dd</run_address>
         <size>0x14</size>
         <input_file_ref idref="fl-3e"/>
      </object_component>
      <object_component id="oc-9d">
         <name>.text</name>
         <load_address>0x283f1</load_address>
         <run_address>0x283f1</run_address>
         <size>0x13</size>
         <input_file_ref idref="fl-23"/>
      </object_component>
      <object_component id="oc-b1">
         <name>.text</name>
         <load_address>0x28404</load_address>
         <run_address>0x28404</run_address>
         <size>0x12</size>
         <input_file_ref idref="fl-28"/>
      </object_component>
      <object_component id="oc-107">
         <name>.text</name>
         <load_address>0x28416</load_address>
         <run_address>0x28416</run_address>
         <size>0x10</size>
         <input_file_ref idref="fl-3c"/>
      </object_component>
      <object_component id="oc-14b">
         <name>.text</name>
         <load_address>0x28426</load_address>
         <run_address>0x28426</run_address>
         <size>0xa</size>
         <input_file_ref idref="fl-4b"/>
      </object_component>
      <object_component id="oc-92">
         <name>.text:CIO_breakpoint</name>
         <load_address>0x28430</load_address>
         <run_address>0x28430</run_address>
         <size>0x7</size>
         <input_file_ref idref="fl-20"/>
      </object_component>
      <object_component id="oc-ad">
         <name>.text</name>
         <load_address>0x28437</load_address>
         <run_address>0x28437</run_address>
         <size>0x2</size>
         <input_file_ref idref="fl-27"/>
      </object_component>
      <object_component id="oc-86">
         <name>.stack</name>
         <uninitialized>true</uninitialized>
         <run_address>0xc0</run_address>
         <size>0x0</size>
         <input_file_ref idref="fl-1e"/>
      </object_component>
      <object_component id="oc-16b">
         <name>.stack</name>
         <uninitialized>true</uninitialized>
         <run_address>0xc0</run_address>
         <size>0x0</size>
      </object_component>
      <object_component id="oc-14f">
         <name>.sysstack</name>
         <uninitialized>true</uninitialized>
         <run_address>0x20c0</run_address>
         <size>0x0</size>
         <input_file_ref idref="fl-1e"/>
      </object_component>
      <object_component id="oc-16d">
         <name>.sysstack</name>
         <uninitialized>true</uninitialized>
         <run_address>0x20c0</run_address>
         <size>0x0</size>
      </object_component>
      <object_component id="oc-1f">
         <name>.bss</name>
         <uninitialized>true</uninitialized>
         <run_address>0x50c0</run_address>
         <size>0x810</size>
         <input_file_ref idref="fl-4"/>
      </object_component>
      <object_component id="oc-2b">
         <name>.bss</name>
         <uninitialized>true</uninitialized>
         <run_address>0x58d0</run_address>
         <size>0x23c</size>
         <input_file_ref idref="fl-6"/>
      </object_component>
      <object_component id="oc-cf">
         <name>.bss</name>
         <uninitialized>true</uninitialized>
         <run_address>0x5b0c</run_address>
         <size>0x232</size>
         <input_file_ref idref="fl-2f"/>
      </object_component>
      <object_component id="oc-114">
         <name>.bss</name>
         <uninitialized>true</uninitialized>
         <run_address>0x5d3e</run_address>
         <size>0x1a0</size>
         <input_file_ref idref="fl-3f"/>
      </object_component>
      <object_component id="oc-13b">
         <name>.bss</name>
         <uninitialized>true</uninitialized>
         <run_address>0x5ede</run_address>
         <size>0x2</size>
         <input_file_ref idref="fl-48"/>
      </object_component>
      <object_component id="oc-6f">
         <name>.bss</name>
         <uninitialized>true</uninitialized>
         <run_address>0x5ee0</run_address>
         <size>0x108</size>
         <input_file_ref idref="fl-1a"/>
      </object_component>
      <object_component id="oc-f6">
         <name>.bss</name>
         <uninitialized>true</uninitialized>
         <run_address>0x5fe8</run_address>
         <size>0xe2</size>
         <input_file_ref idref="fl-38"/>
      </object_component>
      <object_component id="oc-75">
         <name>.bss</name>
         <uninitialized>true</uninitialized>
         <run_address>0x60ca</run_address>
         <size>0x54</size>
         <input_file_ref idref="fl-1b"/>
      </object_component>
      <object_component id="oc-7c">
         <name>.bss</name>
         <uninitialized>true</uninitialized>
         <run_address>0x6120</run_address>
         <size>0x24</size>
         <input_file_ref idref="fl-1c"/>
      </object_component>
      <object_component id="oc-3f">
         <name>.bss</name>
         <uninitialized>true</uninitialized>
         <run_address>0x6144</run_address>
         <size>0x10</size>
         <input_file_ref idref="fl-11"/>
      </object_component>
      <object_component id="oc-141">
         <name>.bss</name>
         <uninitialized>true</uninitialized>
         <run_address>0x6154</run_address>
         <size>0xc</size>
         <input_file_ref idref="fl-49"/>
      </object_component>
      <object_component id="oc-56">
         <name>.bss</name>
         <uninitialized>true</uninitialized>
         <run_address>0x6160</run_address>
         <size>0x8</size>
         <input_file_ref idref="fl-15"/>
      </object_component>
      <object_component id="oc-b2">
         <name>.bss</name>
         <uninitialized>true</uninitialized>
         <run_address>0x6168</run_address>
         <size>0x8</size>
         <input_file_ref idref="fl-28"/>
      </object_component>
      <object_component id="oc-8f">
         <name>.bss</name>
         <uninitialized>true</uninitialized>
         <run_address>0x6170</run_address>
         <size>0x8</size>
         <input_file_ref idref="fl-20"/>
      </object_component>
      <object_component id="oc-13">
         <name>.bss</name>
         <uninitialized>true</uninitialized>
         <run_address>0x6178</run_address>
         <size>0x4</size>
         <input_file_ref idref="fl-2"/>
      </object_component>
      <object_component id="oc-4b">
         <name>.bss</name>
         <uninitialized>true</uninitialized>
         <run_address>0x617c</run_address>
         <size>0x4</size>
         <input_file_ref idref="fl-13"/>
      </object_component>
      <object_component id="oc-1a">
         <name>.const:.string</name>
         <load_address>0x6180</load_address>
         <run_address>0x6180</run_address>
         <size>0x2e8</size>
         <input_file_ref idref="fl-3"/>
      </object_component>
      <object_component id="oc-152">
         <name>.const:__ctypes_</name>
         <load_address>0x6468</load_address>
         <run_address>0x6468</run_address>
         <size>0x202</size>
         <input_file_ref idref="fl-2e"/>
      </object_component>
      <object_component id="oc-151">
         <name>.const:_consolas_8ptBitmaps</name>
         <load_address>0x666a</load_address>
         <run_address>0x666a</run_address>
         <size>0xc0</size>
         <input_file_ref idref="fl-7"/>
      </object_component>
      <object_component id="oc-34">
         <name>.const</name>
         <load_address>0x672a</load_address>
         <run_address>0x672a</run_address>
         <size>0x2</size>
         <input_file_ref idref="fl-7"/>
      </object_component>
      <object_component id="oc-ba">
         <name>.const:.string</name>
         <load_address>0x672c</load_address>
         <run_address>0x672c</run_address>
         <size>0x48</size>
         <input_file_ref idref="fl-29"/>
      </object_component>
      <object_component id="oc-2e">
         <name>.const:.string</name>
         <load_address>0x6774</load_address>
         <run_address>0x6774</run_address>
         <size>0x3e</size>
         <input_file_ref idref="fl-6"/>
      </object_component>
      <object_component id="oc-b9">
         <name>.const</name>
         <load_address>0x67b4</load_address>
         <run_address>0x67b4</run_address>
         <size>0x18</size>
         <input_file_ref idref="fl-29"/>
      </object_component>
      <object_component id="oc-153">
         <name>.const:_initial_approx$1</name>
         <load_address>0x67cc</load_address>
         <run_address>0x67cc</run_address>
         <size>0x10</size>
         <input_file_ref idref="fl-30"/>
      </object_component>
      <object_component id="oc-2d">
         <name>.const</name>
         <load_address>0x67dc</load_address>
         <run_address>0x67dc</run_address>
         <size>0x8</size>
         <input_file_ref idref="fl-6"/>
      </object_component>
      <object_component id="oc-e2">
         <name>.const:.string</name>
         <load_address>0x67e4</load_address>
         <run_address>0x67e4</run_address>
         <size>0x4</size>
         <input_file_ref idref="fl-33"/>
      </object_component>
      <object_component id="oc-3a">
         <name>.const</name>
         <load_address>0x67e8</load_address>
         <run_address>0x67e8</run_address>
         <size>0x4</size>
         <input_file_ref idref="fl-8"/>
      </object_component>
      <object_component id="oc-d9">
         <name>.const</name>
         <load_address>0x67ec</load_address>
         <run_address>0x67ec</run_address>
         <size>0x4</size>
         <input_file_ref idref="fl-31"/>
      </object_component>
      <object_component id="oc-144">
         <name>.sysmem</name>
         <uninitialized>true</uninitialized>
         <run_address>0x30c0</run_address>
         <size>0x0</size>
         <input_file_ref idref="fl-49"/>
      </object_component>
      <object_component id="oc-16c">
         <name>.sysmem</name>
         <uninitialized>true</uninitialized>
         <run_address>0x30c0</run_address>
         <size>0x0</size>
      </object_component>
      <object_component id="oc-150">
         <name>.switch:_printChar</name>
         <load_address>0x40350</load_address>
         <run_address>0x40350</run_address>
         <size>0x28</size>
         <input_file_ref idref="fl-7"/>
      </object_component>
      <object_component id="oc-f8">
         <name>.cinit</name>
         <load_address>0x40240</load_address>
         <run_address>0x40240</run_address>
         <size>0x5a</size>
         <input_file_ref idref="fl-38"/>
      </object_component>
      <object_component id="oc-d1">
         <name>.cinit</name>
         <load_address>0x4029a</load_address>
         <run_address>0x4029a</run_address>
         <size>0x54</size>
         <input_file_ref idref="fl-2f"/>
      </object_component>
      <object_component id="oc-41">
         <name>.cinit</name>
         <load_address>0x402ee</load_address>
         <run_address>0x402ee</run_address>
         <size>0x18</size>
         <input_file_ref idref="fl-11"/>
      </object_component>
      <object_component id="oc-b4">
         <name>.cinit</name>
         <load_address>0x40306</load_address>
         <run_address>0x40306</run_address>
         <size>0x14</size>
         <input_file_ref idref="fl-28"/>
      </object_component>
      <object_component id="oc-91">
         <name>.cinit</name>
         <load_address>0x4031a</load_address>
         <run_address>0x4031a</run_address>
         <size>0x14</size>
         <input_file_ref idref="fl-20"/>
      </object_component>
      <object_component id="oc-77">
         <name>.cinit</name>
         <load_address>0x4032e</load_address>
         <run_address>0x4032e</run_address>
         <size>0x10</size>
         <input_file_ref idref="fl-1b"/>
      </object_component>
      <object_component id="oc-13d">
         <name>.cinit</name>
         <load_address>0x4033e</load_address>
         <run_address>0x4033e</run_address>
         <size>0x8</size>
         <input_file_ref idref="fl-48"/>
      </object_component>
      <object_component id="oc-143">
         <name>.cinit</name>
         <load_address>0x40346</load_address>
         <run_address>0x40346</run_address>
         <size>0x8</size>
         <input_file_ref idref="fl-49"/>
      </object_component>
      <object_component id="oc-11a">
         <name>.cio</name>
         <uninitialized>true</uninitialized>
         <run_address>0x40000</run_address>
         <size>0x240</size>
         <input_file_ref idref="fl-40"/>
      </object_component>
      <object_component id="oc-61">
         <name>vectors</name>
         <load_address>0x4fe00</load_address>
         <run_address>0x4fe00</run_address>
         <size>0x100</size>
         <input_file_ref idref="fl-17"/>
      </object_component>
      <object_component id="oc-11">
         <name>vectors</name>
         <load_address>0x4ff00</load_address>
         <run_address>0x4ff00</run_address>
         <size>0x100</size>
         <input_file_ref idref="fl-27"/>
      </object_component>
      <object_component id="oc-14">
         <name>.debug_info</name>
         <load_address>0x0</load_address>
         <run_address>0x0</run_address>
         <size>0xc73</size>
         <input_file_ref idref="fl-2"/>
      </object_component>
      <object_component id="oc-19">
         <name>.debug_info</name>
         <load_address>0xc73</load_address>
         <run_address>0xc73</run_address>
         <size>0x1bca</size>
         <input_file_ref idref="fl-3"/>
      </object_component>
      <object_component id="oc-20">
         <name>.debug_info</name>
         <load_address>0x283d</load_address>
         <run_address>0x283d</run_address>
         <size>0x105d</size>
         <input_file_ref idref="fl-4"/>
      </object_component>
      <object_component id="oc-26">
         <name>.debug_info</name>
         <load_address>0x389a</load_address>
         <run_address>0x389a</run_address>
         <size>0x77a</size>
         <input_file_ref idref="fl-5"/>
      </object_component>
      <object_component id="oc-2c">
         <name>.debug_info</name>
         <load_address>0x4014</load_address>
         <run_address>0x4014</run_address>
         <size>0xb58</size>
         <input_file_ref idref="fl-6"/>
      </object_component>
      <object_component id="oc-33">
         <name>.debug_info</name>
         <load_address>0x4b6c</load_address>
         <run_address>0x4b6c</run_address>
         <size>0xcfc</size>
         <input_file_ref idref="fl-7"/>
      </object_component>
      <object_component id="oc-39">
         <name>.debug_info</name>
         <load_address>0x5868</load_address>
         <run_address>0x5868</run_address>
         <size>0xa65</size>
         <input_file_ref idref="fl-8"/>
      </object_component>
      <object_component id="oc-40">
         <name>.debug_info</name>
         <load_address>0x62cd</load_address>
         <run_address>0x62cd</run_address>
         <size>0x6384</size>
         <input_file_ref idref="fl-11"/>
      </object_component>
      <object_component id="oc-46">
         <name>.debug_info</name>
         <load_address>0xc651</load_address>
         <run_address>0xc651</run_address>
         <size>0x5f6b</size>
         <input_file_ref idref="fl-12"/>
      </object_component>
      <object_component id="oc-4c">
         <name>.debug_info</name>
         <load_address>0x125bc</load_address>
         <run_address>0x125bc</run_address>
         <size>0x6979</size>
         <input_file_ref idref="fl-13"/>
      </object_component>
      <object_component id="oc-51">
         <name>.debug_info</name>
         <load_address>0x18f35</load_address>
         <run_address>0x18f35</run_address>
         <size>0x65d7</size>
         <input_file_ref idref="fl-14"/>
      </object_component>
      <object_component id="oc-57">
         <name>.debug_info</name>
         <load_address>0x1f50c</load_address>
         <run_address>0x1f50c</run_address>
         <size>0x63d2</size>
         <input_file_ref idref="fl-15"/>
      </object_component>
      <object_component id="oc-5c">
         <name>.debug_info</name>
         <load_address>0x258de</load_address>
         <run_address>0x258de</run_address>
         <size>0x5896</size>
         <input_file_ref idref="fl-16"/>
      </object_component>
      <object_component id="oc-62">
         <name>.debug_info</name>
         <load_address>0x2b174</load_address>
         <run_address>0x2b174</run_address>
         <size>0x1a4</size>
         <input_file_ref idref="fl-17"/>
      </object_component>
      <object_component id="oc-66">
         <name>.debug_info</name>
         <load_address>0x2b318</load_address>
         <run_address>0x2b318</run_address>
         <size>0x6ebb</size>
         <input_file_ref idref="fl-18"/>
      </object_component>
      <object_component id="oc-6b">
         <name>.debug_info</name>
         <load_address>0x321d3</load_address>
         <run_address>0x321d3</run_address>
         <size>0x18e</size>
         <input_file_ref idref="fl-19"/>
      </object_component>
      <object_component id="oc-70">
         <name>.debug_info</name>
         <load_address>0x32361</load_address>
         <run_address>0x32361</run_address>
         <size>0x6f61</size>
         <input_file_ref idref="fl-1a"/>
      </object_component>
      <object_component id="oc-76">
         <name>.debug_info</name>
         <load_address>0x392c2</load_address>
         <run_address>0x392c2</run_address>
         <size>0x710f</size>
         <input_file_ref idref="fl-1b"/>
      </object_component>
      <object_component id="oc-7d">
         <name>.debug_info</name>
         <load_address>0x403d1</load_address>
         <run_address>0x403d1</run_address>
         <size>0x7424</size>
         <input_file_ref idref="fl-1c"/>
      </object_component>
      <object_component id="oc-82">
         <name>.debug_info</name>
         <load_address>0x477f5</load_address>
         <run_address>0x477f5</run_address>
         <size>0x6ced</size>
         <input_file_ref idref="fl-1d"/>
      </object_component>
      <object_component id="oc-87">
         <name>.debug_info</name>
         <load_address>0x4e4e2</load_address>
         <run_address>0x4e4e2</run_address>
         <size>0xe8</size>
         <input_file_ref idref="fl-1e"/>
      </object_component>
      <object_component id="oc-8b">
         <name>.debug_info</name>
         <load_address>0x4e5ca</load_address>
         <run_address>0x4e5ca</run_address>
         <size>0x534</size>
         <input_file_ref idref="fl-1f"/>
      </object_component>
      <object_component id="oc-90">
         <name>.debug_info</name>
         <load_address>0x4eafe</load_address>
         <run_address>0x4eafe</run_address>
         <size>0x5fb</size>
         <input_file_ref idref="fl-20"/>
      </object_component>
      <object_component id="oc-96">
         <name>.debug_info</name>
         <load_address>0x4f0f9</load_address>
         <run_address>0x4f0f9</run_address>
         <size>0x4cf</size>
         <input_file_ref idref="fl-21"/>
      </object_component>
      <object_component id="oc-9a">
         <name>.debug_info</name>
         <load_address>0x4f5c8</load_address>
         <run_address>0x4f5c8</run_address>
         <size>0x534</size>
         <input_file_ref idref="fl-22"/>
      </object_component>
      <object_component id="oc-9e">
         <name>.debug_info</name>
         <load_address>0x4fafc</load_address>
         <run_address>0x4fafc</run_address>
         <size>0xbd</size>
         <input_file_ref idref="fl-23"/>
      </object_component>
      <object_component id="oc-a2">
         <name>.debug_info</name>
         <load_address>0x4fbb9</load_address>
         <run_address>0x4fbb9</run_address>
         <size>0x55b</size>
         <input_file_ref idref="fl-24"/>
      </object_component>
      <object_component id="oc-a6">
         <name>.debug_info</name>
         <load_address>0x50114</load_address>
         <run_address>0x50114</run_address>
         <size>0x76c</size>
         <input_file_ref idref="fl-25"/>
      </object_component>
      <object_component id="oc-aa">
         <name>.debug_info</name>
         <load_address>0x50880</load_address>
         <run_address>0x50880</run_address>
         <size>0x534</size>
         <input_file_ref idref="fl-26"/>
      </object_component>
      <object_component id="oc-ae">
         <name>.debug_info</name>
         <load_address>0x50db4</load_address>
         <run_address>0x50db4</run_address>
         <size>0xbc</size>
         <input_file_ref idref="fl-27"/>
      </object_component>
      <object_component id="oc-b3">
         <name>.debug_info</name>
         <load_address>0x50e70</load_address>
         <run_address>0x50e70</run_address>
         <size>0x5bc</size>
         <input_file_ref idref="fl-28"/>
      </object_component>
      <object_component id="oc-b8">
         <name>.debug_info</name>
         <load_address>0x5142c</load_address>
         <run_address>0x5142c</run_address>
         <size>0x27bd</size>
         <input_file_ref idref="fl-29"/>
      </object_component>
      <object_component id="oc-be">
         <name>.debug_info</name>
         <load_address>0x53be9</load_address>
         <run_address>0x53be9</run_address>
         <size>0x586</size>
         <input_file_ref idref="fl-2a"/>
      </object_component>
      <object_component id="oc-c2">
         <name>.debug_info</name>
         <load_address>0x5416f</load_address>
         <run_address>0x5416f</run_address>
         <size>0x5a4</size>
         <input_file_ref idref="fl-2b"/>
      </object_component>
      <object_component id="oc-c6">
         <name>.debug_info</name>
         <load_address>0x54713</load_address>
         <run_address>0x54713</run_address>
         <size>0xcd</size>
         <input_file_ref idref="fl-2c"/>
      </object_component>
      <object_component id="oc-ca">
         <name>.debug_info</name>
         <load_address>0x547e0</load_address>
         <run_address>0x547e0</run_address>
         <size>0x81f</size>
         <input_file_ref idref="fl-2d"/>
      </object_component>
      <object_component id="oc-cd">
         <name>.debug_info</name>
         <load_address>0x54fff</load_address>
         <run_address>0x54fff</run_address>
         <size>0x498</size>
         <input_file_ref idref="fl-2e"/>
      </object_component>
      <object_component id="oc-d0">
         <name>.debug_info</name>
         <load_address>0x55497</load_address>
         <run_address>0x55497</run_address>
         <size>0x57e</size>
         <input_file_ref idref="fl-2f"/>
      </object_component>
      <object_component id="oc-d4">
         <name>.debug_info</name>
         <load_address>0x55a15</load_address>
         <run_address>0x55a15</run_address>
         <size>0x7e8</size>
         <input_file_ref idref="fl-30"/>
      </object_component>
      <object_component id="oc-d8">
         <name>.debug_info</name>
         <load_address>0x561fd</load_address>
         <run_address>0x561fd</run_address>
         <size>0x549</size>
         <input_file_ref idref="fl-31"/>
      </object_component>
      <object_component id="oc-dd">
         <name>.debug_info</name>
         <load_address>0x56746</load_address>
         <run_address>0x56746</run_address>
         <size>0x6aa</size>
         <input_file_ref idref="fl-32"/>
      </object_component>
      <object_component id="oc-e1">
         <name>.debug_info</name>
         <load_address>0x56df0</load_address>
         <run_address>0x56df0</run_address>
         <size>0x942</size>
         <input_file_ref idref="fl-33"/>
      </object_component>
      <object_component id="oc-e6">
         <name>.debug_info</name>
         <load_address>0x57732</load_address>
         <run_address>0x57732</run_address>
         <size>0x4d2</size>
         <input_file_ref idref="fl-34"/>
      </object_component>
      <object_component id="oc-ea">
         <name>.debug_info</name>
         <load_address>0x57c04</load_address>
         <run_address>0x57c04</run_address>
         <size>0x53e</size>
         <input_file_ref idref="fl-35"/>
      </object_component>
      <object_component id="oc-ee">
         <name>.debug_info</name>
         <load_address>0x58142</load_address>
         <run_address>0x58142</run_address>
         <size>0x680</size>
         <input_file_ref idref="fl-36"/>
      </object_component>
      <object_component id="oc-f2">
         <name>.debug_info</name>
         <load_address>0x587c2</load_address>
         <run_address>0x587c2</run_address>
         <size>0x7d4</size>
         <input_file_ref idref="fl-37"/>
      </object_component>
      <object_component id="oc-f7">
         <name>.debug_info</name>
         <load_address>0x58f96</load_address>
         <run_address>0x58f96</run_address>
         <size>0x144b</size>
         <input_file_ref idref="fl-38"/>
      </object_component>
      <object_component id="oc-fc">
         <name>.debug_info</name>
         <load_address>0x5a3e1</load_address>
         <run_address>0x5a3e1</run_address>
         <size>0x5ad</size>
         <input_file_ref idref="fl-39"/>
      </object_component>
      <object_component id="oc-100">
         <name>.debug_info</name>
         <load_address>0x5a98e</load_address>
         <run_address>0x5a98e</run_address>
         <size>0x574</size>
         <input_file_ref idref="fl-3a"/>
      </object_component>
      <object_component id="oc-104">
         <name>.debug_info</name>
         <load_address>0x5af02</load_address>
         <run_address>0x5af02</run_address>
         <size>0xd1</size>
         <input_file_ref idref="fl-3b"/>
      </object_component>
      <object_component id="oc-108">
         <name>.debug_info</name>
         <load_address>0x5afd3</load_address>
         <run_address>0x5afd3</run_address>
         <size>0x4b7</size>
         <input_file_ref idref="fl-3c"/>
      </object_component>
      <object_component id="oc-10c">
         <name>.debug_info</name>
         <load_address>0x5b48a</load_address>
         <run_address>0x5b48a</run_address>
         <size>0x4f2</size>
         <input_file_ref idref="fl-3d"/>
      </object_component>
      <object_component id="oc-110">
         <name>.debug_info</name>
         <load_address>0x5b97c</load_address>
         <run_address>0x5b97c</run_address>
         <size>0x4de</size>
         <input_file_ref idref="fl-3e"/>
      </object_component>
      <object_component id="oc-115">
         <name>.debug_info</name>
         <load_address>0x5be5a</load_address>
         <run_address>0x5be5a</run_address>
         <size>0xed4</size>
         <input_file_ref idref="fl-3f"/>
      </object_component>
      <object_component id="oc-119">
         <name>.debug_info</name>
         <load_address>0x5cd2e</load_address>
         <run_address>0x5cd2e</run_address>
         <size>0x744</size>
         <input_file_ref idref="fl-40"/>
      </object_component>
      <object_component id="oc-11f">
         <name>.debug_info</name>
         <load_address>0x5d472</load_address>
         <run_address>0x5d472</run_address>
         <size>0xef</size>
         <input_file_ref idref="fl-41"/>
      </object_component>
      <object_component id="oc-123">
         <name>.debug_info</name>
         <load_address>0x5d561</load_address>
         <run_address>0x5d561</run_address>
         <size>0x662</size>
         <input_file_ref idref="fl-42"/>
      </object_component>
      <object_component id="oc-127">
         <name>.debug_info</name>
         <load_address>0x5dbc3</load_address>
         <run_address>0x5dbc3</run_address>
         <size>0x5ab</size>
         <input_file_ref idref="fl-43"/>
      </object_component>
      <object_component id="oc-12b">
         <name>.debug_info</name>
         <load_address>0x5e16e</load_address>
         <run_address>0x5e16e</run_address>
         <size>0x4f2</size>
         <input_file_ref idref="fl-44"/>
      </object_component>
      <object_component id="oc-12f">
         <name>.debug_info</name>
         <load_address>0x5e660</load_address>
         <run_address>0x5e660</run_address>
         <size>0x706</size>
         <input_file_ref idref="fl-45"/>
      </object_component>
      <object_component id="oc-133">
         <name>.debug_info</name>
         <load_address>0x5ed66</load_address>
         <run_address>0x5ed66</run_address>
         <size>0x5f7</size>
         <input_file_ref idref="fl-46"/>
      </object_component>
      <object_component id="oc-137">
         <name>.debug_info</name>
         <load_address>0x5f35d</load_address>
         <run_address>0x5f35d</run_address>
         <size>0x64a</size>
         <input_file_ref idref="fl-47"/>
      </object_component>
      <object_component id="oc-13c">
         <name>.debug_info</name>
         <load_address>0x5f9a7</load_address>
         <run_address>0x5f9a7</run_address>
         <size>0xa1c</size>
         <input_file_ref idref="fl-48"/>
      </object_component>
      <object_component id="oc-142">
         <name>.debug_info</name>
         <load_address>0x603c3</load_address>
         <run_address>0x603c3</run_address>
         <size>0xb97</size>
         <input_file_ref idref="fl-49"/>
      </object_component>
      <object_component id="oc-148">
         <name>.debug_info</name>
         <load_address>0x60f5a</load_address>
         <run_address>0x60f5a</run_address>
         <size>0x64f</size>
         <input_file_ref idref="fl-4a"/>
      </object_component>
      <object_component id="oc-14c">
         <name>.debug_info</name>
         <load_address>0x615a9</load_address>
         <run_address>0x615a9</run_address>
         <size>0x510</size>
         <input_file_ref idref="fl-4b"/>
      </object_component>
      <object_component id="oc-174">
         <name>.debug_info</name>
         <load_address>0x61ab9</load_address>
         <run_address>0x61ab9</run_address>
         <size>0x6e</size>
      </object_component>
      <object_component id="oc-15">
         <name>.debug_frame</name>
         <load_address>0x0</load_address>
         <run_address>0x0</run_address>
         <size>0x171</size>
         <input_file_ref idref="fl-2"/>
      </object_component>
      <object_component id="oc-1b">
         <name>.debug_frame</name>
         <load_address>0x171</load_address>
         <run_address>0x171</run_address>
         <size>0x121</size>
         <input_file_ref idref="fl-3"/>
      </object_component>
      <object_component id="oc-22">
         <name>.debug_frame</name>
         <load_address>0x292</load_address>
         <run_address>0x292</run_address>
         <size>0x16a</size>
         <input_file_ref idref="fl-4"/>
      </object_component>
      <object_component id="oc-27">
         <name>.debug_frame</name>
         <load_address>0x3fc</load_address>
         <run_address>0x3fc</run_address>
         <size>0x102</size>
         <input_file_ref idref="fl-5"/>
      </object_component>
      <object_component id="oc-2f">
         <name>.debug_frame</name>
         <load_address>0x4fe</load_address>
         <run_address>0x4fe</run_address>
         <size>0xec</size>
         <input_file_ref idref="fl-6"/>
      </object_component>
      <object_component id="oc-35">
         <name>.debug_frame</name>
         <load_address>0x5ea</load_address>
         <run_address>0x5ea</run_address>
         <size>0x13b</size>
         <input_file_ref idref="fl-7"/>
      </object_component>
      <object_component id="oc-3b">
         <name>.debug_frame</name>
         <load_address>0x725</load_address>
         <run_address>0x725</run_address>
         <size>0x155</size>
         <input_file_ref idref="fl-8"/>
      </object_component>
      <object_component id="oc-42">
         <name>.debug_frame</name>
         <load_address>0x87a</load_address>
         <run_address>0x87a</run_address>
         <size>0x102</size>
         <input_file_ref idref="fl-11"/>
      </object_component>
      <object_component id="oc-47">
         <name>.debug_frame</name>
         <load_address>0x97c</load_address>
         <run_address>0x97c</run_address>
         <size>0x13a</size>
         <input_file_ref idref="fl-12"/>
      </object_component>
      <object_component id="oc-4d">
         <name>.debug_frame</name>
         <load_address>0xab6</load_address>
         <run_address>0xab6</run_address>
         <size>0x171</size>
         <input_file_ref idref="fl-13"/>
      </object_component>
      <object_component id="oc-52">
         <name>.debug_frame</name>
         <load_address>0xc27</load_address>
         <run_address>0xc27</run_address>
         <size>0x138</size>
         <input_file_ref idref="fl-14"/>
      </object_component>
      <object_component id="oc-58">
         <name>.debug_frame</name>
         <load_address>0xd5f</load_address>
         <run_address>0xd5f</run_address>
         <size>0x138</size>
         <input_file_ref idref="fl-15"/>
      </object_component>
      <object_component id="oc-5d">
         <name>.debug_frame</name>
         <load_address>0xe97</load_address>
         <run_address>0xe97</run_address>
         <size>0x116</size>
         <input_file_ref idref="fl-16"/>
      </object_component>
      <object_component id="oc-67">
         <name>.debug_frame</name>
         <load_address>0xfad</load_address>
         <run_address>0xfad</run_address>
         <size>0x272</size>
         <input_file_ref idref="fl-18"/>
      </object_component>
      <object_component id="oc-71">
         <name>.debug_frame</name>
         <load_address>0x121f</load_address>
         <run_address>0x121f</run_address>
         <size>0x2a1</size>
         <input_file_ref idref="fl-1a"/>
      </object_component>
      <object_component id="oc-78">
         <name>.debug_frame</name>
         <load_address>0x14c0</load_address>
         <run_address>0x14c0</run_address>
         <size>0x197</size>
         <input_file_ref idref="fl-1b"/>
      </object_component>
      <object_component id="oc-7e">
         <name>.debug_frame</name>
         <load_address>0x1657</load_address>
         <run_address>0x1657</run_address>
         <size>0x1ef</size>
         <input_file_ref idref="fl-1c"/>
      </object_component>
      <object_component id="oc-83">
         <name>.debug_frame</name>
         <load_address>0x1846</load_address>
         <run_address>0x1846</run_address>
         <size>0x224</size>
         <input_file_ref idref="fl-1d"/>
      </object_component>
      <object_component id="oc-16">
         <name>.debug_line</name>
         <load_address>0x0</load_address>
         <run_address>0x0</run_address>
         <size>0xd0</size>
         <input_file_ref idref="fl-2"/>
      </object_component>
      <object_component id="oc-1c">
         <name>.debug_line</name>
         <load_address>0xd0</load_address>
         <run_address>0xd0</run_address>
         <size>0x253</size>
         <input_file_ref idref="fl-3"/>
      </object_component>
      <object_component id="oc-23">
         <name>.debug_line</name>
         <load_address>0x323</load_address>
         <run_address>0x323</run_address>
         <size>0x198</size>
         <input_file_ref idref="fl-4"/>
      </object_component>
      <object_component id="oc-28">
         <name>.debug_line</name>
         <load_address>0x4bb</load_address>
         <run_address>0x4bb</run_address>
         <size>0x6e</size>
         <input_file_ref idref="fl-5"/>
      </object_component>
      <object_component id="oc-30">
         <name>.debug_line</name>
         <load_address>0x529</load_address>
         <run_address>0x529</run_address>
         <size>0x91</size>
         <input_file_ref idref="fl-6"/>
      </object_component>
      <object_component id="oc-36">
         <name>.debug_line</name>
         <load_address>0x5ba</load_address>
         <run_address>0x5ba</run_address>
         <size>0x1d6</size>
         <input_file_ref idref="fl-7"/>
      </object_component>
      <object_component id="oc-3c">
         <name>.debug_line</name>
         <load_address>0x790</load_address>
         <run_address>0x790</run_address>
         <size>0xb2</size>
         <input_file_ref idref="fl-8"/>
      </object_component>
      <object_component id="oc-43">
         <name>.debug_line</name>
         <load_address>0x842</load_address>
         <run_address>0x842</run_address>
         <size>0x66e</size>
         <input_file_ref idref="fl-11"/>
      </object_component>
      <object_component id="oc-48">
         <name>.debug_line</name>
         <load_address>0xeb0</load_address>
         <run_address>0xeb0</run_address>
         <size>0x6ca</size>
         <input_file_ref idref="fl-12"/>
      </object_component>
      <object_component id="oc-4e">
         <name>.debug_line</name>
         <load_address>0x157a</load_address>
         <run_address>0x157a</run_address>
         <size>0x69c</size>
         <input_file_ref idref="fl-13"/>
      </object_component>
      <object_component id="oc-53">
         <name>.debug_line</name>
         <load_address>0x1c16</load_address>
         <run_address>0x1c16</run_address>
         <size>0x659</size>
         <input_file_ref idref="fl-14"/>
      </object_component>
      <object_component id="oc-59">
         <name>.debug_line</name>
         <load_address>0x226f</load_address>
         <run_address>0x226f</run_address>
         <size>0x653</size>
         <input_file_ref idref="fl-15"/>
      </object_component>
      <object_component id="oc-5e">
         <name>.debug_line</name>
         <load_address>0x28c2</load_address>
         <run_address>0x28c2</run_address>
         <size>0x59c</size>
         <input_file_ref idref="fl-16"/>
      </object_component>
      <object_component id="oc-63">
         <name>.debug_line</name>
         <load_address>0x2e5e</load_address>
         <run_address>0x2e5e</run_address>
         <size>0xa8</size>
         <input_file_ref idref="fl-17"/>
      </object_component>
      <object_component id="oc-68">
         <name>.debug_line</name>
         <load_address>0x2f06</load_address>
         <run_address>0x2f06</run_address>
         <size>0x94b</size>
         <input_file_ref idref="fl-18"/>
      </object_component>
      <object_component id="oc-6c">
         <name>.debug_line</name>
         <load_address>0x3851</load_address>
         <run_address>0x3851</run_address>
         <size>0xab</size>
         <input_file_ref idref="fl-19"/>
      </object_component>
      <object_component id="oc-72">
         <name>.debug_line</name>
         <load_address>0x38fc</load_address>
         <run_address>0x38fc</run_address>
         <size>0x83c</size>
         <input_file_ref idref="fl-1a"/>
      </object_component>
      <object_component id="oc-79">
         <name>.debug_line</name>
         <load_address>0x4138</load_address>
         <run_address>0x4138</run_address>
         <size>0x94c</size>
         <input_file_ref idref="fl-1b"/>
      </object_component>
      <object_component id="oc-7f">
         <name>.debug_line</name>
         <load_address>0x4a84</load_address>
         <run_address>0x4a84</run_address>
         <size>0x96d</size>
         <input_file_ref idref="fl-1c"/>
      </object_component>
      <object_component id="oc-84">
         <name>.debug_line</name>
         <load_address>0x53f1</load_address>
         <run_address>0x53f1</run_address>
         <size>0x7c8</size>
         <input_file_ref idref="fl-1d"/>
      </object_component>
      <object_component id="oc-88">
         <name>.debug_line</name>
         <load_address>0x5bb9</load_address>
         <run_address>0x5bb9</run_address>
         <size>0x54</size>
         <input_file_ref idref="fl-1e"/>
      </object_component>
      <object_component id="oc-8c">
         <name>.debug_line</name>
         <load_address>0x5c0d</load_address>
         <run_address>0x5c0d</run_address>
         <size>0x44</size>
         <input_file_ref idref="fl-1f"/>
      </object_component>
      <object_component id="oc-93">
         <name>.debug_line</name>
         <load_address>0x5c51</load_address>
         <run_address>0x5c51</run_address>
         <size>0x51</size>
         <input_file_ref idref="fl-20"/>
      </object_component>
      <object_component id="oc-97">
         <name>.debug_line</name>
         <load_address>0x5ca2</load_address>
         <run_address>0x5ca2</run_address>
         <size>0x3d</size>
         <input_file_ref idref="fl-21"/>
      </object_component>
      <object_component id="oc-9b">
         <name>.debug_line</name>
         <load_address>0x5cdf</load_address>
         <run_address>0x5cdf</run_address>
         <size>0x3d</size>
         <input_file_ref idref="fl-22"/>
      </object_component>
      <object_component id="oc-9f">
         <name>.debug_line</name>
         <load_address>0x5d1c</load_address>
         <run_address>0x5d1c</run_address>
         <size>0x3c</size>
         <input_file_ref idref="fl-23"/>
      </object_component>
      <object_component id="oc-a3">
         <name>.debug_line</name>
         <load_address>0x5d58</load_address>
         <run_address>0x5d58</run_address>
         <size>0x3c</size>
         <input_file_ref idref="fl-24"/>
      </object_component>
      <object_component id="oc-a7">
         <name>.debug_line</name>
         <load_address>0x5d94</load_address>
         <run_address>0x5d94</run_address>
         <size>0x69</size>
         <input_file_ref idref="fl-25"/>
      </object_component>
      <object_component id="oc-ab">
         <name>.debug_line</name>
         <load_address>0x5dfd</load_address>
         <run_address>0x5dfd</run_address>
         <size>0x44</size>
         <input_file_ref idref="fl-26"/>
      </object_component>
      <object_component id="oc-af">
         <name>.debug_line</name>
         <load_address>0x5e41</load_address>
         <run_address>0x5e41</run_address>
         <size>0x37</size>
         <input_file_ref idref="fl-27"/>
      </object_component>
      <object_component id="oc-b5">
         <name>.debug_line</name>
         <load_address>0x5e78</load_address>
         <run_address>0x5e78</run_address>
         <size>0x57</size>
         <input_file_ref idref="fl-28"/>
      </object_component>
      <object_component id="oc-bb">
         <name>.debug_line</name>
         <load_address>0x5ecf</load_address>
         <run_address>0x5ecf</run_address>
         <size>0x328</size>
         <input_file_ref idref="fl-29"/>
      </object_component>
      <object_component id="oc-bf">
         <name>.debug_line</name>
         <load_address>0x61f7</load_address>
         <run_address>0x61f7</run_address>
         <size>0x41</size>
         <input_file_ref idref="fl-2a"/>
      </object_component>
      <object_component id="oc-c3">
         <name>.debug_line</name>
         <load_address>0x6238</load_address>
         <run_address>0x6238</run_address>
         <size>0x46</size>
         <input_file_ref idref="fl-2b"/>
      </object_component>
      <object_component id="oc-c7">
         <name>.debug_line</name>
         <load_address>0x627e</load_address>
         <run_address>0x627e</run_address>
         <size>0x55</size>
         <input_file_ref idref="fl-2c"/>
      </object_component>
      <object_component id="oc-cb">
         <name>.debug_line</name>
         <load_address>0x62d3</load_address>
         <run_address>0x62d3</run_address>
         <size>0xad</size>
         <input_file_ref idref="fl-2d"/>
      </object_component>
      <object_component id="oc-d5">
         <name>.debug_line</name>
         <load_address>0x6380</load_address>
         <run_address>0x6380</run_address>
         <size>0x5b</size>
         <input_file_ref idref="fl-30"/>
      </object_component>
      <object_component id="oc-da">
         <name>.debug_line</name>
         <load_address>0x63db</load_address>
         <run_address>0x63db</run_address>
         <size>0x44</size>
         <input_file_ref idref="fl-31"/>
      </object_component>
      <object_component id="oc-de">
         <name>.debug_line</name>
         <load_address>0x641f</load_address>
         <run_address>0x641f</run_address>
         <size>0x56</size>
         <input_file_ref idref="fl-32"/>
      </object_component>
      <object_component id="oc-e3">
         <name>.debug_line</name>
         <load_address>0x6475</load_address>
         <run_address>0x6475</run_address>
         <size>0xa8</size>
         <input_file_ref idref="fl-33"/>
      </object_component>
      <object_component id="oc-e7">
         <name>.debug_line</name>
         <load_address>0x651d</load_address>
         <run_address>0x651d</run_address>
         <size>0x3a</size>
         <input_file_ref idref="fl-34"/>
      </object_component>
      <object_component id="oc-eb">
         <name>.debug_line</name>
         <load_address>0x6557</load_address>
         <run_address>0x6557</run_address>
         <size>0x40</size>
         <input_file_ref idref="fl-35"/>
      </object_component>
      <object_component id="oc-ef">
         <name>.debug_line</name>
         <load_address>0x6597</load_address>
         <run_address>0x6597</run_address>
         <size>0x38</size>
         <input_file_ref idref="fl-36"/>
      </object_component>
      <object_component id="oc-f3">
         <name>.debug_line</name>
         <load_address>0x65cf</load_address>
         <run_address>0x65cf</run_address>
         <size>0xa8</size>
         <input_file_ref idref="fl-37"/>
      </object_component>
      <object_component id="oc-f9">
         <name>.debug_line</name>
         <load_address>0x6677</load_address>
         <run_address>0x6677</run_address>
         <size>0x1b0</size>
         <input_file_ref idref="fl-38"/>
      </object_component>
      <object_component id="oc-fd">
         <name>.debug_line</name>
         <load_address>0x6827</load_address>
         <run_address>0x6827</run_address>
         <size>0x40</size>
         <input_file_ref idref="fl-39"/>
      </object_component>
      <object_component id="oc-101">
         <name>.debug_line</name>
         <load_address>0x6867</load_address>
         <run_address>0x6867</run_address>
         <size>0x3c</size>
         <input_file_ref idref="fl-3a"/>
      </object_component>
      <object_component id="oc-105">
         <name>.debug_line</name>
         <load_address>0x68a3</load_address>
         <run_address>0x68a3</run_address>
         <size>0x4d</size>
         <input_file_ref idref="fl-3b"/>
      </object_component>
      <object_component id="oc-109">
         <name>.debug_line</name>
         <load_address>0x68f0</load_address>
         <run_address>0x68f0</run_address>
         <size>0x37</size>
         <input_file_ref idref="fl-3c"/>
      </object_component>
      <object_component id="oc-10d">
         <name>.debug_line</name>
         <load_address>0x6927</load_address>
         <run_address>0x6927</run_address>
         <size>0x3c</size>
         <input_file_ref idref="fl-3d"/>
      </object_component>
      <object_component id="oc-111">
         <name>.debug_line</name>
         <load_address>0x6963</load_address>
         <run_address>0x6963</run_address>
         <size>0x37</size>
         <input_file_ref idref="fl-3e"/>
      </object_component>
      <object_component id="oc-116">
         <name>.debug_line</name>
         <load_address>0x699a</load_address>
         <run_address>0x699a</run_address>
         <size>0x15d</size>
         <input_file_ref idref="fl-3f"/>
      </object_component>
      <object_component id="oc-11c">
         <name>.debug_line</name>
         <load_address>0x6af7</load_address>
         <run_address>0x6af7</run_address>
         <size>0x6a</size>
         <input_file_ref idref="fl-40"/>
      </object_component>
      <object_component id="oc-120">
         <name>.debug_line</name>
         <load_address>0x6b61</load_address>
         <run_address>0x6b61</run_address>
         <size>0x58</size>
         <input_file_ref idref="fl-41"/>
      </object_component>
      <object_component id="oc-124">
         <name>.debug_line</name>
         <load_address>0x6bb9</load_address>
         <run_address>0x6bb9</run_address>
         <size>0x57</size>
         <input_file_ref idref="fl-42"/>
      </object_component>
      <object_component id="oc-128">
         <name>.debug_line</name>
         <load_address>0x6c10</load_address>
         <run_address>0x6c10</run_address>
         <size>0x5c</size>
         <input_file_ref idref="fl-43"/>
      </object_component>
      <object_component id="oc-12c">
         <name>.debug_line</name>
         <load_address>0x6c6c</load_address>
         <run_address>0x6c6c</run_address>
         <size>0x3c</size>
         <input_file_ref idref="fl-44"/>
      </object_component>
      <object_component id="oc-130">
         <name>.debug_line</name>
         <load_address>0x6ca8</load_address>
         <run_address>0x6ca8</run_address>
         <size>0x5b</size>
         <input_file_ref idref="fl-45"/>
      </object_component>
      <object_component id="oc-134">
         <name>.debug_line</name>
         <load_address>0x6d03</load_address>
         <run_address>0x6d03</run_address>
         <size>0x3c</size>
         <input_file_ref idref="fl-46"/>
      </object_component>
      <object_component id="oc-138">
         <name>.debug_line</name>
         <load_address>0x6d3f</load_address>
         <run_address>0x6d3f</run_address>
         <size>0x3f</size>
         <input_file_ref idref="fl-47"/>
      </object_component>
      <object_component id="oc-13e">
         <name>.debug_line</name>
         <load_address>0x6d7e</load_address>
         <run_address>0x6d7e</run_address>
         <size>0xd7</size>
         <input_file_ref idref="fl-48"/>
      </object_component>
      <object_component id="oc-145">
         <name>.debug_line</name>
         <load_address>0x6e55</load_address>
         <run_address>0x6e55</run_address>
         <size>0x112</size>
         <input_file_ref idref="fl-49"/>
      </object_component>
      <object_component id="oc-149">
         <name>.debug_line</name>
         <load_address>0x6f67</load_address>
         <run_address>0x6f67</run_address>
         <size>0x3d</size>
         <input_file_ref idref="fl-4a"/>
      </object_component>
      <object_component id="oc-14d">
         <name>.debug_line</name>
         <load_address>0x6fa4</load_address>
         <run_address>0x6fa4</run_address>
         <size>0x39</size>
         <input_file_ref idref="fl-4b"/>
      </object_component>
      <object_component id="oc-17">
         <name>.debug_abbrev</name>
         <load_address>0x0</load_address>
         <run_address>0x0</run_address>
         <size>0x125</size>
         <input_file_ref idref="fl-2"/>
      </object_component>
      <object_component id="oc-1d">
         <name>.debug_abbrev</name>
         <load_address>0x125</load_address>
         <run_address>0x125</run_address>
         <size>0x178</size>
[...]
      <symbol id="sm-3eb">
         <name>_I2C_config</name>
         <value>0x2164d</value>
         <object_component_ref idref="oc-7b"/>
      </symbol>
      <symbol id="sm-3ec">
         <name>_gI2cObj</name>
         <value>0x6120</value>
         <object_component_ref idref="oc-7c"/>
      </symbol>
      <symbol id="sm-3ed">
         <name>_I2C_getConfig</name>
         <value>0x217b2</value>
         <object_component_ref idref="oc-7b"/>
      </symbol>
      <symbol id="sm-3ee">
         <name>_I2C_setup</name>
         <value>0x21888</value>
         <object_component_ref idref="oc-7b"/>
      </symbol>
      <symbol id="sm-3ef">
         <name>_I2C_write</name>
         <value>0x21a82</value>
         <object_component_ref idref="oc-7b"/>
      </symbol>
      <symbol id="sm-3f0">
         <name>_I2C_read</name>
         <value>0x21cc6</value>
         <object_component_ref idref="oc-7b"/>
      </symbol>
      <symbol id="sm-3f1">
         <name>_I2C_eventDisable</name>
         <value>0x22018</value>
         <object_component_ref idref="oc-7b"/>
      </symbol>
      <symbol id="sm-3f2">
         <name>_I2C_getEventId</name>
         <value>0x221c4</value>
         <object_component_ref idref="oc-7b"/>
      </symbol>
      <symbol id="sm-3f3">
         <name>_i2cHandle</name>
         <value>0x6140</value>
         <object_component_ref idref="oc-7c"/>
      </symbol>
      <symbol id="sm-438">
         <name>_GPIO_write</name>
         <value>0x238e3</value>
         <object_component_ref idref="oc-81"/>
      </symbol>
      <symbol id="sm-439">
         <name>_GPIO_read</name>
         <value>0x23860</value>
         <object_component_ref idref="oc-81"/>
      </symbol>
      <symbol id="sm-43a">
         <name>_GPIO_close</name>
         <value>0x2372f</value>
         <object_component_ref idref="oc-81"/>
      </symbol>
      <symbol id="sm-43b">
         <name>_GPIO_enableInt</name>
         <value>0x23b4c</value>
         <object_component_ref idref="oc-81"/>
      </symbol>
      <symbol id="sm-43c">
         <name>_GPIO_clearInt</name>
         <value>0x23bd6</value>
         <object_component_ref idref="oc-81"/>
      </symbol>
      <symbol id="sm-43d">
         <name>_GPIO_statusBit</name>
         <value>0x23c62</value>
         <object_component_ref idref="oc-81"/>
      </symbol>
      <symbol id="sm-43e">
         <name>_GPIO_configBit</name>
         <value>0x23986</value>
         <object_component_ref idref="oc-81"/>
      </symbol>
      <symbol id="sm-43f">
         <name>_GPIO_reset</name>
         <value>0x23ce9</value>
         <object_component_ref idref="oc-81"/>
      </symbol>
      <symbol id="sm-440">
         <name>_GPIO_getConfig</name>
         <value>0x237d8</value>
         <object_component_ref idref="oc-81"/>
      </symbol>
      <symbol id="sm-441">
         <name>_GPIO_disableInt</name>
         <value>0x23ace</value>
         <object_component_ref idref="oc-81"/>
      </symbol>
      <symbol id="sm-442">
         <name>_GPIO_config</name>
         <value>0x23753</value>
         <object_component_ref idref="oc-81"/>
      </symbol>
      <symbol id="sm-443">
         <name>_GPIO_open</name>
         <value>0x236eb</value>
         <object_component_ref idref="oc-81"/>
      </symbol>
      <symbol id="sm-44f">
         <name>__sysstack</name>
         <value>0x20c0</value>
         <object_component_ref idref="oc-14f"/>
      </symbol>
      <symbol id="sm-450">
         <name>_c_int00</name>
         <value>0x28318</value>
         <object_component_ref idref="oc-10"/>
      </symbol>
      <symbol id="sm-451">
         <name>__stack</name>
         <value>0xc0</value>
         <object_component_ref idref="oc-86"/>
      </symbol>
      <symbol id="sm-45c">
         <name>__divul</name>
         <value>0x279c0</value>
         <object_component_ref idref="oc-8a"/>
      </symbol>
      <symbol id="sm-46c">
         <name>C$$EXIT</name>
         <value>0x28431</value>
         <object_component_ref idref="oc-92"/>
      </symbol>
      <symbol id="sm-46d">
         <name>_exit</name>
         <value>0x282da</value>
         <object_component_ref idref="oc-8e"/>
      </symbol>
      <symbol id="sm-46e">
         <name>_abort</name>
         <value>0x28430</value>
         <object_component_ref idref="oc-92"/>
      </symbol>
      <symbol id="sm-46f">
         <name>__cleanup_ptr</name>
         <value>0x6170</value>
         <object_component_ref idref="oc-8f"/>
      </symbol>
      <symbol id="sm-470">
         <name>__dtors_ptr</name>
         <value>0x6174</value>
         <object_component_ref idref="oc-8f"/>
      </symbol>
      <symbol id="sm-47a">
         <name>__fixdi</name>
         <value>0x2834c</value>
         <object_component_ref idref="oc-95"/>
      </symbol>
      <symbol id="sm-484">
         <name>__fixdli</name>
         <value>0x27e55</value>
         <object_component_ref idref="oc-99"/>
      </symbol>
      <symbol id="sm-48c">
         <name>__mpyli</name>
         <value>0x283f1</value>
         <object_component_ref idref="oc-9d"/>
      </symbol>
      <symbol id="sm-48d">
         <name>I$$LMPY</name>
         <value>0x283f1</value>
         <object_component_ref idref="oc-9d"/>
      </symbol>
      <symbol id="sm-497">
         <name>__mpyd</name>
         <value>0x26eea</value>
         <object_component_ref idref="oc-a1"/>
      </symbol>
      <symbol id="sm-4a1">
         <name>_printf</name>
         <value>0x28120</value>
         <object_component_ref idref="oc-a5"/>
      </symbol>
      <symbol id="sm-4ac">
         <name>__remul</name>
         <value>0x27de3</value>
         <object_component_ref idref="oc-a9"/>
      </symbol>
      <symbol id="sm-4b6">
         <name>_Reset</name>
         <value>0x4ff00</value>
         <object_component_ref idref="oc-11"/>
      </symbol>
      <symbol id="sm-4c4">
         <name>__unlock</name>
         <value>0x616c</value>
         <object_component_ref idref="oc-b2"/>
      </symbol>
      <symbol id="sm-4c5">
         <name>__lock</name>
         <value>0x6168</value>
         <object_component_ref idref="oc-b2"/>
      </symbol>
      <symbol id="sm-4c6">
         <name>__register_lock</name>
         <value>0x2840c</value>
         <object_component_ref idref="oc-b1"/>
      </symbol>
      <symbol id="sm-4c7">
         <name>__nop</name>
         <value>0x28414</value>
         <object_component_ref idref="oc-b1"/>
      </symbol>
      <symbol id="sm-4c8">
         <name>__register_unlock</name>
         <value>0x28404</value>
         <object_component_ref idref="oc-b1"/>
      </symbol>
      <symbol id="sm-4da">
         <name>__printfi</name>
         <value>0x21362</value>
         <object_component_ref idref="oc-b7"/>
      </symbol>
      <symbol id="sm-4e4">
         <name>__args_main</name>
         <value>0x281bd</value>
         <object_component_ref idref="oc-bd"/>
      </symbol>
      <symbol id="sm-4e5">
         <name>__TI_args_main</name>
         <value>0x1</value>
      </symbol>
      <symbol id="sm-4ef">
         <name>_atoi</name>
         <value>0x28070</value>
         <object_component_ref idref="oc-c1"/>
      </symbol>
      <symbol id="sm-4f7">
         <name>_auto_init</name>
         <value>0x28170</value>
         <object_component_ref idref="oc-c5"/>
      </symbol>
      <symbol id="sm-501">
         <name>__eqld</name>
         <value>0x269ef</value>
         <object_component_ref idref="oc-c9"/>
      </symbol>
      <symbol id="sm-502">
         <name>__cmpd</name>
         <value>0x26a23</value>
         <object_component_ref idref="oc-c9"/>
      </symbol>
      <symbol id="sm-503">
         <name>__neqd</name>
         <value>0x26891</value>
         <object_component_ref idref="oc-c9"/>
      </symbol>
      <symbol id="sm-504">
         <name>__gtrd</name>
         <value>0x2695a</value>
         <object_component_ref idref="oc-c9"/>
      </symbol>
      <symbol id="sm-505">
         <name>__geqd</name>
         <value>0x269a5</value>
         <object_component_ref idref="oc-c9"/>
      </symbol>
      <symbol id="sm-506">
         <name>__leqd</name>
         <value>0x2690d</value>
         <object_component_ref idref="oc-c9"/>
      </symbol>
      <symbol id="sm-507">
         <name>__lssd</name>
         <value>0x268c5</value>
         <object_component_ref idref="oc-c9"/>
      </symbol>
      <symbol id="sm-50f">
         <name>__ctypes_</name>
         <value>0x6468</value>
         <object_component_ref idref="oc-152"/>
      </symbol>
      <symbol id="sm-519">
         <name>__tmpnams</name>
         <value>0x5bfc</value>
         <object_component_ref idref="oc-cf"/>
      </symbol>
      <symbol id="sm-51a">
         <name>__ft_end</name>
         <value>0x5d3c</value>
         <object_component_ref idref="oc-cf"/>
      </symbol>
      <symbol id="sm-51b">
         <name>__ftable</name>
         <value>0x5b0c</value>
         <object_component_ref idref="oc-cf"/>
      </symbol>
      <symbol id="sm-527">
         <name>__divd</name>
         <value>0x257a1</value>
         <object_component_ref idref="oc-d3"/>
      </symbol>
      <symbol id="sm-533">
         <name>__fltlid</name>
         <value>0x28009</value>
         <object_component_ref idref="oc-d7"/>
      </symbol>
      <symbol id="sm-53d">
         <name>_putchar</name>
         <value>0x279b1</value>
         <object_component_ref idref="oc-dc"/>
      </symbol>
      <symbol id="sm-53e">
         <name>_putc</name>
         <value>0x2791a</value>
         <object_component_ref idref="oc-dc"/>
      </symbol>
      <symbol id="sm-53f">
         <name>_fputc</name>
         <value>0x2791a</value>
         <object_component_ref idref="oc-dc"/>
      </symbol>
      <symbol id="sm-54d">
         <name>_puts</name>
         <value>0x26ebc</value>
         <object_component_ref idref="oc-e0"/>
      </symbol>
      <symbol id="sm-54e">
         <name>_fputs</name>
         <value>0x26d87</value>
         <object_component_ref idref="oc-e0"/>
      </symbol>
      <symbol id="sm-558">
         <name>__frcmpyd</name>
         <value>0x27cfa</value>
         <object_component_ref idref="oc-e5"/>
      </symbol>
      <symbol id="sm-562">
         <name>__frcmpyd_div</name>
         <value>0x27d70</value>
         <object_component_ref idref="oc-e9"/>
      </symbol>
      <symbol id="sm-56c">
         <name>___isinf</name>
         <value>0x283c3</value>
         <object_component_ref idref="oc-ed"/>
      </symbol>
      <symbol id="sm-576">
         <name>__divull</name>
         <value>0x2650e</value>
         <object_component_ref idref="oc-f1"/>
      </symbol>
      <symbol id="sm-577">
         <name>__mpylli</name>
         <value>0x26456</value>
         <object_component_ref idref="oc-f1"/>
      </symbol>
      <symbol id="sm-578">
         <name>__remlli</name>
         <value>0x26427</value>
         <object_component_ref idref="oc-f1"/>
      </symbol>
      <symbol id="sm-579">
         <name>__divlli</name>
         <value>0x26602</value>
         <object_component_ref idref="oc-f1"/>
      </symbol>
      <symbol id="sm-57a">
         <name>__remull</name>
         <value>0x263d9</value>
         <object_component_ref idref="oc-f1"/>
      </symbol>
      <symbol id="sm-58c">
         <name>_add_device</name>
         <value>0x24cd4</value>
         <object_component_ref idref="oc-f5"/>
      </symbol>
      <symbol id="sm-58d">
         <name>_rename</name>
         <value>0x249f6</value>
         <object_component_ref idref="oc-f5"/>
      </symbol>
      <symbol id="sm-58e">
         <name>_read</name>
         <value>0x24a85</value>
         <object_component_ref idref="oc-f5"/>
      </symbol>
      <symbol id="sm-58f">
         <name>_unlink</name>
         <value>0x249c3</value>
         <object_component_ref idref="oc-f5"/>
      </symbol>
      <symbol id="sm-590">
         <name>_remove_device</name>
         <value>0x24a4f</value>
         <object_component_ref idref="oc-f5"/>
      </symbol>
      <symbol id="sm-591">
         <name>_open</name>
         <value>0x24b33</value>
         <object_component_ref idref="oc-f5"/>
      </symbol>
      <symbol id="sm-592">
         <name>_find_registered_device</name>
         <value>0x24c58</value>
         <object_component_ref idref="oc-f5"/>
      </symbol>
      <symbol id="sm-593">
         <name>_lseek</name>
         <value>0x24bf2</value>
         <object_component_ref idref="oc-f5"/>
      </symbol>
      <symbol id="sm-594">
         <name>_close</name>
         <value>0x24c61</value>
         <object_component_ref idref="oc-f5"/>
      </symbol>
      <symbol id="sm-595">
         <name>_write</name>
         <value>0x24881</value>
         <object_component_ref idref="oc-f5"/>
      </symbol>
      <symbol id="sm-59f">
         <name>_ltoa</name>
         <value>0x27c02</value>
         <object_component_ref idref="oc-fb"/>
      </symbol>
      <symbol id="sm-5aa">
         <name>_memccpy</name>
         <value>0x283a0</value>
         <object_component_ref idref="oc-ff"/>
      </symbol>
      <symbol id="sm-5b2">
         <name>_memcpy</name>
         <value>0x2829b</value>
         <object_component_ref idref="oc-103"/>
      </symbol>
      <symbol id="sm-5bc">
         <name>__negd</name>
         <value>0x28416</value>
         <object_component_ref idref="oc-107"/>
      </symbol>
      <symbol id="sm-5c6">
         <name>__remli</name>
         <value>0x28208</value>
         <object_component_ref idref="oc-10b"/>
      </symbol>
      <symbol id="sm-5d0">
         <name>__subd</name>
         <value>0x283dd</value>
         <object_component_ref idref="oc-10f"/>
      </symbol>
      <symbol id="sm-5dc">
         <name>_HOSTopen</name>
         <value>0x250cf</value>
         <object_component_ref idref="oc-113"/>
      </symbol>
      <symbol id="sm-5dd">
         <name>_HOSTread</name>
         <value>0x25042</value>
         <object_component_ref idref="oc-113"/>
      </symbol>
      <symbol id="sm-5de">
         <name>_HOSTtime</name>
         <value>0x24f36</value>
         <object_component_ref idref="oc-113"/>
      </symbol>
      <symbol id="sm-5df">
         <name>_getenv</name>
         <value>0x24dc4</value>
         <object_component_ref idref="oc-113"/>
      </symbol>
      <symbol id="sm-5e0">
         <name>_HOSTrename</name>
         <value>0x24f94</value>
         <object_component_ref idref="oc-113"/>
      </symbol>
      <symbol id="sm-5e1">
         <name>_HOSTclock</name>
         <value>0x2528e</value>
         <object_component_ref idref="oc-113"/>
      </symbol>
      <symbol id="sm-5e2">
         <name>_HOSTwrite</name>
         <value>0x24e3f</value>
         <object_component_ref idref="oc-113"/>
      </symbol>
      <symbol id="sm-5e3">
         <name>_HOSTlseek</name>
         <value>0x2516e</value>
         <object_component_ref idref="oc-113"/>
      </symbol>
      <symbol id="sm-5e4">
         <name>_HOSTunlink</name>
         <value>0x24ecc</value>
         <object_component_ref idref="oc-113"/>
      </symbol>
      <symbol id="sm-5e5">
         <name>_HOSTclose</name>
         <value>0x25223</value>
         <object_component_ref idref="oc-113"/>
      </symbol>
      <symbol id="sm-5f7">
         <name>C$$IO$$</name>
         <value>0x27915</value>
         <object_component_ref idref="oc-11b"/>
      </symbol>
      <symbol id="sm-5f8">
         <name>__CIOBUF_</name>
         <value>0x40000</value>
         <object_component_ref idref="oc-11a"/>
      </symbol>
      <symbol id="sm-5f9">
         <name>_readmsg</name>
         <value>0x27f31</value>
         <object_component_ref idref="oc-118"/>
      </symbol>
      <symbol id="sm-5fa">
         <name>_writemsg</name>
         <value>0x27860</value>
         <object_component_ref idref="oc-11b"/>
      </symbol>
      <symbol id="sm-602">
         <name>__remu</name>
         <value>0x2838b</value>
         <object_component_ref idref="oc-11e"/>
      </symbol>
      <symbol id="sm-603">
         <name>__divu</name>
         <value>0x28376</value>
         <object_component_ref idref="oc-11e"/>
      </symbol>
      <symbol id="sm-604">
         <name>I$$UMOD</name>
         <value>0x2838b</value>
         <object_component_ref idref="oc-11e"/>
      </symbol>
      <symbol id="sm-605">
         <name>I$$UDIV</name>
         <value>0x28376</value>
         <object_component_ref idref="oc-11e"/>
      </symbol>
      <symbol id="sm-60f">
         <name>__rd_ok</name>
         <value>0x275b2</value>
         <object_component_ref idref="oc-122"/>
      </symbol>
      <symbol id="sm-610">
         <name>__wrt_ok</name>
         <value>0x27532</value>
         <object_component_ref idref="oc-122"/>
      </symbol>
      <symbol id="sm-61a">
         <name>__addd</name>
         <value>0x26637</value>
         <object_component_ref idref="oc-126"/>
      </symbol>
      <symbol id="sm-624">
         <name>__divli</name>
         <value>0x28253</value>
         <object_component_ref idref="oc-12a"/>
      </symbol>
      <symbol id="sm-62e">
         <name>__doflush</name>
         <value>0x2779e</value>
         <object_component_ref idref="oc-12e"/>
      </symbol>
      <symbol id="sm-62f">
         <name>_fflush</name>
         <value>0x27807</value>
         <object_component_ref idref="oc-12e"/>
      </symbol>
      <symbol id="sm-639">
         <name>_fseek</name>
         <value>0x27f9e</value>
         <object_component_ref idref="oc-132"/>
      </symbol>
      <symbol id="sm-643">
         <name>_setvbuf</name>
         <value>0x27369</value>
         <object_component_ref idref="oc-136"/>
      </symbol>
      <symbol id="sm-652">
         <name>__cleanup</name>
         <value>0x2627b</value>
         <object_component_ref idref="oc-13a"/>
      </symbol>
      <symbol id="sm-653">
         <name>_fopen</name>
         <value>0x2639e</value>
         <object_component_ref idref="oc-13a"/>
      </symbol>
      <symbol id="sm-654">
         <name>_freopen</name>
         <value>0x262d5</value>
         <object_component_ref idref="oc-13a"/>
      </symbol>
      <symbol id="sm-664">
         <name>__sys_memory</name>
         <value>0x30c0</value>
         <object_component_ref idref="oc-144"/>
      </symbol>
      <symbol id="sm-665">
         <name>_chkheap</name>
         <value>0x25773</value>
         <object_component_ref idref="oc-140"/>
      </symbol>
      <symbol id="sm-666">
         <name>_realloc</name>
         <value>0x25512</value>
         <object_component_ref idref="oc-140"/>
      </symbol>
      <symbol id="sm-667">
         <name>_free_memory</name>
         <value>0x2571d</value>
         <object_component_ref idref="oc-140"/>
      </symbol>
      <symbol id="sm-668">
         <name>_max_free</name>
         <value>0x256c3</value>
         <object_component_ref idref="oc-140"/>
      </symbol>
      <symbol id="sm-669">
         <name>_free</name>
         <value>0x252ec</value>
         <object_component_ref idref="oc-140"/>
      </symbol>
      <symbol id="sm-66a">
         <name>_calloc</name>
         <value>0x2577b</value>
         <object_component_ref idref="oc-140"/>
      </symbol>
      <symbol id="sm-66b">
         <name>_malloc</name>
         <value>0x2541d</value>
         <object_component_ref idref="oc-140"/>
      </symbol>
      <symbol id="sm-66c">
         <name>_minit</name>
         <value>0x253b8</value>
         <object_component_ref idref="oc-140"/>
      </symbol>
      <symbol id="sm-676">
         <name>_fclose</name>
         <value>0x27c7f</value>
         <object_component_ref idref="oc-147"/>
      </symbol>
      <symbol id="sm-680">
         <name>_remove</name>
         <value>0x28426</value>
         <object_component_ref idref="oc-14b"/>
      </symbol>
   </symbol_table>
</link_info>
