******************************************************************************
              TMS320C55x Linker PC v4.4.1                      
******************************************************************************
>> Linked Tue Mar 27 12:19:29 2018

OUTPUT FILE NAME:   <EQ.out>
ENTRY POINT SYMBOL: "_c_int00"  address: 00028573


MEMORY CONFIGURATION

         name            origin    length      used     unused   attr    fill
                        (bytes)   (bytes)    (bytes)   (bytes)
----------------------  --------  ---------  --------  --------  ----  --------
PAGE 0:
  MMR                   00000000   000000c0  00000000  000000c0  RWIX
  DARAM0                000000c0   0000ff40  00006758  000097e8  RWIX
  SARAM0                00010000   00010000  00000000  00010000  RWIX
  SARAM1                00020000   00020000  00008695  0001796b  RWIX
  SARAM2                00040000   0000fe00  00000378  0000fa88  RWIX
  VECS                  0004fe00   00000200  00000200  00000000  RWIX
  PDROM                 00ff8000   00008000  00000000  00008000  R IX

PAGE 2:
  IOPORT                00000000   00020000  00000000  00020000  RWI 


SECTION ALLOCATION MAP
(Addresses surrounded by []'s are displayed for convenience only!)

output                                                          attributes/
section   page  orgn(bytes) orgn(words) len(bytes) len(words)   input sections
--------  ----  ----------- ----------- ---------- ----------   --------------
.pinit       0   [ 00040000 ]  00020000          *   00000000   UNINITIALIZED

.stack       0   [ 000000c0 ]  00000060          *   00001000   UNINITIALIZED
                 [ 000000c0 ]  00000060          *   00001000   --HOLE--

.data        0   [ 000000c0 ]  00000060          *   00000000   UNINITIALIZED

.sysstack 
*            0   [ 000020c0 ]  00001060          *   00000800   UNINITIALIZED
                 [ 000020c0 ]  00001060          *   00000800   --HOLE--

.sysmem      0   [ 000030c0 ]  00001860          *   00001000   UNINITIALIZED
                 [ 000030c0 ]  00001860          *   00001000   --HOLE--

.bss.1       0   [ 000050c0 ]  00002860          *   00000839   UNINITIALIZED
                 [ 000050c0 ]  00002860          *   00000408   ezdsp5535_aic3204_dma.obj (.bss)
                 [ 000058d0 ]  00002c68          *   00000128   main.obj (.bss)
                 [ 00005b20 ]  00002d90          *   00000119   rts55x.lib : defs.obj (.bss)
                 [ 00005d52 ]  00002ea9          *   000000d0              : trgdrv.obj (.bss)
                 [ 00005ef2 ]  00002f79          *   00000001              : fopen.obj (.bss)
                 [ 00005ef4 ]  00002f7a          *   00000084   cslVC5505.lib : csl_intc.obj (.bss)
                 [ 00005ffc ]  00002ffe          *   00000071   rts55x.lib : lowlev.obj (.bss)
                 [ 000060de ]  0000306f          *   0000002a   cslVC5505.lib : csl_i2s.obj (.bss)

.bss.2       0   [ 00006134 ]  0000309a          *   00000030   UNINITIALIZED
                 [ 00006134 ]  0000309a          *   00000012   cslVC5505.lib : csl_i2c.obj (.bss)
                 [ 00006158 ]  000030ac          *   00000008   ezdsp5535bsl.lib : ezdsp5535_sar.obj (.bss)
                 [ 00006168 ]  000030b4          *   00000006   rts55x.lib : memory.obj (.bss)
                 [ 00006174 ]  000030ba          *   00000004   ezdsp5535bsl.lib : ezdsp5535_gpio.obj (.bss)
                 [ 0000617c ]  000030be          *   00000004   rts55x.lib : _lock.obj (.bss)
                 [ 00006184 ]  000030c2          *   00000004              : exit.obj (.bss)
                 [ 0000618c ]  000030c6          *   00000002   aic3204.obj (.bss)
                 [ 00006190 ]  000030c8          *   00000002   ezdsp5535bsl.lib : ezdsp5535_i2s.obj (.bss)

.const.1     0   [ 00006194 ]  000030ca          *   00000319   
                 [ 00006194 ]  000030ca          *   00000174   aic3204_init.obj (.const:.string)
                 [ 0000647c ]  0000323e          *   00000101   rts55x.lib : ctype.obj (.const:__ctypes_)
                 [ 0000667e ]  0000333f          *   00000060   print_number.obj (.const:_consolas_8ptBitmaps)
                 [ 0000673e ]  0000339f          *   00000001   print_number.obj (.const)
                 [ 00006740 ]  000033a0          *   00000024   rts55x.lib : _printfi.obj (.const:.string)
                 [ 00006788 ]  000033c4          *   0000001f   main.obj (.const:.string)

.const.2     0   [ 000067c8 ]  000033e4          *   0000002a   
                 [ 000067c8 ]  000033e4          *   0000000c   main.obj (.const)
                 [ 000067e0 ]  000033f0          *   0000000c   rts55x.lib : _printfi.obj (.const)
                 [ 000067f8 ]  000033fc          *   00000008              : divd.obj (.const:_initial_approx$1)
                 [ 00006808 ]  00003404          *   00000006   processing.obj (.const)
                 [ 00006814 ]  0000340a          *   00000002   rts55x.lib : fputs.obj (.const:.string)
                 [ 00006818 ]  0000340c          *   00000002              : fltlid.obj (.const)

.text        0     00020000  [ 00010000 ] 00008695          *   
                   00020000  [ 00010000 ] 000015a4          *   rts55x.lib : _printfi.obj (.text)
                   000215a4  [ 00010ad2 ] 00000c3c          *   cslVC5505.lib : csl_i2c.obj (.text)
                   000221e0  [ 000110f0 ] 00000b18          *                 : csl_sar.obj (.text)
                   00022cf8  [ 0001167c ] 000009f3          *                 : csl_i2s.obj (.text)
                   000236eb  [ 00011b75+] 0000068d          *                 : csl_gpio.obj (.text)
                   00023d78  [ 00011ebc ] 000005b5          *   aic3204_init.obj (.text)
                   0002432d  [ 00012196+] 00000554          *   cslVC5505.lib : csl_intc.obj (.text)
                   00024881  [ 00012440+] 00000543          *   rts55x.lib : lowlev.obj (.text)
                   00024dc4  [ 000126e2 ] 00000528          *              : trgdrv.obj (.text)
                   000252ec  [ 00012976 ] 000004b5          *              : memory.obj (.text)
                   000257a1  [ 00012bd0+] 000003cc          *              : divd.obj (.text)
                   00025b6d  [ 00012db6+] 0000031b          *   ezdsp5535_aic3204_dma.obj (.text)
                   00025e88  [ 00012f44 ] 000002d2          *   print_number.obj (.text)
                   0002615a  [ 000130ad ] 0000027f          *   rts55x.lib : fopen.obj (.text)
                   000263d9  [ 000131ec+] 0000025e          *              : llmpy.obj (.text)
                   00026637  [ 0001331b+] 0000025a          *              : addd.obj (.text)
                   00026891  [ 00013448+] 0000022e          *   main.obj (.text)
                   00026abf  [ 0001355f+] 0000021c          *   processing.obj (.text)
                   00026cdb  [ 0001366d+] 000001ea          *   rts55x.lib : cmpd.obj (.text)
                   00026ec5  [ 00013762+] 00000192          *   ezdsp5535bsl.lib : ezdsp5535_lcd.obj (.text)
                   00027057  [ 0001382b+] 0000017a          *                    : ezdsp5535_sar.obj (.text)
                   000271d1  [ 000138e8+] 00000163          *   rts55x.lib : fputs.obj (.text)
                   00027334  [ 0001399a ] 0000014c          *              : mpyd.obj (.text)
                   00027480  [ 00013a40 ] 00000120          *   iir.obj (.text)
                   000275a0  [ 00013ad0 ] 00000107          *   ezdsp5535bsl.lib : ezdsp5535_i2s.obj (.text)
                   000276a7  [ 00013b53+] 000000e6          *   rts55x.lib : setvbuf.obj (.text)
                   0002778d  [ 00013bc6+] 000000dd          *              : _io_perm.obj (.text)
                   0002786a  [ 00013c35 ] 000000cc          *   ezdsp5535_aic3204_dma.obj (.text:retain)
                   00027936  [ 00013c9b ] 000000c3          *   aic3204.obj (.text)
                   000279f9  [ 00013cfc+] 000000c2          *   rts55x.lib : fflush.obj (.text)
                   00027abb  [ 00013d5d+] 000000ba          *              : trgmsg.obj (.text:CIO_breakpoint)
                   00027b75  [ 00013dba+] 000000a6          *              : fputc.obj (.text)
                   00027c1b  [ 00013e0d+] 000000a1          *              : divul.obj (.text)
                   00027cbc  [ 00013e5e ] 0000008e          *   ezdsp5535bsl.lib : ezdsp5535_i2c.obj (.text)
                   00027d4a  [ 00013ea5 ] 0000008c          *   cslVC5505.lib : csl_irqplug.obj (.text)
                   00027dd6  [ 00013eeb ] 00000087          *   ezdsp5535bsl.lib : ezdsp5535_gpio.obj (.text)
                   00027e5d  [ 00013f2e+] 0000007d          *   rts55x.lib : ltoa.obj (.text)
                   00027eda  [ 00013f6d ] 0000007b          *              : fclose.obj (.text)
                   00027f55  [ 00013faa+] 00000076          *              : frcmpyd.obj (.text)
                   00027fcb  [ 00013fe5+] 00000073          *              : frcmpyd_div.obj (.text)
                   0002803e  [ 0001401f ] 00000072          *              : remul.obj (.text)
                   000280b0  [ 00014058 ] 0000006f          *              : fixdli.obj (.text)
                   0002811f  [ 0001408f+] 0000006d          *   cslVC5505.lib : vectors.obj (.text)
                   0002818c  [ 000140c6 ] 0000006d          *   rts55x.lib : trgmsg.obj (.text)
                   000281f9  [ 000140fc+] 0000006b          *              : fseek.obj (.text)
                   00028264  [ 00014132 ] 00000067          *              : fltlid.obj (.text)
                   000282cb  [ 00014165+] 0000005c          *              : atoi.obj (.text)
                   00028327  [ 00014193+] 00000054          *   ezdsp5535bsl.lib : ezdsp5535.obj (.text)
                   0002837b  [ 000141bd+] 00000050          *   rts55x.lib : printf.obj (.text)
                   000283cb  [ 000141e5+] 0000004d          *              : autoinit.obj (.text)
                   00028418  [ 0001420c ] 0000004b          *              : args_main.obj (.text)
                   00028463  [ 00014231+] 0000004b          *              : remli.obj (.text)
                   000284ae  [ 00014257 ] 00000048          *              : divli.obj (.text)
                   000284f6  [ 0001427b ] 0000003f          *              : memcpy.obj (.text)
                   00028535  [ 0001429a+] 0000003e          *              : exit.obj (.text)
                   00028573  [ 000142b9+] 00000034          *              : boot.obj (.text)
                   000285a7  [ 000142d3+] 0000002a          *              : fixdi.obj (.text)
                   000285d1  [ 000142e8+] 0000002a          *              : udiv.obj (.text)
                   000285fb  [ 000142fd+] 00000023          *              : memccpy.obj (.text)
                   0002861e  [ 0001430f ] 0000001a          *              : isinf.obj (.text)
                   00028638  [ 0001431c ] 00000014          *              : subd.obj (.text)
                   0002864c  [ 00014326 ] 00000013          *              : lmpy.obj (.text)
                   0002865f  [ 0001432f+] 00000012          *              : _lock.obj (.text)
                   00028671  [ 00014338+] 00000010          *              : negd.obj (.text)
                   00028681  [ 00014340+] 0000000a          *              : remove.obj (.text)
                   0002868b  [ 00014345+] 00000007          *              : exit.obj (.text:CIO_breakpoint)
                   00028692  [ 00014349 ] 00000002          *              : vectors.obj (.text)
                   00028694  [ 0001434a ] 00000001          *   --HOLE-- [fill = 20]

.cio         0   [ 00040000 ]  00020000          *   00000120   UNINITIALIZED
                 [ 00040000 ]  00020000          *   00000120   rts55x.lib : trgmsg.obj (.cio)

.cinit       0   [ 00040240 ]  00020120          *   00000088   
                 [ 00040240 ]  00020120          *   0000002d   rts55x.lib : lowlev.obj (.cinit)
                 [ 0004029a ]  0002014d          *   0000002a              : defs.obj (.cinit)
                 [ 000402ee ]  00020177          *   0000000c   ezdsp5535bsl.lib : ezdsp5535_sar.obj (.cinit)
                 [ 00040306 ]  00020183          *   0000000a   rts55x.lib : _lock.obj (.cinit)
                 [ 0004031a ]  0002018d          *   0000000a              : exit.obj (.cinit)
                 [ 0004032e ]  00020197          *   00000008   cslVC5505.lib : csl_i2s.obj (.cinit)
                 [ 0004033e ]  0002019f          *   00000004   rts55x.lib : fopen.obj (.cinit)
                 [ 00040346 ]  000201a3          *   00000004              : memory.obj (.cinit)
                 [ 0004034e ]  000201a7          *   00000001   --HOLE-- [fill = 0]

.switch      0   [ 00040350 ]  000201a8          *   00000014   
                 [ 00040350 ]  000201a8          *   00000014   print_number.obj (.switch:_printChar)

vectors      0     0004fe00  [ 00027f00 ] 00000200          *   
                   0004fe00  [ 00027f00 ] 00000100          *   cslVC5505.lib : vectors.obj (vectors)
                   0004ff00  [ 00027f80 ] 00000100          *   rts55x.lib : vectors.obj (vectors)


GLOBAL SYMBOLS: SORTED ALPHABETICALLY BY Name 

abs. value/
byte addr   word addr   name
---------   ---------   ----
00000002                $TI_capability$C5500$CallingConvention
00000002                $TI_capability$C5500$MemoryModel
00000001                $TI_capability_requires_rev3
ffffffff                .bss
ffffffff                .data
ffffffff                .text
0002868c                C$$EXIT
00027b70                C$$IO$$
0002864c                I$$LMPY
000285d1                I$$UDIV
000285e6                I$$UMOD
0004fe00                RST
00027936                _AIC3204_rget
00027981                _AIC3204_rset
            00002868    _DMA_InputL
            00002968    _DMA_InputR
            00002a68    _DMA_OutputL
            00002b68    _DMA_OutputR
00027e3f                _EZDSP5535_GPIO_getInput
00027dd6                _EZDSP5535_GPIO_init
00027e01                _EZDSP5535_GPIO_setDirection
00027e25                _EZDSP5535_GPIO_setOutput
00027cbc                _EZDSP5535_I2C_init
00027d22                _EZDSP5535_I2C_read
00027cf1                _EZDSP5535_I2C_reset
00027cfc                _EZDSP5535_I2C_write
00027695                _EZDSP5535_I2S_close
000275a0                _EZDSP5535_I2S_init
000275f9                _EZDSP5535_I2S_readLeft
00027658                _EZDSP5535_I2S_readRight
0002762b                _EZDSP5535_I2S_writeLeft
00027679                _EZDSP5535_I2S_writeRight
00026f38                _EZDSP5535_OSD9616_init
00026eed                _EZDSP5535_OSD9616_multiSend
0002701a                _EZDSP5535_OSD9616_printLetter
00026ec5                _EZDSP5535_OSD9616_send
0002711d                _EZDSP5535_SAR_getKey
00027057                _EZDSP5535_SAR_init
0002836d                _EZDSP5535_init
00028327                _EZDSP5535_wait
0002835b                _EZDSP5535_waitusec
00023bd6                _GPIO_clearInt
0002372f                _GPIO_close
00023753                _GPIO_config
00023986                _GPIO_configBit
00023ace                _GPIO_disableInt
00023b4c                _GPIO_enableInt
000237d8                _GPIO_getConfig
000236eb                _GPIO_open
00023860                _GPIO_read
00023ce9                _GPIO_reset
00023c62                _GPIO_statusBit
000238e3                _GPIO_write
            000030ba    _GpioObj
0002528e                _HOSTclock
00025223                _HOSTclose
0002516e                _HOSTlseek
000250cf                _HOSTopen
00025042                _HOSTread
00024f94                _HOSTrename
00024f36                _HOSTtime
00024ecc                _HOSTunlink
00024e3f                _HOSTwrite
0002164d                _I2C_config
00022018                _I2C_eventDisable
00021ee4                _I2C_eventEnable
000217b2                _I2C_getConfig
000221c4                _I2C_getEventId
000215a4                _I2C_init
00021cc6                _I2C_read
00022137                _I2C_setCallback
00021888                _I2C_setup
00021a82                _I2C_write
0002312d                _I2S_close
00022cf8                _I2S_open
000231df                _I2S_read
000235ef                _I2S_reset
00022e3f                _I2S_setup
000236a0                _I2S_transEnable
00023499                _I2S_write
000243c7                _IRQ_clear
00024431                _IRQ_clearAll
00024441                _IRQ_config
00024567                _IRQ_disable
000245e5                _IRQ_disableAll
000245f3                _IRQ_enable
000246ed                _IRQ_getArg
000244d4                _IRQ_getConfig
0002483b                _IRQ_globalDisable
00024854                _IRQ_globalEnable
0002486d                _IRQ_globalRestore
0002432d                _IRQ_init
00024766                _IRQ_map
00027d4a                _IRQ_plug
0002467d                _IRQ_restore
00024733                _IRQ_setArg
00024798                _IRQ_setVecs
000247c9                _IRQ_test
0004ff00                _Reset
00022763                _SAR_A2DMeasParamSet
00022bdd                _SAR_GPODirSet
000222da                _SAR_chanClose
0002235e                _SAR_chanConfig
0002265a                _SAR_chanCycSet
0002225d                _SAR_chanInit
00022278                _SAR_chanOpen
00022446                _SAR_chanSetup
0002223d                _SAR_deInit
000223d4                _SAR_getConfig
00022cb9                _SAR_getStatus
000221e0                _SAR_init
00022722                _SAR_readData
000226a9                _SAR_startConversion
000226db                _SAR_stopConversion
            000030b0    _SarHandle
            000030ac    _SarObj
0004fe00                _VECSTART
            00020000    __CIOBUF_
000242d4                __I2S_init
            00001060    __STACK_END
00002000                __STACK_SIZE
00002000                __SYSMEM_SIZE
00001000                __SYSSTACK_SIZE
00000001                __TI_args_main
ffffffff                ___binit__
ffffffff                ___bss__
ffffffff                ___c_args__
            00020120    ___cinit__
ffffffff                ___data__
ffffffff                ___edata__
ffffffff                ___end__
ffffffff                ___etext__
0002861e                ___isinf
ffffffff                ___pinit__
ffffffff                ___text__
00026637                __addd
00028418                __args_main
0002627b                __cleanup
            000030c2    __cleanup_ptr
00026e6d                __cmpd
            0000323e    __ctypes_
000257a1                __divd
000284ae                __divli
00026602                __divlli
000285d1                __divu
00027c1b                __divul
0002650e                __divull
000279f9                __doflush
            000030c4    __dtors_ptr
00026e39                __eqld
000285a7                __fixdi
000280b0                __fixdli
00028264                __fltlid
00027f55                __frcmpyd
00027fcb                __frcmpyd_div
            00002ea8    __ft_end
            00002d90    __ftable
00026def                __geqd
00026da4                __gtrd
00026d57                __leqd
            000030be    __lock
00026d0f                __lssd
00027334                __mpyd
0002864c                __mpyli
00026456                __mpylli
00028671                __negd
00026cdb                __neqd
0002866f                __nop
00021362                __printfi
0002780d                __rd_ok
00028667                __register_lock
0002865f                __register_unlock
00028463                __remli
00026427                __remlli
000285e6                __remu
0002803e                __remul
000263d9                __remull
            00000060    __stack
00028638                __subd
            00001860    __sys_memory
            00001060    __sysstack
            00002e08    __tmpnams
            000030c0    __unlock
0002778d                __wrt_ok
0002868b                _abort
00024cd4                _add_device
000279ce                _aic3204_codec_read
000279e5                _aic3204_codec_write
000279bd                _aic3204_disable
00025b6d                _aic3204_dma_init
000279ab                _aic3204_hardware_init
00023d78                _aic3204_init
00025cf8                _aic3204_read_block
00025dad                _aic3204_write_block
000282cb                _atoi
000283cb                _auto_init
00028573                _c_int00
00026b06                _calculatePeekCoeff
00026abf                _calculateShelvingCoeff
0002577b                _calloc
00025773                _chkheap
00025f26                _clearLCD
00024c61                _close
            0000333f    _consolas_8ptBitmaps
            000030c6    _counter1
            000030c7    _counter2
00028535                _exit
00027eda                _fclose
00027a62                _fflush
00024c58                _find_registered_device
00027480                _first_order_IIR
0002639e                _fopen
00027b75                _fputc
000271d1                _fputs
000252ec                _free
0002571d                _free_memory
000262d5                _freopen
            00003097    _fsError
000281f9                _fseek
            0000309a    _gI2cObj
00024dc4                _getenv
            000030bc    _hGpio
            000030c8    _hI2s
            000030aa    _i2cHandle
00025e88                _initPrintNumber
            000030b2    _keyCnt1
            000030b3    _keyCnt2
00024bf2                _lseek
00027e5d                _ltoa
00026891                _main
0002541d                _malloc
000256c3                _max_free
000285fb                _memccpy
000284f6                _memcpy
000253b8                _minit
00024b33                _open
            00003098    _ouError
            00002d84    _peekingCoeff1
            00002d8a    _peekingCoeff2
            000030af    _preKey
00025ff4                _printChar
0002837b                _printf
00027b75                _putc
00027c0c                _putchar
00027306                _puts
00024a85                _read
0002818c                _readmsg
00025512                _realloc
00028681                _remove
00024a4f                _remove_device
000249f6                _rename
            00002c68    _sampleBufferL
            00002ce8    _sampleBufferR
000274e7                _second_order_IIR
00025fd2                _setWritePointerToFirstChar
00023f69                _set_sampling_frequency_and_gain
000276a7                _setvbuf
            00002d80    _shelvingCoeffHP
            00002d7c    _shelvingCoeffLP
00026c12                _shelvingHP
00026baa                _shelvingLP
00026c73                _shelvingPeek
            0000339f    _sign_width
000249c3                _unlink
00024881                _write
00027abb                _writemsg
            00002d78    _z_xH
            00002d74    _z_xL
            00002d6b    _z_xPEEK1
            00002d71    _z_xPEEK2
            00002d7a    _z_yH
            00002d76    _z_yL
            00002d68    _z_yPEEK1
            00002d6e    _z_yPEEK2
ffffffff                binit
            00020120    cinit
ffffffff                edata
ffffffff                end
ffffffff                etext
ffffffff                pinit


GLOBAL SYMBOLS: SORTED BY Symbol Address 

abs. value/
byte addr   word addr   name
---------   ---------   ----
00000001                $TI_capability_requires_rev3
00000001                __TI_args_main
00000002                $TI_capability$C5500$CallingConvention
00000002                $TI_capability$C5500$MemoryModel
            00000060    __stack
00001000                __SYSSTACK_SIZE
00002000                __STACK_SIZE
00002000                __SYSMEM_SIZE
            00001060    __STACK_END
            00001060    __sysstack
            00001860    __sys_memory
            00002868    _DMA_InputL
            00002968    _DMA_InputR
            00002a68    _DMA_OutputL
            00002b68    _DMA_OutputR
            00002c68    _sampleBufferL
            00002ce8    _sampleBufferR
            00002d68    _z_yPEEK1
            00002d6b    _z_xPEEK1
            00002d6e    _z_yPEEK2
            00002d71    _z_xPEEK2
            00002d74    _z_xL
            00002d76    _z_yL
            00002d78    _z_xH
            00002d7a    _z_yH
            00002d7c    _shelvingCoeffLP
            00002d80    _shelvingCoeffHP
            00002d84    _peekingCoeff1
            00002d8a    _peekingCoeff2
            00002d90    __ftable
            00002e08    __tmpnams
            00002ea8    __ft_end
            00003097    _fsError
            00003098    _ouError
            0000309a    _gI2cObj
            000030aa    _i2cHandle
            000030ac    _SarObj
            000030af    _preKey
            000030b0    _SarHandle
            000030b2    _keyCnt1
            000030b3    _keyCnt2
            000030ba    _GpioObj
            000030bc    _hGpio
            000030be    __lock
            000030c0    __unlock
            000030c2    __cleanup_ptr
            000030c4    __dtors_ptr
            000030c6    _counter1
            000030c7    _counter2
            000030c8    _hI2s
            0000323e    __ctypes_
            0000333f    _consolas_8ptBitmaps
            0000339f    _sign_width
00021362                __printfi
000215a4                _I2C_init
0002164d                _I2C_config
000217b2                _I2C_getConfig
00021888                _I2C_setup
00021a82                _I2C_write
00021cc6                _I2C_read
00021ee4                _I2C_eventEnable
00022018                _I2C_eventDisable
00022137                _I2C_setCallback
000221c4                _I2C_getEventId
000221e0                _SAR_init
0002223d                _SAR_deInit
0002225d                _SAR_chanInit
00022278                _SAR_chanOpen
000222da                _SAR_chanClose
0002235e                _SAR_chanConfig
000223d4                _SAR_getConfig
00022446                _SAR_chanSetup
0002265a                _SAR_chanCycSet
000226a9                _SAR_startConversion
000226db                _SAR_stopConversion
00022722                _SAR_readData
00022763                _SAR_A2DMeasParamSet
00022bdd                _SAR_GPODirSet
00022cb9                _SAR_getStatus
00022cf8                _I2S_open
00022e3f                _I2S_setup
0002312d                _I2S_close
000231df                _I2S_read
00023499                _I2S_write
000235ef                _I2S_reset
000236a0                _I2S_transEnable
000236eb                _GPIO_open
0002372f                _GPIO_close
00023753                _GPIO_config
000237d8                _GPIO_getConfig
00023860                _GPIO_read
000238e3                _GPIO_write
00023986                _GPIO_configBit
00023ace                _GPIO_disableInt
00023b4c                _GPIO_enableInt
00023bd6                _GPIO_clearInt
00023c62                _GPIO_statusBit
00023ce9                _GPIO_reset
00023d78                _aic3204_init
00023f69                _set_sampling_frequency_and_gain
000242d4                __I2S_init
0002432d                _IRQ_init
000243c7                _IRQ_clear
00024431                _IRQ_clearAll
00024441                _IRQ_config
000244d4                _IRQ_getConfig
00024567                _IRQ_disable
000245e5                _IRQ_disableAll
000245f3                _IRQ_enable
0002467d                _IRQ_restore
000246ed                _IRQ_getArg
00024733                _IRQ_setArg
00024766                _IRQ_map
00024798                _IRQ_setVecs
000247c9                _IRQ_test
0002483b                _IRQ_globalDisable
00024854                _IRQ_globalEnable
0002486d                _IRQ_globalRestore
00024881                _write
000249c3                _unlink
000249f6                _rename
00024a4f                _remove_device
00024a85                _read
00024b33                _open
00024bf2                _lseek
00024c58                _find_registered_device
00024c61                _close
00024cd4                _add_device
00024dc4                _getenv
00024e3f                _HOSTwrite
00024ecc                _HOSTunlink
00024f36                _HOSTtime
00024f94                _HOSTrename
00025042                _HOSTread
000250cf                _HOSTopen
0002516e                _HOSTlseek
00025223                _HOSTclose
0002528e                _HOSTclock
000252ec                _free
000253b8                _minit
0002541d                _malloc
00025512                _realloc
000256c3                _max_free
0002571d                _free_memory
00025773                _chkheap
0002577b                _calloc
000257a1                __divd
00025b6d                _aic3204_dma_init
00025cf8                _aic3204_read_block
00025dad                _aic3204_write_block
00025e88                _initPrintNumber
00025f26                _clearLCD
00025fd2                _setWritePointerToFirstChar
00025ff4                _printChar
0002627b                __cleanup
000262d5                _freopen
0002639e                _fopen
000263d9                __remull
00026427                __remlli
00026456                __mpylli
0002650e                __divull
00026602                __divlli
00026637                __addd
00026891                _main
00026abf                _calculateShelvingCoeff
00026b06                _calculatePeekCoeff
00026baa                _shelvingLP
00026c12                _shelvingHP
00026c73                _shelvingPeek
00026cdb                __neqd
00026d0f                __lssd
00026d57                __leqd
00026da4                __gtrd
00026def                __geqd
00026e39                __eqld
00026e6d                __cmpd
00026ec5                _EZDSP5535_OSD9616_send
00026eed                _EZDSP5535_OSD9616_multiSend
00026f38                _EZDSP5535_OSD9616_init
0002701a                _EZDSP5535_OSD9616_printLetter
00027057                _EZDSP5535_SAR_init
0002711d                _EZDSP5535_SAR_getKey
000271d1                _fputs
00027306                _puts
00027334                __mpyd
00027480                _first_order_IIR
000274e7                _second_order_IIR
000275a0                _EZDSP5535_I2S_init
000275f9                _EZDSP5535_I2S_readLeft
0002762b                _EZDSP5535_I2S_writeLeft
00027658                _EZDSP5535_I2S_readRight
00027679                _EZDSP5535_I2S_writeRight
00027695                _EZDSP5535_I2S_close
000276a7                _setvbuf
0002778d                __wrt_ok
0002780d                __rd_ok
00027936                _AIC3204_rget
00027981                _AIC3204_rset
000279ab                _aic3204_hardware_init
000279bd                _aic3204_disable
000279ce                _aic3204_codec_read
000279e5                _aic3204_codec_write
000279f9                __doflush
00027a62                _fflush
00027abb                _writemsg
00027b70                C$$IO$$
00027b75                _fputc
00027b75                _putc
00027c0c                _putchar
00027c1b                __divul
00027cbc                _EZDSP5535_I2C_init
00027cf1                _EZDSP5535_I2C_reset
00027cfc                _EZDSP5535_I2C_write
00027d22                _EZDSP5535_I2C_read
00027d4a                _IRQ_plug
00027dd6                _EZDSP5535_GPIO_init
00027e01                _EZDSP5535_GPIO_setDirection
00027e25                _EZDSP5535_GPIO_setOutput
00027e3f                _EZDSP5535_GPIO_getInput
00027e5d                _ltoa
00027eda                _fclose
00027f55                __frcmpyd
00027fcb                __frcmpyd_div
0002803e                __remul
000280b0                __fixdli
0002818c                _readmsg
000281f9                _fseek
00028264                __fltlid
000282cb                _atoi
00028327                _EZDSP5535_wait
0002835b                _EZDSP5535_waitusec
0002836d                _EZDSP5535_init
0002837b                _printf
000283cb                _auto_init
00028418                __args_main
00028463                __remli
000284ae                __divli
000284f6                _memcpy
00028535                _exit
00028573                _c_int00
000285a7                __fixdi
000285d1                I$$UDIV
000285d1                __divu
000285e6                I$$UMOD
000285e6                __remu
000285fb                _memccpy
0002861e                ___isinf
00028638                __subd
0002864c                I$$LMPY
0002864c                __mpyli
0002865f                __register_unlock
00028667                __register_lock
0002866f                __nop
00028671                __negd
00028681                _remove
0002868b                _abort
0002868c                C$$EXIT
            00020000    __CIOBUF_
            00020120    ___cinit__
            00020120    cinit
0004fe00                RST
0004fe00                _VECSTART
0004ff00                _Reset
ffffffff                .bss
ffffffff                .data
ffffffff                .text
ffffffff                ___binit__
ffffffff                ___bss__
ffffffff                ___c_args__
ffffffff                ___data__
ffffffff                ___edata__
ffffffff                ___end__
ffffffff                ___etext__
ffffffff                ___pinit__
ffffffff                ___text__
ffffffff                binit
ffffffff                edata
ffffffff                end
ffffffff                etext
ffffffff                pinit

[280 symbols]
