******************************************************************************
              TMS320C55x Linker PC v4.4.1                      
******************************************************************************
>> Linked Thu Mar 29 15:33:02 2018

OUTPUT FILE NAME:   <EQ.out>
ENTRY POINT SYMBOL: "_c_int00"  address: 000285ac


MEMORY CONFIGURATION

         name            origin    length      used     unused   attr    fill
                        (bytes)   (bytes)    (bytes)   (bytes)
----------------------  --------  ---------  --------  --------  ----  --------
PAGE 0:
  MMR                   00000000   000000c0  00000000  000000c0  RWIX
  DARAM0                000000c0   0000ff40  00006774  000097cc  RWIX
  SARAM0                00010000   00010000  00000000  00010000  RWIX
  SARAM1                00020000   00020000  000086ce  00017932  RWIX
  SARAM2                00040000   0000fe00  00000378  0000fa88  RWIX
  VECS                  0004fe00   00000200  00000200  00000000  RWIX
  PDROM                 00ff8000   00008000  00000000  00008000  R IX

PAGE 2:
  IOPORT                00000000   00020000  00000000  00020000  RWI 


SECTION ALLOCATION MAP
(Addresses surrounded by []'s are displayed for convenience only!)

output                                                          attributes/
section   page  orgn(bytes) orgn(words) len(bytes) len(words)   input sections
--------  ----  ----------- ----------- ---------- ----------   --------------
.pinit       0   [ 00040000 ]  00020000          *   00000000   UNINITIALIZED

.stack       0   [ 000000c0 ]  00000060          *   00001000   UNINITIALIZED
                 [ 000000c0 ]  00000060          *   00001000   --HOLE--

.data        0   [ 000000c0 ]  00000060          *   00000000   UNINITIALIZED

.sysstack 
*            0   [ 000020c0 ]  00001060          *   00000800   UNINITIALIZED
                 [ 000020c0 ]  00001060          *   00000800   --HOLE--

.sysmem      0   [ 000030c0 ]  00001860          *   00001000   UNINITIALIZED
                 [ 000030c0 ]  00001860          *   00001000   --HOLE--

.bss.1       0   [ 000050c0 ]  00002860          *   00000721   UNINITIALIZED
                 [ 000050c0 ]  00002860          *   00000408   ezdsp5535_aic3204_dma.obj (.bss)
                 [ 000058d0 ]  00002c68          *   0000012f   main.obj (.bss)
                 [ 00005b2e ]  00002d97          *   00000001   rts55x.lib : fopen.obj (.bss)
                 [ 00005b30 ]  00002d98          *   00000119              : defs.obj (.bss)
                 [ 00005d62 ]  00002eb1          *   000000d0              : trgdrv.obj (.bss)

.bss.2       0   [ 00005f04 ]  00002f82          *   0000011f   UNINITIALIZED
                 [ 00005f04 ]  00002f82          *   00000084   cslVC5505.lib : csl_intc.obj (.bss)
                 [ 0000600c ]  00003006          *   00000071   rts55x.lib : lowlev.obj (.bss)
                 [ 000060ee ]  00003077          *   0000002a   cslVC5505.lib : csl_i2s.obj (.bss)

.bss.3       0   [ 00006144 ]  000030a2          *   00000030   UNINITIALIZED
                 [ 00006144 ]  000030a2          *   00000012   cslVC5505.lib : csl_i2c.obj (.bss)
                 [ 00006168 ]  000030b4          *   00000008   ezdsp5535bsl.lib : ezdsp5535_sar.obj (.bss)
                 [ 00006178 ]  000030bc          *   00000006   rts55x.lib : memory.obj (.bss)
                 [ 00006184 ]  000030c2          *   00000004   ezdsp5535bsl.lib : ezdsp5535_gpio.obj (.bss)
                 [ 0000618c ]  000030c6          *   00000004   rts55x.lib : _lock.obj (.bss)
                 [ 00006194 ]  000030ca          *   00000004              : exit.obj (.bss)
                 [ 0000619c ]  000030ce          *   00000002   aic3204.obj (.bss)
                 [ 000061a0 ]  000030d0          *   00000002   ezdsp5535bsl.lib : ezdsp5535_i2s.obj (.bss)

.const       0   [ 000061a4 ]  000030d2          *   0000034a   
                 [ 000061a4 ]  000030d2          *   00000174   aic3204_init.obj (.const:.string)
                 [ 0000648c ]  00003246          *   00000101   rts55x.lib : ctype.obj (.const:__ctypes_)
                 [ 0000668e ]  00003347          *   00000060   print_number.obj (.const:_consolas_8ptBitmaps)
                 [ 0000674e ]  000033a7          *   00000001   print_number.obj (.const)
                 [ 00006750 ]  000033a8          *   00000026   main.obj (.const:.string)
                 [ 0000679c ]  000033ce          *   00000024   rts55x.lib : _printfi.obj (.const:.string)
                 [ 000067e4 ]  000033f2          *   0000000c   main.obj (.const)
                 [ 000067fc ]  000033fe          *   0000000c   rts55x.lib : _printfi.obj (.const)
                 [ 00006814 ]  0000340a          *   00000008              : divd.obj (.const:_initial_approx$1)
                 [ 00006824 ]  00003412          *   00000006   processing.obj (.const)
                 [ 00006830 ]  00003418          *   00000002   rts55x.lib : fputs.obj (.const:.string)
                 [ 00006834 ]  0000341a          *   00000002              : fltlid.obj (.const)

.text        0     00020000  [ 00010000 ] 000086ce          *   
                   00020000  [ 00010000 ] 000015a4          *   rts55x.lib : _printfi.obj (.text)
                   000215a4  [ 00010ad2 ] 00000c3c          *   cslVC5505.lib : csl_i2c.obj (.text)
                   000221e0  [ 000110f0 ] 00000b18          *                 : csl_sar.obj (.text)
                   00022cf8  [ 0001167c ] 000009f3          *                 : csl_i2s.obj (.text)
                   000236eb  [ 00011b75+] 0000068d          *                 : csl_gpio.obj (.text)
                   00023d78  [ 00011ebc ] 000005b5          *   aic3204_init.obj (.text)
                   0002432d  [ 00012196+] 00000554          *   cslVC5505.lib : csl_intc.obj (.text)
                   00024881  [ 00012440+] 00000543          *   rts55x.lib : lowlev.obj (.text)
                   00024dc4  [ 000126e2 ] 00000528          *              : trgdrv.obj (.text)
                   000252ec  [ 00012976 ] 000004b5          *              : memory.obj (.text)
                   000257a1  [ 00012bd0+] 000003cc          *              : divd.obj (.text)
                   00025b6d  [ 00012db6+] 0000031b          *   ezdsp5535_aic3204_dma.obj (.text)
                   00025e88  [ 00012f44 ] 000002d2          *   print_number.obj (.text)
                   0002615a  [ 000130ad ] 0000027f          *   rts55x.lib : fopen.obj (.text)
                   000263d9  [ 000131ec+] 00000267          *   main.obj (.text)
                   00026640  [ 00013320 ] 0000025e          *   rts55x.lib : llmpy.obj (.text)
                   0002689e  [ 0001344f ] 0000025a          *              : addd.obj (.text)
                   00026af8  [ 0001357c ] 0000021c          *   processing.obj (.text)
                   00026d14  [ 0001368a ] 000001ea          *   rts55x.lib : cmpd.obj (.text)
                   00026efe  [ 0001377f ] 00000192          *   ezdsp5535bsl.lib : ezdsp5535_lcd.obj (.text)
                   00027090  [ 00013848 ] 0000017a          *                    : ezdsp5535_sar.obj (.text)
                   0002720a  [ 00013905 ] 00000163          *   rts55x.lib : fputs.obj (.text)
                   0002736d  [ 000139b6+] 0000014c          *              : mpyd.obj (.text)
                   000274b9  [ 00013a5c+] 00000120          *   iir.obj (.text)
                   000275d9  [ 00013aec+] 00000107          *   ezdsp5535bsl.lib : ezdsp5535_i2s.obj (.text)
                   000276e0  [ 00013b70 ] 000000e6          *   rts55x.lib : setvbuf.obj (.text)
                   000277c6  [ 00013be3 ] 000000dd          *              : _io_perm.obj (.text)
                   000278a3  [ 00013c51+] 000000cc          *   ezdsp5535_aic3204_dma.obj (.text:retain)
                   0002796f  [ 00013cb7+] 000000c3          *   aic3204.obj (.text)
                   00027a32  [ 00013d19 ] 000000c2          *   rts55x.lib : fflush.obj (.text)
                   00027af4  [ 00013d7a ] 000000ba          *              : trgmsg.obj (.text:CIO_breakpoint)
                   00027bae  [ 00013dd7 ] 000000a6          *              : fputc.obj (.text)
                   00027c54  [ 00013e2a ] 000000a1          *              : divul.obj (.text)
                   00027cf5  [ 00013e7a+] 0000008e          *   ezdsp5535bsl.lib : ezdsp5535_i2c.obj (.text)
                   00027d83  [ 00013ec1+] 0000008c          *   cslVC5505.lib : csl_irqplug.obj (.text)
                   00027e0f  [ 00013f07+] 00000087          *   ezdsp5535bsl.lib : ezdsp5535_gpio.obj (.text)
                   00027e96  [ 00013f4b ] 0000007d          *   rts55x.lib : ltoa.obj (.text)
                   00027f13  [ 00013f89+] 0000007b          *              : fclose.obj (.text)
                   00027f8e  [ 00013fc7 ] 00000076          *              : frcmpyd.obj (.text)
                   00028004  [ 00014002 ] 00000073          *              : frcmpyd_div.obj (.text)
                   00028077  [ 0001403b+] 00000072          *              : remul.obj (.text)
                   000280e9  [ 00014074+] 0000006f          *              : fixdli.obj (.text)
                   00028158  [ 000140ac ] 0000006d          *   cslVC5505.lib : vectors.obj (.text)
                   000281c5  [ 000140e2+] 0000006d          *   rts55x.lib : trgmsg.obj (.text)
                   00028232  [ 00014119 ] 0000006b          *              : fseek.obj (.text)
                   0002829d  [ 0001414e+] 00000067          *              : fltlid.obj (.text)
                   00028304  [ 00014182 ] 0000005c          *              : atoi.obj (.text)
                   00028360  [ 000141b0 ] 00000054          *   ezdsp5535bsl.lib : ezdsp5535.obj (.text)
                   000283b4  [ 000141da ] 00000050          *   rts55x.lib : printf.obj (.text)
                   00028404  [ 00014202 ] 0000004d          *              : autoinit.obj (.text)
                   00028451  [ 00014228+] 0000004b          *              : args_main.obj (.text)
                   0002849c  [ 0001424e ] 0000004b          *              : remli.obj (.text)
                   000284e7  [ 00014273+] 00000048          *              : divli.obj (.text)
                   0002852f  [ 00014297+] 0000003f          *              : memcpy.obj (.text)
                   0002856e  [ 000142b7 ] 0000003e          *              : exit.obj (.text)
                   000285ac  [ 000142d6 ] 00000034          *              : boot.obj (.text)
                   000285e0  [ 000142f0 ] 0000002a          *              : fixdi.obj (.text)
                   0002860a  [ 00014305 ] 0000002a          *              : udiv.obj (.text)
                   00028634  [ 0001431a ] 00000023          *              : memccpy.obj (.text)
                   00028657  [ 0001432b+] 0000001a          *              : isinf.obj (.text)
                   00028671  [ 00014338+] 00000014          *              : subd.obj (.text)
                   00028685  [ 00014342+] 00000013          *              : lmpy.obj (.text)
                   00028698  [ 0001434c ] 00000012          *              : _lock.obj (.text)
                   000286aa  [ 00014355 ] 00000010          *              : negd.obj (.text)
                   000286ba  [ 0001435d ] 0000000a          *              : remove.obj (.text)
                   000286c4  [ 00014362 ] 00000007          *              : exit.obj (.text:CIO_breakpoint)
                   000286cb  [ 00014365+] 00000002          *              : vectors.obj (.text)
                   000286cd  [ 00014366 ] 00000001          *   --HOLE-- [fill = 20]

.cio         0   [ 00040000 ]  00020000          *   00000120   UNINITIALIZED
                 [ 00040000 ]  00020000          *   00000120   rts55x.lib : trgmsg.obj (.cio)

.cinit       0   [ 00040240 ]  00020120          *   00000088   
                 [ 00040240 ]  00020120          *   0000002d   rts55x.lib : lowlev.obj (.cinit)
                 [ 0004029a ]  0002014d          *   0000002a              : defs.obj (.cinit)
                 [ 000402ee ]  00020177          *   0000000c   ezdsp5535bsl.lib : ezdsp5535_sar.obj (.cinit)
                 [ 00040306 ]  00020183          *   0000000a   rts55x.lib : _lock.obj (.cinit)
                 [ 0004031a ]  0002018d          *   0000000a              : exit.obj (.cinit)
                 [ 0004032e ]  00020197          *   00000008   cslVC5505.lib : csl_i2s.obj (.cinit)
                 [ 0004033e ]  0002019f          *   00000004   rts55x.lib : fopen.obj (.cinit)
                 [ 00040346 ]  000201a3          *   00000004              : memory.obj (.cinit)
                 [ 0004034e ]  000201a7          *   00000001   --HOLE-- [fill = 0]

.switch      0   [ 00040350 ]  000201a8          *   00000014   
                 [ 00040350 ]  000201a8          *   00000014   print_number.obj (.switch:_printChar)

vectors      0     0004fe00  [ 00027f00 ] 00000200          *   
                   0004fe00  [ 00027f00 ] 00000100          *   cslVC5505.lib : vectors.obj (vectors)
                   0004ff00  [ 00027f80 ] 00000100          *   rts55x.lib : vectors.obj (vectors)


GLOBAL SYMBOLS: SORTED ALPHABETICALLY BY Name 

abs. value/
byte addr   word addr   name
---------   ---------   ----
00000002                $TI_capability$C5500$CallingConvention
00000002                $TI_capability$C5500$MemoryModel
00000001                $TI_capability_requires_rev3
ffffffff                .bss
ffffffff                .data
ffffffff                .text
000286c5                C$$EXIT
00027ba9                C$$IO$$
00028685                I$$LMPY
0002860a                I$$UDIV
0002861f                I$$UMOD
0004fe00                RST
0002796f                _AIC3204_rget
000279ba                _AIC3204_rset
            00002868    _DMA_InputL
            00002968    _DMA_InputR
            00002a68    _DMA_OutputL
            00002b68    _DMA_OutputR
00027e78                _EZDSP5535_GPIO_getInput
00027e0f                _EZDSP5535_GPIO_init
00027e3a                _EZDSP5535_GPIO_setDirection
00027e5e                _EZDSP5535_GPIO_setOutput
00027cf5                _EZDSP5535_I2C_init
00027d5b                _EZDSP5535_I2C_read
00027d2a                _EZDSP5535_I2C_reset
00027d35                _EZDSP5535_I2C_write
000276ce                _EZDSP5535_I2S_close
000275d9                _EZDSP5535_I2S_init
00027632                _EZDSP5535_I2S_readLeft
00027691                _EZDSP5535_I2S_readRight
00027664                _EZDSP5535_I2S_writeLeft
000276b2                _EZDSP5535_I2S_writeRight
00026f71                _EZDSP5535_OSD9616_init
00026f26                _EZDSP5535_OSD9616_multiSend
00027053                _EZDSP5535_OSD9616_printLetter
00026efe                _EZDSP5535_OSD9616_send
00027156                _EZDSP5535_SAR_getKey
00027090                _EZDSP5535_SAR_init
000283a6                _EZDSP5535_init
00028360                _EZDSP5535_wait
00028394                _EZDSP5535_waitusec
00023bd6                _GPIO_clearInt
0002372f                _GPIO_close
00023753                _GPIO_config
00023986                _GPIO_configBit
00023ace                _GPIO_disableInt
00023b4c                _GPIO_enableInt
000237d8                _GPIO_getConfig
000236eb                _GPIO_open
00023860                _GPIO_read
00023ce9                _GPIO_reset
00023c62                _GPIO_statusBit
000238e3                _GPIO_write
            000030c2    _GpioObj
0002528e                _HOSTclock
00025223                _HOSTclose
0002516e                _HOSTlseek
000250cf                _HOSTopen
00025042                _HOSTread
00024f94                _HOSTrename
00024f36                _HOSTtime
00024ecc                _HOSTunlink
00024e3f                _HOSTwrite
0002164d                _I2C_config
00022018                _I2C_eventDisable
00021ee4                _I2C_eventEnable
000217b2                _I2C_getConfig
000221c4                _I2C_getEventId
000215a4                _I2C_init
00021cc6                _I2C_read
00022137                _I2C_setCallback
00021888                _I2C_setup
00021a82                _I2C_write
0002312d                _I2S_close
00022cf8                _I2S_open
000231df                _I2S_read
000235ef                _I2S_reset
00022e3f                _I2S_setup
000236a0                _I2S_transEnable
00023499                _I2S_write
000243c7                _IRQ_clear
00024431                _IRQ_clearAll
00024441                _IRQ_config
00024567                _IRQ_disable
000245e5                _IRQ_disableAll
000245f3                _IRQ_enable
000246ed                _IRQ_getArg
000244d4                _IRQ_getConfig
0002483b                _IRQ_globalDisable
00024854                _IRQ_globalEnable
0002486d                _IRQ_globalRestore
0002432d                _IRQ_init
00024766                _IRQ_map
00027d83                _IRQ_plug
0002467d                _IRQ_restore
00024733                _IRQ_setArg
00024798                _IRQ_setVecs
000247c9                _IRQ_test
0004ff00                _Reset
00022763                _SAR_A2DMeasParamSet
00022bdd                _SAR_GPODirSet
000222da                _SAR_chanClose
0002235e                _SAR_chanConfig
0002265a                _SAR_chanCycSet
0002225d                _SAR_chanInit
00022278                _SAR_chanOpen
00022446                _SAR_chanSetup
0002223d                _SAR_deInit
000223d4                _SAR_getConfig
00022cb9                _SAR_getStatus
000221e0                _SAR_init
00022722                _SAR_readData
000226a9                _SAR_startConversion
000226db                _SAR_stopConversion
            000030b8    _SarHandle
            000030b4    _SarObj
0004fe00                _VECSTART
            00020000    __CIOBUF_
000242d4                __I2S_init
            00001060    __STACK_END
00002000                __STACK_SIZE
00002000                __SYSMEM_SIZE
00001000                __SYSSTACK_SIZE
00000001                __TI_args_main
ffffffff                ___binit__
ffffffff                ___bss__
ffffffff                ___c_args__
            00020120    ___cinit__
ffffffff                ___data__
ffffffff                ___edata__
ffffffff                ___end__
ffffffff                ___etext__
00028657                ___isinf
ffffffff                ___pinit__
ffffffff                ___text__
0002689e                __addd
00028451                __args_main
0002627b                __cleanup
            000030ca    __cleanup_ptr
00026ea6                __cmpd
            00003246    __ctypes_
000257a1                __divd
000284e7                __divli
00026869                __divlli
0002860a                __divu
00027c54                __divul
00026775                __divull
00027a32                __doflush
            000030cc    __dtors_ptr
00026e72                __eqld
000285e0                __fixdi
000280e9                __fixdli
0002829d                __fltlid
00027f8e                __frcmpyd
00028004                __frcmpyd_div
            00002eb0    __ft_end
            00002d98    __ftable
00026e28                __geqd
00026ddd                __gtrd
00026d90                __leqd
            000030c6    __lock
00026d48                __lssd
0002736d                __mpyd
00028685                __mpyli
000266bd                __mpylli
000286aa                __negd
00026d14                __neqd
000286a8                __nop
00021362                __printfi
00027846                __rd_ok
000286a0                __register_lock
00028698                __register_unlock
0002849c                __remli
0002668e                __remlli
0002861f                __remu
00028077                __remul
00026640                __remull
            00000060    __stack
00028671                __subd
            00001860    __sys_memory
            00001060    __sysstack
            00002e10    __tmpnams
            000030c8    __unlock
000277c6                __wrt_ok
000286c4                _abort
00024cd4                _add_device
00027a07                _aic3204_codec_read
00027a1e                _aic3204_codec_write
000279f6                _aic3204_disable
00025b6d                _aic3204_dma_init
000279e4                _aic3204_hardware_init
00023d78                _aic3204_init
00025cf8                _aic3204_read_block
00025dad                _aic3204_write_block
00028304                _atoi
00028404                _auto_init
000285ac                _c_int00
00026b3f                _calculatePeekCoeff
00026af8                _calculateShelvingCoeff
0002577b                _calloc
00025773                _chkheap
00025f26                _clearLCD
00024c61                _close
            00003347    _consolas_8ptBitmaps
            000030ce    _counter1
            000030cf    _counter2
0002856e                _exit
00027f13                _fclose
00027a9b                _fflush
00024c58                _find_registered_device
000274b9                _first_order_IIR
0002639e                _fopen
00027bae                _fputc
0002720a                _fputs
000252ec                _free
0002571d                _free_memory
000262d5                _freopen
            0000309f    _fsError
00028232                _fseek
            000030a2    _gI2cObj
00024dc4                _getenv
            000030c4    _hGpio
            000030d0    _hI2s
            000030b2    _i2cHandle
00025e88                _initPrintNumber
            00002d94    _k
            00002d95    _key
            000030ba    _keyCnt1
            000030bb    _keyCnt2
00024bf2                _lseek
00027e96                _ltoa
000263d9                _main
0002541d                _malloc
000256c3                _max_free
00028634                _memccpy
0002852f                _memcpy
            00002d96    _menjam
000253b8                _minit
00024b33                _open
            000030a0    _ouError
            00002d84    _peekingCoeff1
            00002d8a    _peekingCoeff2
            000030b7    _preKey
00025ff4                _printChar
000283b4                _printf
00027bae                _putc
00027c45                _putchar
0002733f                _puts
00024a85                _read
000281c5                _readmsg
00025512                _realloc
000286ba                _remove
00024a4f                _remove_device
000249f6                _rename
            00002c68    _sampleBufferL
            00002ce8    _sampleBufferR
00027520                _second_order_IIR
00025fd2                _setWritePointerToFirstChar
00023f69                _set_sampling_frequency_and_gain
000276e0                _setvbuf
            00002d80    _shelvingCoeffHP
            00002d7c    _shelvingCoeffLP
00026c4b                _shelvingHP
00026be3                _shelvingLP
00026cac                _shelvingPeek
            000033a7    _sign_width
            00002d90    _sw1current
            00002d92    _sw1previous
            00002d91    _sw2current
            00002d93    _sw2previous
000249c3                _unlink
00024881                _write
00027af4                _writemsg
            00002d78    _z_xH
            00002d74    _z_xL
            00002d6b    _z_xPEEK1
            00002d71    _z_xPEEK2
            00002d7a    _z_yH
            00002d76    _z_yL
            00002d68    _z_yPEEK1
            00002d6e    _z_yPEEK2
ffffffff                binit
            00020120    cinit
ffffffff                edata
ffffffff                end
ffffffff                etext
ffffffff                pinit


GLOBAL SYMBOLS: SORTED BY Symbol Address 

abs. value/
byte addr   word addr   name
---------   ---------   ----
00000001                $TI_capability_requires_rev3
00000001                __TI_args_main
00000002                $TI_capability$C5500$CallingConvention
00000002                $TI_capability$C5500$MemoryModel
            00000060    __stack
00001000                __SYSSTACK_SIZE
00002000                __STACK_SIZE
00002000                __SYSMEM_SIZE
            00001060    __STACK_END
            00001060    __sysstack
            00001860    __sys_memory
            00002868    _DMA_InputL
            00002968    _DMA_InputR
            00002a68    _DMA_OutputL
            00002b68    _DMA_OutputR
            00002c68    _sampleBufferL
            00002ce8    _sampleBufferR
            00002d68    _z_yPEEK1
            00002d6b    _z_xPEEK1
            00002d6e    _z_yPEEK2
            00002d71    _z_xPEEK2
            00002d74    _z_xL
            00002d76    _z_yL
            00002d78    _z_xH
            00002d7a    _z_yH
            00002d7c    _shelvingCoeffLP
            00002d80    _shelvingCoeffHP
            00002d84    _peekingCoeff1
            00002d8a    _peekingCoeff2
            00002d90    _sw1current
            00002d91    _sw2current
            00002d92    _sw1previous
            00002d93    _sw2previous
            00002d94    _k
            00002d95    _key
            00002d96    _menjam
            00002d98    __ftable
            00002e10    __tmpnams
            00002eb0    __ft_end
            0000309f    _fsError
            000030a0    _ouError
            000030a2    _gI2cObj
            000030b2    _i2cHandle
            000030b4    _SarObj
            000030b7    _preKey
            000030b8    _SarHandle
            000030ba    _keyCnt1
            000030bb    _keyCnt2
            000030c2    _GpioObj
            000030c4    _hGpio
            000030c6    __lock
            000030c8    __unlock
            000030ca    __cleanup_ptr
            000030cc    __dtors_ptr
            000030ce    _counter1
            000030cf    _counter2
            000030d0    _hI2s
            00003246    __ctypes_
            00003347    _consolas_8ptBitmaps
            000033a7    _sign_width
00021362                __printfi
000215a4                _I2C_init
0002164d                _I2C_config
000217b2                _I2C_getConfig
00021888                _I2C_setup
00021a82                _I2C_write
00021cc6                _I2C_read
00021ee4                _I2C_eventEnable
00022018                _I2C_eventDisable
00022137                _I2C_setCallback
000221c4                _I2C_getEventId
000221e0                _SAR_init
0002223d                _SAR_deInit
0002225d                _SAR_chanInit
00022278                _SAR_chanOpen
000222da                _SAR_chanClose
0002235e                _SAR_chanConfig
000223d4                _SAR_getConfig
00022446                _SAR_chanSetup
0002265a                _SAR_chanCycSet
000226a9                _SAR_startConversion
000226db                _SAR_stopConversion
00022722                _SAR_readData
00022763                _SAR_A2DMeasParamSet
00022bdd                _SAR_GPODirSet
00022cb9                _SAR_getStatus
00022cf8                _I2S_open
00022e3f                _I2S_setup
0002312d                _I2S_close
000231df                _I2S_read
00023499                _I2S_write
000235ef                _I2S_reset
000236a0                _I2S_transEnable
000236eb                _GPIO_open
0002372f                _GPIO_close
00023753                _GPIO_config
000237d8                _GPIO_getConfig
00023860                _GPIO_read
000238e3                _GPIO_write
00023986                _GPIO_configBit
00023ace                _GPIO_disableInt
00023b4c                _GPIO_enableInt
00023bd6                _GPIO_clearInt
00023c62                _GPIO_statusBit
00023ce9                _GPIO_reset
00023d78                _aic3204_init
00023f69                _set_sampling_frequency_and_gain
000242d4                __I2S_init
0002432d                _IRQ_init
000243c7                _IRQ_clear
00024431                _IRQ_clearAll
00024441                _IRQ_config
000244d4                _IRQ_getConfig
00024567                _IRQ_disable
000245e5                _IRQ_disableAll
000245f3                _IRQ_enable
0002467d                _IRQ_restore
000246ed                _IRQ_getArg
00024733                _IRQ_setArg
00024766                _IRQ_map
00024798                _IRQ_setVecs
000247c9                _IRQ_test
0002483b                _IRQ_globalDisable
00024854                _IRQ_globalEnable
0002486d                _IRQ_globalRestore
00024881                _write
000249c3                _unlink
000249f6                _rename
00024a4f                _remove_device
00024a85                _read
00024b33                _open
00024bf2                _lseek
00024c58                _find_registered_device
00024c61                _close
00024cd4                _add_device
00024dc4                _getenv
00024e3f                _HOSTwrite
00024ecc                _HOSTunlink
00024f36                _HOSTtime
00024f94                _HOSTrename
00025042                _HOSTread
000250cf                _HOSTopen
0002516e                _HOSTlseek
00025223                _HOSTclose
0002528e                _HOSTclock
000252ec                _free
000253b8                _minit
0002541d                _malloc
00025512                _realloc
000256c3                _max_free
0002571d                _free_memory
00025773                _chkheap
0002577b                _calloc
000257a1                __divd
00025b6d                _aic3204_dma_init
00025cf8                _aic3204_read_block
00025dad                _aic3204_write_block
00025e88                _initPrintNumber
00025f26                _clearLCD
00025fd2                _setWritePointerToFirstChar
00025ff4                _printChar
0002627b                __cleanup
000262d5                _freopen
0002639e                _fopen
000263d9                _main
00026640                __remull
0002668e                __remlli
000266bd                __mpylli
00026775                __divull
00026869                __divlli
0002689e                __addd
00026af8                _calculateShelvingCoeff
00026b3f                _calculatePeekCoeff
00026be3                _shelvingLP
00026c4b                _shelvingHP
00026cac                _shelvingPeek
00026d14                __neqd
00026d48                __lssd
00026d90                __leqd
00026ddd                __gtrd
00026e28                __geqd
00026e72                __eqld
00026ea6                __cmpd
00026efe                _EZDSP5535_OSD9616_send
00026f26                _EZDSP5535_OSD9616_multiSend
00026f71                _EZDSP5535_OSD9616_init
00027053                _EZDSP5535_OSD9616_printLetter
00027090                _EZDSP5535_SAR_init
00027156                _EZDSP5535_SAR_getKey
0002720a                _fputs
0002733f                _puts
0002736d                __mpyd
000274b9                _first_order_IIR
00027520                _second_order_IIR
000275d9                _EZDSP5535_I2S_init
00027632                _EZDSP5535_I2S_readLeft
00027664                _EZDSP5535_I2S_writeLeft
00027691                _EZDSP5535_I2S_readRight
000276b2                _EZDSP5535_I2S_writeRight
000276ce                _EZDSP5535_I2S_close
000276e0                _setvbuf
000277c6                __wrt_ok
00027846                __rd_ok
0002796f                _AIC3204_rget
000279ba                _AIC3204_rset
000279e4                _aic3204_hardware_init
000279f6                _aic3204_disable
00027a07                _aic3204_codec_read
00027a1e                _aic3204_codec_write
00027a32                __doflush
00027a9b                _fflush
00027af4                _writemsg
00027ba9                C$$IO$$
00027bae                _fputc
00027bae                _putc
00027c45                _putchar
00027c54                __divul
00027cf5                _EZDSP5535_I2C_init
00027d2a                _EZDSP5535_I2C_reset
00027d35                _EZDSP5535_I2C_write
00027d5b                _EZDSP5535_I2C_read
00027d83                _IRQ_plug
00027e0f                _EZDSP5535_GPIO_init
00027e3a                _EZDSP5535_GPIO_setDirection
00027e5e                _EZDSP5535_GPIO_setOutput
00027e78                _EZDSP5535_GPIO_getInput
00027e96                _ltoa
00027f13                _fclose
00027f8e                __frcmpyd
00028004                __frcmpyd_div
00028077                __remul
000280e9                __fixdli
000281c5                _readmsg
00028232                _fseek
0002829d                __fltlid
00028304                _atoi
00028360                _EZDSP5535_wait
00028394                _EZDSP5535_waitusec
000283a6                _EZDSP5535_init
000283b4                _printf
00028404                _auto_init
00028451                __args_main
0002849c                __remli
000284e7                __divli
0002852f                _memcpy
0002856e                _exit
000285ac                _c_int00
000285e0                __fixdi
0002860a                I$$UDIV
0002860a                __divu
0002861f                I$$UMOD
0002861f                __remu
00028634                _memccpy
00028657                ___isinf
00028671                __subd
00028685                I$$LMPY
00028685                __mpyli
00028698                __register_unlock
000286a0                __register_lock
000286a8                __nop
000286aa                __negd
000286ba                _remove
000286c4                _abort
000286c5                C$$EXIT
            00020000    __CIOBUF_
            00020120    ___cinit__
            00020120    cinit
0004fe00                RST
0004fe00                _VECSTART
0004ff00                _Reset
ffffffff                .bss
ffffffff                .data
ffffffff                .text
ffffffff                ___binit__
ffffffff                ___bss__
ffffffff                ___c_args__
ffffffff                ___data__
ffffffff                ___edata__
ffffffff                ___end__
ffffffff                ___etext__
ffffffff                ___pinit__
ffffffff                ___text__
ffffffff                binit
ffffffff                edata
ffffffff                end
ffffffff                etext
ffffffff                pinit

[287 symbols]
