******************************************************************************
              TMS320C55x Linker PC v4.4.1                      
******************************************************************************
>> Linked Tue Mar 27 04:00:05 2018

OUTPUT FILE NAME:   <EQ sim.out>
ENTRY POINT SYMBOL: "_c_int00"  address: 00024b63


MEMORY CONFIGURATION

         name            origin    length      used     unused   attr    fill
                        (bytes)   (bytes)    (bytes)   (bytes)
----------------------  --------  ---------  --------  --------  ----  --------
PAGE 0:
  MMR                   00000000   000000c0  00000000  000000c0  RWIX
  DARAM0                000000c0   0000ff40  0000639a  00009ba6  RWIX
  SARAM0                00010000   00010000  00000000  00010000  RWIX
  SARAM1                00020000   00020000  00004c8f  0001b371  RWIX
  SARAM2                00040000   0000fe00  00000344  0000fabc  RWIX
  VECS                  0004fe00   00000200  00000100  00000100  RWIX
  PDROM                 00ff8000   00008000  00000000  00008000  R IX

PAGE 2:
  IOPORT                00000000   00020000  00000000  00020000  RWI 


SECTION ALLOCATION MAP
(Addresses surrounded by []'s are displayed for convenience only!)

output                                                          attributes/
section   page  orgn(bytes) orgn(words) len(bytes) len(words)   input sections
--------  ----  ----------- ----------- ---------- ----------   --------------
.pinit       0   [ 00040000 ]  00020000          *   00000000   UNINITIALIZED

.stack       0   [ 000000c0 ]  00000060          *   00001000   UNINITIALIZED
                 [ 000000c0 ]  00000060          *   00001000   --HOLE--

.data        0   [ 000000c0 ]  00000060          *   00000000   UNINITIALIZED

.sysstack 
*            0   [ 000020c0 ]  00001060          *   00000800   UNINITIALIZED
                 [ 000020c0 ]  00001060          *   00000800   --HOLE--

.sysmem      0   [ 000030c0 ]  00001860          *   00001000   UNINITIALIZED
                 [ 000030c0 ]  00001860          *   00001000   --HOLE--

.bss.1       0   [ 000050c0 ]  00002860          *   00000783   UNINITIALIZED
                 [ 000050c0 ]  00002860          *   00000400   ezdsp5535_aic3204_dma.obj (.bss)
                 [ 000058c0 ]  00002c60          *   00000128   main.obj (.bss)
                 [ 00005b10 ]  00002d88          *   00000119   rts55x.lib : defs.obj (.bss)
                 [ 00005d42 ]  00002ea1          *   000000d0              : trgdrv.obj (.bss)
                 [ 00005ee2 ]  00002f71          *   00000001              : fopen.obj (.bss)
                 [ 00005ee4 ]  00002f72          *   00000071              : lowlev.obj (.bss)

.bss.2       0   [ 00005fc8 ]  00002fe4          *   0000000b   UNINITIALIZED
                 [ 00005fc8 ]  00002fe4          *   00000006   rts55x.lib : memory.obj (.bss)
                 [ 00005fd4 ]  00002fea          *   00000005   aic3204.obj (.bss)

.bss.3       0   [ 00005fe0 ]  00002ff0          *   0000000c   UNINITIALIZED
                 [ 00005fe0 ]  00002ff0          *   00000004   aic3204_init.obj (.bss)
                 [ 00005fe8 ]  00002ff4          *   00000004   rts55x.lib : _lock.obj (.bss)
                 [ 00005ff0 ]  00002ff8          *   00000004              : exit.obj (.bss)

.const.1     0   [ 00005ff8 ]  00002ffc          *   00000199   
                 [ 00005ff8 ]  00002ffc          *   00000101   rts55x.lib : ctype.obj (.const:__ctypes_)
                 [ 000061fa ]  000030fd          *   00000001   print_number.obj (.const)
                 [ 000061fc ]  000030fe          *   00000097   aic3204_init.obj (.const:.string)

.const.2     0   [ 0000632c ]  00003196          *   0000003d   
                 [ 0000632c ]  00003196          *   0000003d   main.obj (.const:.string)

.const.3     0   [ 000063a8 ]  000031d4          *   00000039   
                 [ 000063a8 ]  000031d4          *   00000024   rts55x.lib : _printfi.obj (.const:.string)
                 [ 000063f0 ]  000031f8          *   00000015   print_number.obj (.const:.string)

.const.4     0   [ 0000641c ]  0000320e          *   00000024   
                 [ 0000641c ]  0000320e          *   0000000c   main.obj (.const)
                 [ 00006434 ]  0000321a          *   0000000c   rts55x.lib : _printfi.obj (.const)
                 [ 0000644c ]  00003226          *   00000008              : divd.obj (.const:_initial_approx$1)
                 [ 0000645c ]  0000322e          *   00000002              : fputs.obj (.const:.string)
                 [ 00006460 ]  00003230          *   00000002              : fltlid.obj (.const)

.text        0     00020000  [ 00010000 ] 00004c8f          *   
                   00020000  [ 00010000 ] 000015a4          *   rts55x.lib : _printfi.obj (.text)
                   000215a4  [ 00010ad2 ] 00000543          *              : lowlev.obj (.text)
                   00021ae7  [ 00010d73+] 00000528          *              : trgdrv.obj (.text)
                   0002200f  [ 00011007+] 000004b5          *              : memory.obj (.text)
                   000224c4  [ 00011262 ] 000003cc          *              : divd.obj (.text)
                   00022890  [ 00011448 ] 0000027f          *              : fopen.obj (.text)
                   00022b0f  [ 00011587+] 0000025e          *              : llmpy.obj (.text)
                   00022d6d  [ 000116b6+] 0000025a          *              : addd.obj (.text)
                   00022fc7  [ 000117e3+] 000001ee          *              : fwrite.obj (.text)
                   000231b5  [ 000118da+] 000001ea          *              : cmpd.obj (.text)
                   0002339f  [ 000119cf+] 000001cc          *   processing.obj (.text)
                   0002356b  [ 00011ab5+] 000001c2          *   main.obj (.text)
                   0002372d  [ 00011b96+] 00000163          *   rts55x.lib : fputs.obj (.text)
                   00023890  [ 00011c48 ] 00000152          *   ezdsp5535_aic3204_dma.obj (.text)
                   000239e2  [ 00011cf1 ] 0000014c          *   rts55x.lib : mpyd.obj (.text)
                   00023b2e  [ 00011d97 ] 00000120          *   iir.obj (.text)
                   00023c4e  [ 00011e27 ] 0000010f          *   rts55x.lib : fread.obj (.text)
                   00023d5d  [ 00011eae+] 000000f6          *   aic3204_init.obj (.text)
                   00023e53  [ 00011f29+] 000000f2          *   aic3204.obj (.text)
                   00023f45  [ 00011fa2+] 000000e6          *   rts55x.lib : setvbuf.obj (.text)
                   0002402b  [ 00012015+] 000000dd          *              : _io_perm.obj (.text)
                   00024108  [ 00012084 ] 000000c2          *              : fflush.obj (.text)
                   000241ca  [ 000120e5 ] 000000ba          *              : trgmsg.obj (.text:CIO_breakpoint)
                   00024284  [ 00012142 ] 000000ae          *              : _bufread.obj (.text)
                   00024332  [ 00012199 ] 000000a6          *              : fputc.obj (.text)
                   000243d8  [ 000121ec ] 000000a1          *              : divul.obj (.text)
                   00024479  [ 0001223c+] 0000007d          *              : ltoa.obj (.text)
                   000244f6  [ 0001227b ] 0000007b          *              : fclose.obj (.text)
                   00024571  [ 000122b8+] 00000076          *              : frcmpyd.obj (.text)
                   000245e7  [ 000122f3+] 00000073          *              : frcmpyd_div.obj (.text)
                   0002465a  [ 0001232d ] 00000072          *              : remul.obj (.text)
                   000246cc  [ 00012366 ] 0000006f          *              : fixdli.obj (.text)
                   0002473b  [ 0001239d+] 0000006d          *              : trgmsg.obj (.text)
                   000247a8  [ 000123d4 ] 0000006b          *              : fseek.obj (.text)
                   00024813  [ 00012409+] 00000067          *              : fltlid.obj (.text)
                   0002487a  [ 0001243d ] 0000005c          *              : atoi.obj (.text)
                   000248d6  [ 0001246b ] 00000054          *   ezdsp5535bsl.lib : ezdsp5535.obj (.text)
                   0002492a  [ 00012495 ] 00000050          *   rts55x.lib : printf.obj (.text)
                   0002497a  [ 000124bd ] 0000004d          *              : autoinit.obj (.text)
                   000249c7  [ 000124e3+] 0000004b          *              : args_main.obj (.text)
                   00024a12  [ 00012509 ] 0000004b          *              : remli.obj (.text)
                   00024a5d  [ 0001252e+] 00000048          *              : divli.obj (.text)
                   00024aa5  [ 00012552+] 00000041          *   print_number.obj (.text)
                   00024ae6  [ 00012573 ] 0000003f          *   rts55x.lib : memcpy.obj (.text)
                   00024b25  [ 00012592+] 0000003e          *              : exit.obj (.text)
                   00024b63  [ 000125b1+] 00000034          *              : boot.obj (.text)
                   00024b97  [ 000125cb+] 0000002a          *              : fixdi.obj (.text)
                   00024bc1  [ 000125e0+] 0000002a          *              : udiv.obj (.text)
                   00024beb  [ 000125f5+] 00000023          *              : memccpy.obj (.text)
                   00024c0e  [ 00012607 ] 0000001a          *              : isinf.obj (.text)
                   00024c28  [ 00012614 ] 00000014          *              : subd.obj (.text)
                   00024c3c  [ 0001261e ] 00000013          *              : lmpy.obj (.text)
                   00024c4f  [ 00012627+] 00000012          *              : _lock.obj (.text)
                   00024c61  [ 00012630+] 00000010          *              : negd.obj (.text)
                   00024c71  [ 00012638+] 0000000a          *   EZDSP5535_SAR_sim.obj (.text)
                   00024c7b  [ 0001263d+] 0000000a          *   rts55x.lib : remove.obj (.text)
                   00024c85  [ 00012642+] 00000007          *              : exit.obj (.text:CIO_breakpoint)
                   00024c8c  [ 00012646 ] 00000002          *              : vectors.obj (.text)
                   00024c8e  [ 00012647 ] 00000001          *   --HOLE-- [fill = 20]

.cio         0   [ 00040000 ]  00020000          *   00000120   UNINITIALIZED
                 [ 00040000 ]  00020000          *   00000120   rts55x.lib : trgmsg.obj (.cio)

.cinit       0   [ 00040240 ]  00020120          *   00000082   
                 [ 00040240 ]  00020120          *   0000002d   rts55x.lib : lowlev.obj (.cinit)
                 [ 0004029a ]  0002014d          *   0000002a              : defs.obj (.cinit)
                 [ 000402ee ]  00020177          *   0000000a   aic3204_init.obj (.cinit)
                 [ 00040302 ]  00020181          *   0000000a   rts55x.lib : _lock.obj (.cinit)
                 [ 00040316 ]  0002018b          *   0000000a              : exit.obj (.cinit)
                 [ 0004032a ]  00020195          *   00000004   aic3204.obj (.cinit)
                 [ 00040332 ]  00020199          *   00000004   rts55x.lib : fopen.obj (.cinit)
                 [ 0004033a ]  0002019d          *   00000004              : memory.obj (.cinit)
                 [ 00040342 ]  000201a1          *   00000001   --HOLE-- [fill = 0]

vectors      0     0004fe00  [ 00027f00 ] 00000100          *   
                   0004fe00  [ 00027f00 ] 00000100          *   rts55x.lib : vectors.obj (vectors)


GLOBAL SYMBOLS: SORTED ALPHABETICALLY BY Name 

abs. value/
byte addr   word addr   name
---------   ---------   ----
00000002                $TI_capability$C5500$CallingConvention
00000002                $TI_capability$C5500$MemoryModel
00000001                $TI_capability_requires_rev3
ffffffff                .bss
ffffffff                .data
ffffffff                .text
00024c86                C$$EXIT
0002427f                C$$IO$$
00024c3c                I$$LMPY
00024bc1                I$$UDIV
00024bd6                I$$UMOD
00024c75                _EZDSP5535_SAR_getKey
00024c71                _EZDSP5535_SAR_init
0002491c                _EZDSP5535_init
000248d6                _EZDSP5535_wait
0002490a                _EZDSP5535_waitusec
00021fb1                _HOSTclock
00021f46                _HOSTclose
00021e91                _HOSTlseek
00021df2                _HOSTopen
00021d65                _HOSTread
00021cb7                _HOSTrename
00021c59                _HOSTtime
00021bef                _HOSTunlink
00021b62                _HOSTwrite
0004fe00                _Reset
            00002860    _SimulatorInput
            00002a60    _SimulatorOutput
            00020000    __CIOBUF_
            00001060    __STACK_END
00002000                __STACK_SIZE
00002000                __SYSMEM_SIZE
00001000                __SYSSTACK_SIZE
00000001                __TI_args_main
ffffffff                ___binit__
ffffffff                ___bss__
ffffffff                ___c_args__
            00020120    ___cinit__
ffffffff                ___data__
ffffffff                ___edata__
ffffffff                ___end__
ffffffff                ___etext__
00024c0e                ___isinf
ffffffff                ___pinit__
ffffffff                ___text__
00022d6d                __addd
000249c7                __args_main
00024284                __buff_read
000229b1                __cleanup
            00002ff8    __cleanup_ptr
00023347                __cmpd
            00002ffc    __ctypes_
000224c4                __divd
00024a5d                __divli
00022d38                __divlli
00024bc1                __divu
000243d8                __divul
00022c44                __divull
00024108                __doflush
            00002ffa    __dtors_ptr
00023313                __eqld
00024b97                __fixdi
000246cc                __fixdli
00024813                __fltlid
00024571                __frcmpyd
000245e7                __frcmpyd_div
            00002ea0    __ft_end
            00002d88    __ftable
000232c9                __geqd
0002327e                __gtrd
00023231                __leqd
            00002ff4    __lock
000231e9                __lssd
000239e2                __mpyd
00024c3c                __mpyli
00022b8c                __mpylli
00024c61                __negd
000231b5                __neqd
00024c5f                __nop
00021362                __printfi
000240ab                __rd_ok
00024c57                __register_lock
00024c4f                __register_unlock
00024a12                __remli
00022b5d                __remlli
00024bd6                __remu
0002465a                __remul
00022b0f                __remull
            00000060    __stack
00024c28                __subd
            00001860    __sys_memory
            00001060    __sysstack
            00002e00    __tmpnams
            00002ff6    __unlock
0002402b                __wrt_ok
00024c85                _abort
000219f7                _add_device
00023e89                _aic3204_codec_read
00023ef9                _aic3204_codec_write
00023e55                _aic3204_disable
00023890                _aic3204_dma_init
            00002fee    _aic3204_enabled
00023e53                _aic3204_hardware_init
00023d81                _aic3204_init
00023892                _aic3204_read_block
00023d5d                _aic3204_set_input_filename
00023d6f                _aic3204_set_output_filename
00023943                _aic3204_write_block
0002487a                _atoi
0002497a                _auto_init
00024b63                _c_int00
000233d7                _calculatePeekCoeff
0002339f                _calculateShelvingCoeff
0002249e                _calloc
00022496                _chkheap
00024aa7                _clearLCD
00021984                _close
00024b25                _exit
000244f6                _fclose
00024171                _fflush
0002197b                _find_registered_device
00023b2e                _first_order_IIR
00022ad4                _fopen
00024332                _fputc
0002372d                _fputs
00023c4e                _fread
0002200f                _free
00022440                _free_memory
00022a0b                _freopen
000247a8                _fseek
00022fc7                _fwrite
00021ae7                _getenv
00024aa5                _initPrintNumber
            00002fea    _input_file
00021915                _lseek
00024479                _ltoa
0002356b                _main
00022140                _malloc
000223e6                _max_free
00024beb                _memccpy
00024ae6                _memcpy
000220db                _minit
00021856                _open
            00002fec    _output_file
            00002d7c    _peekingCoeff1
            00002d82    _peekingCoeff2
00024acd                _printChar
0002492a                _printf
00024332                _putc
000243c9                _putchar
00023862                _puts
000217a8                _read
0002473b                _readmsg
00022235                _realloc
00024c7b                _remove
00021772                _remove_device
00021719                _rename
            00002c60    _sampleBufferL
            00002ce0    _sampleBufferR
00023b95                _second_order_IIR
00024aba                _setWritePointerToFirstChar
00023e46                _set_sampling_frequency_and_gain
00023f45                _setvbuf
            00002d78    _shelvingCoeffHP
            00002d74    _shelvingCoeffLP
000234a2                _shelvingHP
0002343a                _shelvingLP
00023503                _shelvingPeek
            000030fd    _sign_width
000216e6                _unlink
000215a4                _write
000241ca                _writemsg
            00002d70    _z_xH
            00002d6c    _z_xL
            00002d63    _z_xPEEK1
            00002d69    _z_xPEEK2
            00002d72    _z_yH
            00002d6e    _z_yL
            00002d60    _z_yPEEK1
            00002d66    _z_yPEEK2
ffffffff                binit
            00020120    cinit
ffffffff                edata
ffffffff                end
ffffffff                etext
ffffffff                pinit


GLOBAL SYMBOLS: SORTED BY Symbol Address 

abs. value/
byte addr   word addr   name
---------   ---------   ----
00000001                $TI_capability_requires_rev3
00000001                __TI_args_main
00000002                $TI_capability$C5500$CallingConvention
00000002                $TI_capability$C5500$MemoryModel
            00000060    __stack
00001000                __SYSSTACK_SIZE
00002000                __STACK_SIZE
00002000                __SYSMEM_SIZE
            00001060    __STACK_END
            00001060    __sysstack
            00001860    __sys_memory
            00002860    _SimulatorInput
            00002a60    _SimulatorOutput
            00002c60    _sampleBufferL
            00002ce0    _sampleBufferR
            00002d60    _z_yPEEK1
            00002d63    _z_xPEEK1
            00002d66    _z_yPEEK2
            00002d69    _z_xPEEK2
            00002d6c    _z_xL
            00002d6e    _z_yL
            00002d70    _z_xH
            00002d72    _z_yH
            00002d74    _shelvingCoeffLP
            00002d78    _shelvingCoeffHP
            00002d7c    _peekingCoeff1
            00002d82    _peekingCoeff2
            00002d88    __ftable
            00002e00    __tmpnams
            00002ea0    __ft_end
            00002fea    _input_file
            00002fec    _output_file
            00002fee    _aic3204_enabled
            00002ff4    __lock
            00002ff6    __unlock
            00002ff8    __cleanup_ptr
            00002ffa    __dtors_ptr
            00002ffc    __ctypes_
            000030fd    _sign_width
00021362                __printfi
000215a4                _write
000216e6                _unlink
00021719                _rename
00021772                _remove_device
000217a8                _read
00021856                _open
00021915                _lseek
0002197b                _find_registered_device
00021984                _close
000219f7                _add_device
00021ae7                _getenv
00021b62                _HOSTwrite
00021bef                _HOSTunlink
00021c59                _HOSTtime
00021cb7                _HOSTrename
00021d65                _HOSTread
00021df2                _HOSTopen
00021e91                _HOSTlseek
00021f46                _HOSTclose
00021fb1                _HOSTclock
0002200f                _free
000220db                _minit
00022140                _malloc
00022235                _realloc
000223e6                _max_free
00022440                _free_memory
00022496                _chkheap
0002249e                _calloc
000224c4                __divd
000229b1                __cleanup
00022a0b                _freopen
00022ad4                _fopen
00022b0f                __remull
00022b5d                __remlli
00022b8c                __mpylli
00022c44                __divull
00022d38                __divlli
00022d6d                __addd
00022fc7                _fwrite
000231b5                __neqd
000231e9                __lssd
00023231                __leqd
0002327e                __gtrd
000232c9                __geqd
00023313                __eqld
00023347                __cmpd
0002339f                _calculateShelvingCoeff
000233d7                _calculatePeekCoeff
0002343a                _shelvingLP
000234a2                _shelvingHP
00023503                _shelvingPeek
0002356b                _main
0002372d                _fputs
00023862                _puts
00023890                _aic3204_dma_init
00023892                _aic3204_read_block
00023943                _aic3204_write_block
000239e2                __mpyd
00023b2e                _first_order_IIR
00023b95                _second_order_IIR
00023c4e                _fread
00023d5d                _aic3204_set_input_filename
00023d6f                _aic3204_set_output_filename
00023d81                _aic3204_init
00023e46                _set_sampling_frequency_and_gain
00023e53                _aic3204_hardware_init
00023e55                _aic3204_disable
00023e89                _aic3204_codec_read
00023ef9                _aic3204_codec_write
00023f45                _setvbuf
0002402b                __wrt_ok
000240ab                __rd_ok
00024108                __doflush
00024171                _fflush
000241ca                _writemsg
0002427f                C$$IO$$
00024284                __buff_read
00024332                _fputc
00024332                _putc
000243c9                _putchar
000243d8                __divul
00024479                _ltoa
000244f6                _fclose
00024571                __frcmpyd
000245e7                __frcmpyd_div
0002465a                __remul
000246cc                __fixdli
0002473b                _readmsg
000247a8                _fseek
00024813                __fltlid
0002487a                _atoi
000248d6                _EZDSP5535_wait
0002490a                _EZDSP5535_waitusec
0002491c                _EZDSP5535_init
0002492a                _printf
0002497a                _auto_init
000249c7                __args_main
00024a12                __remli
00024a5d                __divli
00024aa5                _initPrintNumber
00024aa7                _clearLCD
00024aba                _setWritePointerToFirstChar
00024acd                _printChar
00024ae6                _memcpy
00024b25                _exit
00024b63                _c_int00
00024b97                __fixdi
00024bc1                I$$UDIV
00024bc1                __divu
00024bd6                I$$UMOD
00024bd6                __remu
00024beb                _memccpy
00024c0e                ___isinf
00024c28                __subd
00024c3c                I$$LMPY
00024c3c                __mpyli
00024c4f                __register_unlock
00024c57                __register_lock
00024c5f                __nop
00024c61                __negd
00024c71                _EZDSP5535_SAR_init
00024c75                _EZDSP5535_SAR_getKey
00024c7b                _remove
00024c85                _abort
00024c86                C$$EXIT
            00020000    __CIOBUF_
            00020120    ___cinit__
            00020120    cinit
0004fe00                _Reset
ffffffff                .bss
ffffffff                .data
ffffffff                .text
ffffffff                ___binit__
ffffffff                ___bss__
ffffffff                ___c_args__
ffffffff                ___data__
ffffffff                ___edata__
ffffffff                ___end__
ffffffff                ___etext__
ffffffff                ___pinit__
ffffffff                ___text__
ffffffff                binit
ffffffff                edata
ffffffff                end
ffffffff                etext
ffffffff                pinit

[186 symbols]
