<?xml version="1.0"?>
<link_info>
   <banner>TMS320C55x Linker PC v4.4.1</banner>
   <copyright>Copyright (c) 1996-2012 Texas Instruments Incorporated</copyright>
   <link_time>0x5ab9a5a5</link_time>
   <output_file>EQ sim.out</output_file>
   <entry_point>
      <name>_c_int00</name>
      <address>0x24b63</address>
   </entry_point>
   <input_file_list>
      <input_file id="fl-2">
         <path>.\</path>
         <kind>object</kind>
         <file>EZDSP5535_SAR_sim.obj</file>
         <name>EZDSP5535_SAR_sim.obj</name>
      </input_file>
      <input_file id="fl-3">
         <path>.\</path>
         <kind>object</kind>
         <file>aic3204.obj</file>
         <name>aic3204.obj</name>
      </input_file>
      <input_file id="fl-4">
         <path>.\</path>
         <kind>object</kind>
         <file>aic3204_init.obj</file>
         <name>aic3204_init.obj</name>
      </input_file>
      <input_file id="fl-5">
         <path>.\</path>
         <kind>object</kind>
         <file>ezdsp5535_aic3204_dma.obj</file>
         <name>ezdsp5535_aic3204_dma.obj</name>
      </input_file>
      <input_file id="fl-6">
         <path>.\</path>
         <kind>object</kind>
         <file>iir.obj</file>
         <name>iir.obj</name>
      </input_file>
      <input_file id="fl-7">
         <path>.\</path>
         <kind>object</kind>
         <file>main.obj</file>
         <name>main.obj</name>
      </input_file>
      <input_file id="fl-8">
         <path>.\</path>
         <kind>object</kind>
         <file>print_number.obj</file>
         <name>print_number.obj</name>
      </input_file>
      <input_file id="fl-9">
         <path>.\</path>
         <kind>object</kind>
         <file>processing.obj</file>
         <name>processing.obj</name>
      </input_file>
      <input_file id="fl-13">
         <path>..\lib\</path>
         <kind>archive</kind>
         <file>ezdsp5535bsl.lib</file>
         <name>ezdsp5535.obj</name>
      </input_file>
      <input_file id="fl-27">
         <path>C:\ti\ccs6\ccsv6\tools\compiler\c5500_4.4.1\lib\</path>
         <kind>archive</kind>
         <file>rts55x.lib</file>
         <name>boot.obj</name>
      </input_file>
      <input_file id="fl-28">
         <path>C:\ti\ccs6\ccsv6\tools\compiler\c5500_4.4.1\lib\</path>
         <kind>archive</kind>
         <file>rts55x.lib</file>
         <name>exit.obj</name>
      </input_file>
      <input_file id="fl-29">
         <path>C:\ti\ccs6\ccsv6\tools\compiler\c5500_4.4.1\lib\</path>
         <kind>archive</kind>
         <file>rts55x.lib</file>
         <name>fclose.obj</name>
      </input_file>
      <input_file id="fl-2a">
         <path>C:\ti\ccs6\ccsv6\tools\compiler\c5500_4.4.1\lib\</path>
         <kind>archive</kind>
         <file>rts55x.lib</file>
         <name>fflush.obj</name>
      </input_file>
      <input_file id="fl-2b">
         <path>C:\ti\ccs6\ccsv6\tools\compiler\c5500_4.4.1\lib\</path>
         <kind>archive</kind>
         <file>rts55x.lib</file>
         <name>fixdi.obj</name>
      </input_file>
      <input_file id="fl-2c">
         <path>C:\ti\ccs6\ccsv6\tools\compiler\c5500_4.4.1\lib\</path>
         <kind>archive</kind>
         <file>rts55x.lib</file>
         <name>fixdli.obj</name>
      </input_file>
      <input_file id="fl-2d">
         <path>C:\ti\ccs6\ccsv6\tools\compiler\c5500_4.4.1\lib\</path>
         <kind>archive</kind>
         <file>rts55x.lib</file>
         <name>fopen.obj</name>
      </input_file>
      <input_file id="fl-2e">
         <path>C:\ti\ccs6\ccsv6\tools\compiler\c5500_4.4.1\lib\</path>
         <kind>archive</kind>
         <file>rts55x.lib</file>
         <name>fread.obj</name>
      </input_file>
      <input_file id="fl-2f">
         <path>C:\ti\ccs6\ccsv6\tools\compiler\c5500_4.4.1\lib\</path>
         <kind>archive</kind>
         <file>rts55x.lib</file>
         <name>fwrite.obj</name>
      </input_file>
      <input_file id="fl-30">
         <path>C:\ti\ccs6\ccsv6\tools\compiler\c5500_4.4.1\lib\</path>
         <kind>archive</kind>
         <file>rts55x.lib</file>
         <name>lmpy.obj</name>
      </input_file>
      <input_file id="fl-31">
         <path>C:\ti\ccs6\ccsv6\tools\compiler\c5500_4.4.1\lib\</path>
         <kind>archive</kind>
         <file>rts55x.lib</file>
         <name>lowlev.obj</name>
      </input_file>
      <input_file id="fl-32">
         <path>C:\ti\ccs6\ccsv6\tools\compiler\c5500_4.4.1\lib\</path>
         <kind>archive</kind>
         <file>rts55x.lib</file>
         <name>memcpy.obj</name>
      </input_file>
      <input_file id="fl-33">
         <path>C:\ti\ccs6\ccsv6\tools\compiler\c5500_4.4.1\lib\</path>
         <kind>archive</kind>
         <file>rts55x.lib</file>
         <name>memory.obj</name>
      </input_file>
      <input_file id="fl-34">
         <path>C:\ti\ccs6\ccsv6\tools\compiler\c5500_4.4.1\lib\</path>
         <kind>archive</kind>
         <file>rts55x.lib</file>
         <name>printf.obj</name>
      </input_file>
      <input_file id="fl-35">
         <path>C:\ti\ccs6\ccsv6\tools\compiler\c5500_4.4.1\lib\</path>
         <kind>archive</kind>
         <file>rts55x.lib</file>
         <name>remove.obj</name>
      </input_file>
      <input_file id="fl-36">
         <path>C:\ti\ccs6\ccsv6\tools\compiler\c5500_4.4.1\lib\</path>
         <kind>archive</kind>
         <file>rts55x.lib</file>
         <name>trgdrv.obj</name>
      </input_file>
      <input_file id="fl-37">
         <path>C:\ti\ccs6\ccsv6\tools\compiler\c5500_4.4.1\lib\</path>
         <kind>archive</kind>
         <file>rts55x.lib</file>
         <name>trgmsg.obj</name>
      </input_file>
      <input_file id="fl-38">
         <path>C:\ti\ccs6\ccsv6\tools\compiler\c5500_4.4.1\lib\</path>
         <kind>archive</kind>
         <file>rts55x.lib</file>
         <name>udiv.obj</name>
      </input_file>
      <input_file id="fl-39">
         <path>C:\ti\ccs6\ccsv6\tools\compiler\c5500_4.4.1\lib\</path>
         <kind>archive</kind>
         <file>rts55x.lib</file>
         <name>vectors.obj</name>
      </input_file>
      <input_file id="fl-3a">
         <path>C:\ti\ccs6\ccsv6\tools\compiler\c5500_4.4.1\lib\</path>
         <kind>archive</kind>
         <file>rts55x.lib</file>
         <name>_bufread.obj</name>
      </input_file>
      <input_file id="fl-3b">
         <path>C:\ti\ccs6\ccsv6\tools\compiler\c5500_4.4.1\lib\</path>
         <kind>archive</kind>
         <file>rts55x.lib</file>
         <name>_io_perm.obj</name>
      </input_file>
      <input_file id="fl-3c">
         <path>C:\ti\ccs6\ccsv6\tools\compiler\c5500_4.4.1\lib\</path>
         <kind>archive</kind>
         <file>rts55x.lib</file>
         <name>_lock.obj</name>
      </input_file>
      <input_file id="fl-3d">
         <path>C:\ti\ccs6\ccsv6\tools\compiler\c5500_4.4.1\lib\</path>
         <kind>archive</kind>
         <file>rts55x.lib</file>
         <name>_printfi.obj</name>
      </input_file>
      <input_file id="fl-3e">
         <path>C:\ti\ccs6\ccsv6\tools\compiler\c5500_4.4.1\lib\</path>
         <kind>archive</kind>
         <file>rts55x.lib</file>
         <name>args_main.obj</name>
      </input_file>
      <input_file id="fl-3f">
         <path>C:\ti\ccs6\ccsv6\tools\compiler\c5500_4.4.1\lib\</path>
         <kind>archive</kind>
         <file>rts55x.lib</file>
         <name>atoi.obj</name>
      </input_file>
      <input_file id="fl-40">
         <path>C:\ti\ccs6\ccsv6\tools\compiler\c5500_4.4.1\lib\</path>
         <kind>archive</kind>
         <file>rts55x.lib</file>
         <name>autoinit.obj</name>
      </input_file>
      <input_file id="fl-41">
         <path>C:\ti\ccs6\ccsv6\tools\compiler\c5500_4.4.1\lib\</path>
         <kind>archive</kind>
         <file>rts55x.lib</file>
         <name>cmpd.obj</name>
      </input_file>
      <input_file id="fl-42">
         <path>C:\ti\ccs6\ccsv6\tools\compiler\c5500_4.4.1\lib\</path>
         <kind>archive</kind>
         <file>rts55x.lib</file>
         <name>ctype.obj</name>
      </input_file>
      <input_file id="fl-43">
         <path>C:\ti\ccs6\ccsv6\tools\compiler\c5500_4.4.1\lib\</path>
         <kind>archive</kind>
         <file>rts55x.lib</file>
         <name>defs.obj</name>
      </input_file>
      <input_file id="fl-44">
         <path>C:\ti\ccs6\ccsv6\tools\compiler\c5500_4.4.1\lib\</path>
         <kind>archive</kind>
         <file>rts55x.lib</file>
         <name>divd.obj</name>
      </input_file>
      <input_file id="fl-45">
         <path>C:\ti\ccs6\ccsv6\tools\compiler\c5500_4.4.1\lib\</path>
         <kind>archive</kind>
         <file>rts55x.lib</file>
         <name>divul.obj</name>
      </input_file>
      <input_file id="fl-46">
         <path>C:\ti\ccs6\ccsv6\tools\compiler\c5500_4.4.1\lib\</path>
         <kind>archive</kind>
         <file>rts55x.lib</file>
         <name>fltlid.obj</name>
      </input_file>
      <input_file id="fl-47">
         <path>C:\ti\ccs6\ccsv6\tools\compiler\c5500_4.4.1\lib\</path>
         <kind>archive</kind>
         <file>rts55x.lib</file>
         <name>fputc.obj</name>
      </input_file>
      <input_file id="fl-48">
         <path>C:\ti\ccs6\ccsv6\tools\compiler\c5500_4.4.1\lib\</path>
         <kind>archive</kind>
         <file>rts55x.lib</file>
         <name>fputs.obj</name>
      </input_file>
      <input_file id="fl-49">
         <path>C:\ti\ccs6\ccsv6\tools\compiler\c5500_4.4.1\lib\</path>
         <kind>archive</kind>
         <file>rts55x.lib</file>
         <name>frcmpyd_div.obj</name>
      </input_file>
      <input_file id="fl-4a">
         <path>C:\ti\ccs6\ccsv6\tools\compiler\c5500_4.4.1\lib\</path>
         <kind>archive</kind>
         <file>rts55x.lib</file>
         <name>fseek.obj</name>
      </input_file>
      <input_file id="fl-4b">
         <path>C:\ti\ccs6\ccsv6\tools\compiler\c5500_4.4.1\lib\</path>
         <kind>archive</kind>
         <file>rts55x.lib</file>
         <name>isinf.obj</name>
      </input_file>
      <input_file id="fl-4c">
         <path>C:\ti\ccs6\ccsv6\tools\compiler\c5500_4.4.1\lib\</path>
         <kind>archive</kind>
         <file>rts55x.lib</file>
         <name>llmpy.obj</name>
      </input_file>
      <input_file id="fl-4d">
         <path>C:\ti\ccs6\ccsv6\tools\compiler\c5500_4.4.1\lib\</path>
         <kind>archive</kind>
         <file>rts55x.lib</file>
         <name>ltoa.obj</name>
      </input_file>
      <input_file id="fl-4e">
         <path>C:\ti\ccs6\ccsv6\tools\compiler\c5500_4.4.1\lib\</path>
         <kind>archive</kind>
         <file>rts55x.lib</file>
         <name>memccpy.obj</name>
      </input_file>
      <input_file id="fl-4f">
         <path>C:\ti\ccs6\ccsv6\tools\compiler\c5500_4.4.1\lib\</path>
         <kind>archive</kind>
         <file>rts55x.lib</file>
         <name>mpyd.obj</name>
      </input_file>
      <input_file id="fl-50">
         <path>C:\ti\ccs6\ccsv6\tools\compiler\c5500_4.4.1\lib\</path>
         <kind>archive</kind>
         <file>rts55x.lib</file>
         <name>negd.obj</name>
      </input_file>
      <input_file id="fl-51">
         <path>C:\ti\ccs6\ccsv6\tools\compiler\c5500_4.4.1\lib\</path>
         <kind>archive</kind>
         <file>rts55x.lib</file>
         <name>remli.obj</name>
      </input_file>
      <input_file id="fl-52">
         <path>C:\ti\ccs6\ccsv6\tools\compiler\c5500_4.4.1\lib\</path>
         <kind>archive</kind>
         <file>rts55x.lib</file>
         <name>remul.obj</name>
      </input_file>
      <input_file id="fl-53">
         <path>C:\ti\ccs6\ccsv6\tools\compiler\c5500_4.4.1\lib\</path>
         <kind>archive</kind>
         <file>rts55x.lib</file>
         <name>setvbuf.obj</name>
      </input_file>
      <input_file id="fl-54">
         <path>C:\ti\ccs6\ccsv6\tools\compiler\c5500_4.4.1\lib\</path>
         <kind>archive</kind>
         <file>rts55x.lib</file>
         <name>subd.obj</name>
      </input_file>
      <input_file id="fl-55">
         <path>C:\ti\ccs6\ccsv6\tools\compiler\c5500_4.4.1\lib\</path>
         <kind>archive</kind>
         <file>rts55x.lib</file>
         <name>addd.obj</name>
      </input_file>
      <input_file id="fl-56">
         <path>C:\ti\ccs6\ccsv6\tools\compiler\c5500_4.4.1\lib\</path>
         <kind>archive</kind>
         <file>rts55x.lib</file>
         <name>divli.obj</name>
      </input_file>
      <input_file id="fl-57">
         <path>C:\ti\ccs6\ccsv6\tools\compiler\c5500_4.4.1\lib\</path>
         <kind>archive</kind>
         <file>rts55x.lib</file>
         <name>frcmpyd.obj</name>
      </input_file>
   </input_file_list>
   <object_component_list>
      <object_component id="oc-b2">
         <name>.text</name>
         <load_address>0x20000</load_address>
         <run_address>0x20000</run_address>
         <size>0x15a4</size>
         <input_file_ref idref="fl-3d"/>
      </object_component>
      <object_component id="oc-78">
         <name>.text</name>
         <load_address>0x215a4</load_address>
         <run_address>0x215a4</run_address>
         <size>0x543</size>
         <input_file_ref idref="fl-31"/>
      </object_component>
      <object_component id="oc-91">
         <name>.text</name>
         <load_address>0x21ae7</load_address>
         <run_address>0x21ae7</run_address>
         <size>0x528</size>
         <input_file_ref idref="fl-36"/>
      </object_component>
      <object_component id="oc-82">
         <name>.text</name>
         <load_address>0x2200f</load_address>
         <run_address>0x2200f</run_address>
         <size>0x4b5</size>
         <input_file_ref idref="fl-33"/>
      </object_component>
      <object_component id="oc-ce">
         <name>.text</name>
         <load_address>0x224c4</load_address>
         <run_address>0x224c4</run_address>
         <size>0x3cc</size>
         <input_file_ref idref="fl-44"/>
      </object_component>
      <object_component id="oc-66">
         <name>.text</name>
         <load_address>0x22890</load_address>
         <run_address>0x22890</run_address>
         <size>0x27f</size>
         <input_file_ref idref="fl-2d"/>
      </object_component>
      <object_component id="oc-f0">
         <name>.text</name>
         <load_address>0x22b0f</load_address>
         <run_address>0x22b0f</run_address>
         <size>0x25e</size>
         <input_file_ref idref="fl-4c"/>
      </object_component>
      <object_component id="oc-114">
         <name>.text</name>
         <load_address>0x22d6d</load_address>
         <run_address>0x22d6d</run_address>
         <size>0x25a</size>
         <input_file_ref idref="fl-55"/>
      </object_component>
      <object_component id="oc-70">
         <name>.text</name>
         <load_address>0x22fc7</load_address>
         <run_address>0x22fc7</run_address>
         <size>0x1ee</size>
         <input_file_ref idref="fl-2f"/>
      </object_component>
      <object_component id="oc-c4">
         <name>.text</name>
         <load_address>0x231b5</load_address>
         <run_address>0x231b5</run_address>
         <size>0x1ea</size>
         <input_file_ref idref="fl-41"/>
      </object_component>
      <object_component id="oc-41">
         <name>.text</name>
         <load_address>0x2339f</load_address>
         <run_address>0x2339f</run_address>
         <size>0x1cc</size>
         <input_file_ref idref="fl-9"/>
      </object_component>
      <object_component id="oc-32">
         <name>.text</name>
         <load_address>0x2356b</load_address>
         <run_address>0x2356b</run_address>
         <size>0x1c2</size>
         <input_file_ref idref="fl-7"/>
      </object_component>
      <object_component id="oc-df">
         <name>.text</name>
         <load_address>0x2372d</load_address>
         <run_address>0x2372d</run_address>
         <size>0x163</size>
         <input_file_ref idref="fl-48"/>
      </object_component>
      <object_component id="oc-27">
         <name>.text</name>
         <load_address>0x23890</load_address>
         <run_address>0x23890</run_address>
         <size>0x152</size>
         <input_file_ref idref="fl-5"/>
      </object_component>
      <object_component id="oc-fc">
         <name>.text</name>
         <load_address>0x239e2</load_address>
         <run_address>0x239e2</run_address>
         <size>0x14c</size>
         <input_file_ref idref="fl-4f"/>
      </object_component>
      <object_component id="oc-2d">
         <name>.text</name>
         <load_address>0x23b2e</load_address>
         <run_address>0x23b2e</run_address>
         <size>0x120</size>
         <input_file_ref idref="fl-6"/>
      </object_component>
      <object_component id="oc-6c">
         <name>.text</name>
         <load_address>0x23c4e</load_address>
         <run_address>0x23c4e</run_address>
         <size>0x10f</size>
         <input_file_ref idref="fl-2e"/>
      </object_component>
      <object_component id="oc-1f">
         <name>.text</name>
         <load_address>0x23d5d</load_address>
         <run_address>0x23d5d</run_address>
         <size>0xf6</size>
         <input_file_ref idref="fl-4"/>
      </object_component>
      <object_component id="oc-18">
         <name>.text</name>
         <load_address>0x23e53</load_address>
         <run_address>0x23e53</run_address>
         <size>0xf2</size>
         <input_file_ref idref="fl-3"/>
      </object_component>
      <object_component id="oc-10c">
         <name>.text</name>
         <load_address>0x23f45</load_address>
         <run_address>0x23f45</run_address>
         <size>0xe6</size>
         <input_file_ref idref="fl-53"/>
      </object_component>
      <object_component id="oc-a8">
         <name>.text</name>
         <load_address>0x2402b</load_address>
         <run_address>0x2402b</run_address>
         <size>0xdd</size>
         <input_file_ref idref="fl-3b"/>
      </object_component>
      <object_component id="oc-5a">
         <name>.text</name>
         <load_address>0x24108</load_address>
         <run_address>0x24108</run_address>
         <size>0xc2</size>
         <input_file_ref idref="fl-2a"/>
      </object_component>
      <object_component id="oc-99">
         <name>.text:CIO_breakpoint</name>
         <load_address>0x241ca</load_address>
         <run_address>0x241ca</run_address>
         <size>0xba</size>
         <input_file_ref idref="fl-37"/>
      </object_component>
      <object_component id="oc-a4">
         <name>.text</name>
         <load_address>0x24284</load_address>
         <run_address>0x24284</run_address>
         <size>0xae</size>
         <input_file_ref idref="fl-3a"/>
      </object_component>
      <object_component id="oc-db">
         <name>.text</name>
         <load_address>0x24332</load_address>
         <run_address>0x24332</run_address>
         <size>0xa6</size>
         <input_file_ref idref="fl-47"/>
      </object_component>
      <object_component id="oc-d2">
         <name>.text</name>
         <load_address>0x243d8</load_address>
         <run_address>0x243d8</run_address>
         <size>0xa1</size>
         <input_file_ref idref="fl-45"/>
      </object_component>
      <object_component id="oc-f4">
         <name>.text</name>
         <load_address>0x24479</load_address>
         <run_address>0x24479</run_address>
         <size>0x7d</size>
         <input_file_ref idref="fl-4d"/>
      </object_component>
      <object_component id="oc-56">
         <name>.text</name>
         <load_address>0x244f6</load_address>
         <run_address>0x244f6</run_address>
         <size>0x7b</size>
         <input_file_ref idref="fl-29"/>
      </object_component>
      <object_component id="oc-11c">
         <name>.text</name>
         <load_address>0x24571</load_address>
         <run_address>0x24571</run_address>
         <size>0x76</size>
         <input_file_ref idref="fl-57"/>
      </object_component>
      <object_component id="oc-e4">
         <name>.text</name>
         <load_address>0x245e7</load_address>
         <run_address>0x245e7</run_address>
         <size>0x73</size>
         <input_file_ref idref="fl-49"/>
      </object_component>
      <object_component id="oc-108">
         <name>.text</name>
         <load_address>0x2465a</load_address>
         <run_address>0x2465a</run_address>
         <size>0x72</size>
         <input_file_ref idref="fl-52"/>
      </object_component>
      <object_component id="oc-62">
         <name>.text</name>
         <load_address>0x246cc</load_address>
         <run_address>0x246cc</run_address>
         <size>0x6f</size>
         <input_file_ref idref="fl-2c"/>
      </object_component>
      <object_component id="oc-96">
         <name>.text</name>
         <load_address>0x2473b</load_address>
         <run_address>0x2473b</run_address>
         <size>0x6d</size>
         <input_file_ref idref="fl-37"/>
      </object_component>
      <object_component id="oc-e8">
         <name>.text</name>
         <load_address>0x247a8</load_address>
         <run_address>0x247a8</run_address>
         <size>0x6b</size>
         <input_file_ref idref="fl-4a"/>
      </object_component>
      <object_component id="oc-d6">
         <name>.text</name>
         <load_address>0x24813</load_address>
         <run_address>0x24813</run_address>
         <size>0x67</size>
         <input_file_ref idref="fl-46"/>
      </object_component>
      <object_component id="oc-bc">
         <name>.text</name>
         <load_address>0x2487a</load_address>
         <run_address>0x2487a</run_address>
         <size>0x5c</size>
         <input_file_ref idref="fl-3f"/>
      </object_component>
      <object_component id="oc-46">
         <name>.text</name>
         <load_address>0x248d6</load_address>
         <run_address>0x248d6</run_address>
         <size>0x54</size>
         <input_file_ref idref="fl-13"/>
      </object_component>
      <object_component id="oc-89">
         <name>.text</name>
         <load_address>0x2492a</load_address>
         <run_address>0x2492a</run_address>
         <size>0x50</size>
         <input_file_ref idref="fl-34"/>
      </object_component>
      <object_component id="oc-c0">
         <name>.text</name>
         <load_address>0x2497a</load_address>
         <run_address>0x2497a</run_address>
         <size>0x4d</size>
         <input_file_ref idref="fl-40"/>
      </object_component>
      <object_component id="oc-b8">
         <name>.text</name>
         <load_address>0x249c7</load_address>
         <run_address>0x249c7</run_address>
         <size>0x4b</size>
         <input_file_ref idref="fl-3e"/>
      </object_component>
      <object_component id="oc-104">
         <name>.text</name>
         <load_address>0x24a12</load_address>
         <run_address>0x24a12</run_address>
         <size>0x4b</size>
         <input_file_ref idref="fl-51"/>
      </object_component>
      <object_component id="oc-118">
         <name>.text</name>
         <load_address>0x24a5d</load_address>
         <run_address>0x24a5d</run_address>
         <size>0x48</size>
         <input_file_ref idref="fl-56"/>
      </object_component>
      <object_component id="oc-3a">
         <name>.text</name>
         <load_address>0x24aa5</load_address>
         <run_address>0x24aa5</run_address>
         <size>0x41</size>
         <input_file_ref idref="fl-8"/>
      </object_component>
      <object_component id="oc-7e">
         <name>.text</name>
         <load_address>0x24ae6</load_address>
         <run_address>0x24ae6</run_address>
         <size>0x3f</size>
         <input_file_ref idref="fl-32"/>
      </object_component>
      <object_component id="oc-4f">
         <name>.text</name>
         <load_address>0x24b25</load_address>
         <run_address>0x24b25</run_address>
         <size>0x3e</size>
         <input_file_ref idref="fl-28"/>
      </object_component>
      <object_component id="oc-11">
         <name>.text</name>
         <load_address>0x24b63</load_address>
         <run_address>0x24b63</run_address>
         <size>0x34</size>
         <input_file_ref idref="fl-27"/>
      </object_component>
      <object_component id="oc-5e">
         <name>.text</name>
         <load_address>0x24b97</load_address>
         <run_address>0x24b97</run_address>
         <size>0x2a</size>
         <input_file_ref idref="fl-2b"/>
      </object_component>
      <object_component id="oc-9c">
         <name>.text</name>
         <load_address>0x24bc1</load_address>
         <run_address>0x24bc1</run_address>
         <size>0x2a</size>
         <input_file_ref idref="fl-38"/>
      </object_component>
      <object_component id="oc-f8">
         <name>.text</name>
         <load_address>0x24beb</load_address>
         <run_address>0x24beb</run_address>
         <size>0x23</size>
         <input_file_ref idref="fl-4e"/>
      </object_component>
      <object_component id="oc-ec">
         <name>.text</name>
         <load_address>0x24c0e</load_address>
         <run_address>0x24c0e</run_address>
         <size>0x1a</size>
         <input_file_ref idref="fl-4b"/>
      </object_component>
      <object_component id="oc-110">
         <name>.text</name>
         <load_address>0x24c28</load_address>
         <run_address>0x24c28</run_address>
         <size>0x14</size>
         <input_file_ref idref="fl-54"/>
      </object_component>
      <object_component id="oc-74">
         <name>.text</name>
         <load_address>0x24c3c</load_address>
         <run_address>0x24c3c</run_address>
         <size>0x13</size>
         <input_file_ref idref="fl-30"/>
      </object_component>
      <object_component id="oc-ac">
         <name>.text</name>
         <load_address>0x24c4f</load_address>
         <run_address>0x24c4f</run_address>
         <size>0x12</size>
         <input_file_ref idref="fl-3c"/>
      </object_component>
      <object_component id="oc-100">
         <name>.text</name>
         <load_address>0x24c61</load_address>
         <run_address>0x24c61</run_address>
         <size>0x10</size>
         <input_file_ref idref="fl-50"/>
      </object_component>
      <object_component id="oc-13">
         <name>.text</name>
         <load_address>0x24c71</load_address>
         <run_address>0x24c71</run_address>
         <size>0xa</size>
         <input_file_ref idref="fl-2"/>
      </object_component>
      <object_component id="oc-8d">
         <name>.text</name>
         <load_address>0x24c7b</load_address>
         <run_address>0x24c7b</run_address>
         <size>0xa</size>
         <input_file_ref idref="fl-35"/>
      </object_component>
      <object_component id="oc-53">
         <name>.text:CIO_breakpoint</name>
         <load_address>0x24c85</load_address>
         <run_address>0x24c85</run_address>
         <size>0x7</size>
         <input_file_ref idref="fl-28"/>
      </object_component>
      <object_component id="oc-a0">
         <name>.text</name>
         <load_address>0x24c8c</load_address>
         <run_address>0x24c8c</run_address>
         <size>0x2</size>
         <input_file_ref idref="fl-39"/>
      </object_component>
      <object_component id="oc-4b">
         <name>.stack</name>
         <uninitialized>true</uninitialized>
         <run_address>0xc0</run_address>
         <size>0x0</size>
         <input_file_ref idref="fl-27"/>
      </object_component>
      <object_component id="oc-13b">
         <name>.stack</name>
         <uninitialized>true</uninitialized>
         <run_address>0xc0</run_address>
         <size>0x0</size>
      </object_component>
      <object_component id="oc-120">
         <name>.sysstack</name>
         <uninitialized>true</uninitialized>
         <run_address>0x20c0</run_address>
         <size>0x0</size>
         <input_file_ref idref="fl-27"/>
      </object_component>
      <object_component id="oc-13d">
         <name>.sysstack</name>
         <uninitialized>true</uninitialized>
         <run_address>0x20c0</run_address>
         <size>0x0</size>
      </object_component>
      <object_component id="oc-28">
         <name>.bss</name>
         <uninitialized>true</uninitialized>
         <run_address>0x50c0</run_address>
         <size>0x800</size>
         <input_file_ref idref="fl-5"/>
      </object_component>
      <object_component id="oc-33">
         <name>.bss</name>
         <uninitialized>true</uninitialized>
         <run_address>0x58c0</run_address>
         <size>0x250</size>
         <input_file_ref idref="fl-7"/>
      </object_component>
      <object_component id="oc-ca">
         <name>.bss</name>
         <uninitialized>true</uninitialized>
         <run_address>0x5b10</run_address>
         <size>0x232</size>
         <input_file_ref idref="fl-43"/>
      </object_component>
      <object_component id="oc-92">
         <name>.bss</name>
         <uninitialized>true</uninitialized>
         <run_address>0x5d42</run_address>
         <size>0x1a0</size>
         <input_file_ref idref="fl-36"/>
      </object_component>
      <object_component id="oc-67">
         <name>.bss</name>
         <uninitialized>true</uninitialized>
         <run_address>0x5ee2</run_address>
         <size>0x2</size>
         <input_file_ref idref="fl-2d"/>
      </object_component>
      <object_component id="oc-79">
         <name>.bss</name>
         <uninitialized>true</uninitialized>
         <run_address>0x5ee4</run_address>
         <size>0xe2</size>
         <input_file_ref idref="fl-31"/>
      </object_component>
      <object_component id="oc-83">
         <name>.bss</name>
         <uninitialized>true</uninitialized>
         <run_address>0x5fc8</run_address>
         <size>0xc</size>
         <input_file_ref idref="fl-33"/>
      </object_component>
      <object_component id="oc-19">
         <name>.bss</name>
         <uninitialized>true</uninitialized>
         <run_address>0x5fd4</run_address>
         <size>0xa</size>
         <input_file_ref idref="fl-3"/>
      </object_component>
      <object_component id="oc-20">
         <name>.bss</name>
         <uninitialized>true</uninitialized>
         <run_address>0x5fe0</run_address>
         <size>0x8</size>
         <input_file_ref idref="fl-4"/>
      </object_component>
      <object_component id="oc-ad">
         <name>.bss</name>
         <uninitialized>true</uninitialized>
         <run_address>0x5fe8</run_address>
         <size>0x8</size>
         <input_file_ref idref="fl-3c"/>
      </object_component>
      <object_component id="oc-50">
         <name>.bss</name>
         <uninitialized>true</uninitialized>
         <run_address>0x5ff0</run_address>
         <size>0x8</size>
         <input_file_ref idref="fl-28"/>
      </object_component>
      <object_component id="oc-121">
         <name>.const:__ctypes_</name>
         <load_address>0x5ff8</load_address>
         <run_address>0x5ff8</run_address>
         <size>0x202</size>
         <input_file_ref idref="fl-42"/>
      </object_component>
      <object_component id="oc-3c">
         <name>.const</name>
         <load_address>0x61fa</load_address>
         <run_address>0x61fa</run_address>
         <size>0x2</size>
         <input_file_ref idref="fl-8"/>
      </object_component>
      <object_component id="oc-23">
         <name>.const:.string</name>
         <load_address>0x61fc</load_address>
         <run_address>0x61fc</run_address>
         <size>0x12e</size>
         <input_file_ref idref="fl-4"/>
      </object_component>
      <object_component id="oc-36">
         <name>.const:.string</name>
         <load_address>0x632c</load_address>
         <run_address>0x632c</run_address>
         <size>0x7a</size>
         <input_file_ref idref="fl-7"/>
      </object_component>
      <object_component id="oc-b5">
         <name>.const:.string</name>
         <load_address>0x63a8</load_address>
         <run_address>0x63a8</run_address>
         <size>0x48</size>
         <input_file_ref idref="fl-3d"/>
      </object_component>
      <object_component id="oc-3d">
         <name>.const:.string</name>
         <load_address>0x63f0</load_address>
         <run_address>0x63f0</run_address>
         <size>0x2a</size>
         <input_file_ref idref="fl-8"/>
      </object_component>
      <object_component id="oc-35">
         <name>.const</name>
         <load_address>0x641c</load_address>
         <run_address>0x641c</run_address>
         <size>0x18</size>
         <input_file_ref idref="fl-7"/>
      </object_component>
      <object_component id="oc-b4">
         <name>.const</name>
         <load_address>0x6434</load_address>
         <run_address>0x6434</run_address>
         <size>0x18</size>
         <input_file_ref idref="fl-3d"/>
      </object_component>
      <object_component id="oc-122">
         <name>.const:_initial_approx$1</name>
         <load_address>0x644c</load_address>
         <run_address>0x644c</run_address>
         <size>0x10</size>
         <input_file_ref idref="fl-44"/>
      </object_component>
      <object_component id="oc-e1">
         <name>.const:.string</name>
         <load_address>0x645c</load_address>
         <run_address>0x645c</run_address>
         <size>0x4</size>
         <input_file_ref idref="fl-48"/>
      </object_component>
      <object_component id="oc-d8">
         <name>.const</name>
         <load_address>0x6460</load_address>
         <run_address>0x6460</run_address>
         <size>0x4</size>
         <input_file_ref idref="fl-46"/>
      </object_component>
      <object_component id="oc-86">
         <name>.sysmem</name>
         <uninitialized>true</uninitialized>
         <run_address>0x30c0</run_address>
         <size>0x0</size>
         <input_file_ref idref="fl-33"/>
      </object_component>
      <object_component id="oc-13c">
         <name>.sysmem</name>
         <uninitialized>true</uninitialized>
         <run_address>0x30c0</run_address>
         <size>0x0</size>
      </object_component>
      <object_component id="oc-7b">
         <name>.cinit</name>
         <load_address>0x40240</load_address>
         <run_address>0x40240</run_address>
         <size>0x5a</size>
         <input_file_ref idref="fl-31"/>
      </object_component>
      <object_component id="oc-cc">
         <name>.cinit</name>
         <load_address>0x4029a</load_address>
         <run_address>0x4029a</run_address>
         <size>0x54</size>
         <input_file_ref idref="fl-43"/>
      </object_component>
      <object_component id="oc-22">
         <name>.cinit</name>
         <load_address>0x402ee</load_address>
         <run_address>0x402ee</run_address>
         <size>0x14</size>
         <input_file_ref idref="fl-4"/>
      </object_component>
      <object_component id="oc-af">
         <name>.cinit</name>
         <load_address>0x40302</load_address>
         <run_address>0x40302</run_address>
         <size>0x14</size>
         <input_file_ref idref="fl-3c"/>
      </object_component>
      <object_component id="oc-52">
         <name>.cinit</name>
         <load_address>0x40316</load_address>
         <run_address>0x40316</run_address>
         <size>0x14</size>
         <input_file_ref idref="fl-28"/>
      </object_component>
      <object_component id="oc-1b">
         <name>.cinit</name>
         <load_address>0x4032a</load_address>
         <run_address>0x4032a</run_address>
         <size>0x8</size>
         <input_file_ref idref="fl-3"/>
      </object_component>
      <object_component id="oc-69">
         <name>.cinit</name>
         <load_address>0x40332</load_address>
         <run_address>0x40332</run_address>
         <size>0x8</size>
         <input_file_ref idref="fl-2d"/>
      </object_component>
      <object_component id="oc-85">
         <name>.cinit</name>
         <load_address>0x4033a</load_address>
         <run_address>0x4033a</run_address>
         <size>0x8</size>
         <input_file_ref idref="fl-33"/>
      </object_component>
      <object_component id="oc-98">
         <name>.cio</name>
         <uninitialized>true</uninitialized>
         <run_address>0x40000</run_address>
         <size>0x240</size>
         <input_file_ref idref="fl-37"/>
      </object_component>
      <object_component id="oc-12">
         <name>vectors</name>
         <load_address>0x4fe00</load_address>
         <run_address>0x4fe00</run_address>
         <size>0x100</size>
         <input_file_ref idref="fl-39"/>
      </object_component>
      <object_component id="oc-14">
         <name>.debug_info</name>
         <load_address>0x0</load_address>
         <run_address>0x0</run_address>
         <size>0x598</size>
         <input_file_ref idref="fl-2"/>
      </object_component>
      <object_component id="oc-1a">
         <name>.debug_info</name>
         <load_address>0x598</load_address>
         <run_address>0x598</run_address>
         <size>0x937</size>
         <input_file_ref idref="fl-3"/>
      </object_component>
      <object_component id="oc-21">
         <name>.debug_info</name>
         <load_address>0xecf</load_address>
         <run_address>0xecf</run_address>
         <size>0x949</size>
         <input_file_ref idref="fl-4"/>
      </object_component>
      <object_component id="oc-29">
         <name>.debug_info</name>
         <load_address>0x1818</load_address>
         <run_address>0x1818</run_address>
         <size>0x9f5</size>
         <input_file_ref idref="fl-5"/>
      </object_component>
      <object_component id="oc-2e">
         <name>.debug_info</name>
         <load_address>0x220d</load_address>
         <run_address>0x220d</run_address>
         <size>0x785</size>
         <input_file_ref idref="fl-6"/>
      </object_component>
      <object_component id="oc-34">
         <name>.debug_info</name>
         <load_address>0x2992</load_address>
         <run_address>0x2992</run_address>
         <size>0xdbb</size>
         <input_file_ref idref="fl-7"/>
      </object_component>
      <object_component id="oc-3b">
         <name>.debug_info</name>
         <load_address>0x374d</load_address>
         <run_address>0x374d</run_address>
         <size>0x6c3</size>
         <input_file_ref idref="fl-8"/>
      </object_component>
      <object_component id="oc-42">
         <name>.debug_info</name>
         <load_address>0x3e10</load_address>
         <run_address>0x3e10</run_address>
         <size>0xbe0</size>
         <input_file_ref idref="fl-9"/>
      </object_component>
      <object_component id="oc-47">
         <name>.debug_info</name>
         <load_address>0x49f0</load_address>
         <run_address>0x49f0</run_address>
         <size>0x5896</size>
         <input_file_ref idref="fl-13"/>
      </object_component>
      <object_component id="oc-4c">
         <name>.debug_info</name>
         <load_address>0xa286</load_address>
         <run_address>0xa286</run_address>
         <size>0xe8</size>
         <input_file_ref idref="fl-27"/>
      </object_component>
      <object_component id="oc-51">
         <name>.debug_info</name>
         <load_address>0xa36e</load_address>
         <run_address>0xa36e</run_address>
         <size>0x5fb</size>
         <input_file_ref idref="fl-28"/>
      </object_component>
      <object_component id="oc-57">
         <name>.debug_info</name>
         <load_address>0xa969</load_address>
         <run_address>0xa969</run_address>
         <size>0x64f</size>
         <input_file_ref idref="fl-29"/>
      </object_component>
      <object_component id="oc-5b">
         <name>.debug_info</name>
         <load_address>0xafb8</load_address>
         <run_address>0xafb8</run_address>
         <size>0x706</size>
         <input_file_ref idref="fl-2a"/>
      </object_component>
      <object_component id="oc-5f">
         <name>.debug_info</name>
         <load_address>0xb6be</load_address>
         <run_address>0xb6be</run_address>
         <size>0x4cf</size>
         <input_file_ref idref="fl-2b"/>
      </object_component>
      <object_component id="oc-63">
         <name>.debug_info</name>
         <load_address>0xbb8d</load_address>
         <run_address>0xbb8d</run_address>
         <size>0x534</size>
         <input_file_ref idref="fl-2c"/>
      </object_component>
      <object_component id="oc-68">
         <name>.debug_info</name>
         <load_address>0xc0c1</load_address>
         <run_address>0xc0c1</run_address>
         <size>0xa1c</size>
         <input_file_ref idref="fl-2d"/>
      </object_component>
      <object_component id="oc-6d">
         <name>.debug_info</name>
         <load_address>0xcadd</load_address>
         <run_address>0xcadd</run_address>
         <size>0x762</size>
         <input_file_ref idref="fl-2e"/>
      </object_component>
      <object_component id="oc-71">
         <name>.debug_info</name>
         <load_address>0xd23f</load_address>
         <run_address>0xd23f</run_address>
         <size>0x8f7</size>
         <input_file_ref idref="fl-2f"/>
      </object_component>
      <object_component id="oc-75">
         <name>.debug_info</name>
         <load_address>0xdb36</load_address>
         <run_address>0xdb36</run_address>
         <size>0xbd</size>
         <input_file_ref idref="fl-30"/>
      </object_component>
      <object_component id="oc-7a">
         <name>.debug_info</name>
         <load_address>0xdbf3</load_address>
         <run_address>0xdbf3</run_address>
         <size>0x144b</size>
         <input_file_ref idref="fl-31"/>
      </object_component>
      <object_component id="oc-7f">
         <name>.debug_info</name>
         <load_address>0xf03e</load_address>
         <run_address>0xf03e</run_address>
         <size>0xd1</size>
         <input_file_ref idref="fl-32"/>
      </object_component>
      <object_component id="oc-84">
         <name>.debug_info</name>
         <load_address>0xf10f</load_address>
         <run_address>0xf10f</run_address>
         <size>0xb97</size>
         <input_file_ref idref="fl-33"/>
      </object_component>
      <object_component id="oc-8a">
         <name>.debug_info</name>
         <load_address>0xfca6</load_address>
         <run_address>0xfca6</run_address>
         <size>0x76c</size>
         <input_file_ref idref="fl-34"/>
      </object_component>
      <object_component id="oc-8e">
         <name>.debug_info</name>
         <load_address>0x10412</load_address>
         <run_address>0x10412</run_address>
         <size>0x510</size>
         <input_file_ref idref="fl-35"/>
      </object_component>
      <object_component id="oc-93">
         <name>.debug_info</name>
         <load_address>0x10922</load_address>
         <run_address>0x10922</run_address>
         <size>0xed4</size>
         <input_file_ref idref="fl-36"/>
      </object_component>
      <object_component id="oc-97">
         <name>.debug_info</name>
         <load_address>0x117f6</load_address>
         <run_address>0x117f6</run_address>
         <size>0x744</size>
         <input_file_ref idref="fl-37"/>
      </object_component>
      <object_component id="oc-9d">
         <name>.debug_info</name>
         <load_address>0x11f3a</load_address>
         <run_address>0x11f3a</run_address>
         <size>0xef</size>
         <input_file_ref idref="fl-38"/>
      </object_component>
      <object_component id="oc-a1">
         <name>.debug_info</name>
         <load_address>0x12029</load_address>
         <run_address>0x12029</run_address>
         <size>0xbc</size>
         <input_file_ref idref="fl-39"/>
      </object_component>
      <object_component id="oc-a5">
         <name>.debug_info</name>
         <load_address>0x120e5</load_address>
         <run_address>0x120e5</run_address>
         <size>0x6b8</size>
         <input_file_ref idref="fl-3a"/>
      </object_component>
      <object_component id="oc-a9">
         <name>.debug_info</name>
         <load_address>0x1279d</load_address>
         <run_address>0x1279d</run_address>
         <size>0x662</size>
         <input_file_ref idref="fl-3b"/>
      </object_component>
      <object_component id="oc-ae">
         <name>.debug_info</name>
         <load_address>0x12dff</load_address>
         <run_address>0x12dff</run_address>
         <size>0x5bc</size>
         <input_file_ref idref="fl-3c"/>
      </object_component>
      <object_component id="oc-b3">
         <name>.debug_info</name>
         <load_address>0x133bb</load_address>
         <run_address>0x133bb</run_address>
         <size>0x27bd</size>
         <input_file_ref idref="fl-3d"/>
      </object_component>
      <object_component id="oc-b9">
         <name>.debug_info</name>
         <load_address>0x15b78</load_address>
         <run_address>0x15b78</run_address>
         <size>0x586</size>
         <input_file_ref idref="fl-3e"/>
      </object_component>
      <object_component id="oc-bd">
         <name>.debug_info</name>
         <load_address>0x160fe</load_address>
         <run_address>0x160fe</run_address>
         <size>0x5a4</size>
         <input_file_ref idref="fl-3f"/>
      </object_component>
      <object_component id="oc-c1">
         <name>.debug_info</name>
         <load_address>0x166a2</load_address>
         <run_address>0x166a2</run_address>
         <size>0xcd</size>
         <input_file_ref idref="fl-40"/>
      </object_component>
      <object_component id="oc-c5">
         <name>.debug_info</name>
         <load_address>0x1676f</load_address>
         <run_address>0x1676f</run_address>
         <size>0x81f</size>
         <input_file_ref idref="fl-41"/>
      </object_component>
      <object_component id="oc-c8">
         <name>.debug_info</name>
         <load_address>0x16f8e</load_address>
         <run_address>0x16f8e</run_address>
         <size>0x498</size>
         <input_file_ref idref="fl-42"/>
      </object_component>
      <object_component id="oc-cb">
         <name>.debug_info</name>
         <load_address>0x17426</load_address>
         <run_address>0x17426</run_address>
         <size>0x57e</size>
         <input_file_ref idref="fl-43"/>
      </object_component>
      <object_component id="oc-cf">
         <name>.debug_info</name>
         <load_address>0x179a4</load_address>
         <run_address>0x179a4</run_address>
         <size>0x7e8</size>
         <input_file_ref idref="fl-44"/>
      </object_component>
      <object_component id="oc-d3">
         <name>.debug_info</name>
         <load_address>0x1818c</load_address>
         <run_address>0x1818c</run_address>
         <size>0x534</size>
         <input_file_ref idref="fl-45"/>
      </object_component>
      <object_component id="oc-d7">
         <name>.debug_info</name>
         <load_address>0x186c0</load_address>
         <run_address>0x186c0</run_address>
         <size>0x549</size>
         <input_file_ref idref="fl-46"/>
      </object_component>
      <object_component id="oc-dc">
         <name>.debug_info</name>
         <load_address>0x18c09</load_address>
         <run_address>0x18c09</run_address>
         <size>0x6aa</size>
         <input_file_ref idref="fl-47"/>
      </object_component>
      <object_component id="oc-e0">
         <name>.debug_info</name>
         <load_address>0x192b3</load_address>
         <run_address>0x192b3</run_address>
         <size>0x942</size>
         <input_file_ref idref="fl-48"/>
      </object_component>
      <object_component id="oc-e5">
         <name>.debug_info</name>
         <load_address>0x19bf5</load_address>
         <run_address>0x19bf5</run_address>
         <size>0x53e</size>
         <input_file_ref idref="fl-49"/>
      </object_component>
      <object_component id="oc-e9">
         <name>.debug_info</name>
         <load_address>0x1a133</load_address>
         <run_address>0x1a133</run_address>
         <size>0x5f7</size>
         <input_file_ref idref="fl-4a"/>
      </object_component>
      <object_component id="oc-ed">
         <name>.debug_info</name>
         <load_address>0x1a72a</load_address>
         <run_address>0x1a72a</run_address>
         <size>0x680</size>
         <input_file_ref idref="fl-4b"/>
      </object_component>
      <object_component id="oc-f1">
         <name>.debug_info</name>
         <load_address>0x1adaa</load_address>
         <run_address>0x1adaa</run_address>
         <size>0x7d4</size>
         <input_file_ref idref="fl-4c"/>
      </object_component>
      <object_component id="oc-f5">
         <name>.debug_info</name>
         <load_address>0x1b57e</load_address>
         <run_address>0x1b57e</run_address>
         <size>0x5ad</size>
         <input_file_ref idref="fl-4d"/>
      </object_component>
      <object_component id="oc-f9">
         <name>.debug_info</name>
         <load_address>0x1bb2b</load_address>
         <run_address>0x1bb2b</run_address>
         <size>0x574</size>
         <input_file_ref idref="fl-4e"/>
      </object_component>
      <object_component id="oc-fd">
         <name>.debug_info</name>
         <load_address>0x1c09f</load_address>
         <run_address>0x1c09f</run_address>
         <size>0x55b</size>
         <input_file_ref idref="fl-4f"/>
      </object_component>
      <object_component id="oc-101">
         <name>.debug_info</name>
         <load_address>0x1c5fa</load_address>
         <run_address>0x1c5fa</run_address>
         <size>0x4b7</size>
         <input_file_ref idref="fl-50"/>
      </object_component>
      <object_component id="oc-105">
         <name>.debug_info</name>
         <load_address>0x1cab1</load_address>
         <run_address>0x1cab1</run_address>
         <size>0x4f2</size>
         <input_file_ref idref="fl-51"/>
      </object_component>
      <object_component id="oc-109">
         <name>.debug_info</name>
         <load_address>0x1cfa3</load_address>
         <run_address>0x1cfa3</run_address>
         <size>0x534</size>
         <input_file_ref idref="fl-52"/>
      </object_component>
      <object_component id="oc-10d">
         <name>.debug_info</name>
         <load_address>0x1d4d7</load_address>
         <run_address>0x1d4d7</run_address>
         <size>0x64a</size>
         <input_file_ref idref="fl-53"/>
      </object_component>
      <object_component id="oc-111">
         <name>.debug_info</name>
         <load_address>0x1db21</load_address>
         <run_address>0x1db21</run_address>
         <size>0x4de</size>
         <input_file_ref idref="fl-54"/>
      </object_component>
      <object_component id="oc-115">
         <name>.debug_info</name>
         <load_address>0x1dfff</load_address>
         <run_address>0x1dfff</run_address>
         <size>0x5ab</size>
         <input_file_ref idref="fl-55"/>
      </object_component>
      <object_component id="oc-119">
         <name>.debug_info</name>
         <load_address>0x1e5aa</load_address>
         <run_address>0x1e5aa</run_address>
         <size>0x4f2</size>
         <input_file_ref idref="fl-56"/>
      </object_component>
      <object_component id="oc-11d">
         <name>.debug_info</name>
         <load_address>0x1ea9c</load_address>
         <run_address>0x1ea9c</run_address>
         <size>0x4d2</size>
         <input_file_ref idref="fl-57"/>
      </object_component>
      <object_component id="oc-147">
         <name>.debug_info</name>
         <load_address>0x1ef6e</load_address>
         <run_address>0x1ef6e</run_address>
         <size>0x6e</size>
      </object_component>
      <object_component id="oc-15">
         <name>.debug_frame</name>
         <load_address>0x0</load_address>
         <run_address>0x0</run_address>
         <size>0xf4</size>
         <input_file_ref idref="fl-2"/>
      </object_component>
      <object_component id="oc-1c">
         <name>.debug_frame</name>
         <load_address>0xf4</load_address>
         <run_address>0xf4</run_address>
         <size>0x132</size>
         <input_file_ref idref="fl-3"/>
      </object_component>
      <object_component id="oc-24">
         <name>.debug_frame</name>
         <load_address>0x226</load_address>
         <run_address>0x226</run_address>
         <size>0x139</size>
         <input_file_ref idref="fl-4"/>
      </object_component>
      <object_component id="oc-2a">
         <name>.debug_frame</name>
         <load_address>0x35f</load_address>
         <run_address>0x35f</run_address>
         <size>0x118</size>
         <input_file_ref idref="fl-5"/>
      </object_component>
      <object_component id="oc-2f">
         <name>.debug_frame</name>
         <load_address>0x477</load_address>
         <run_address>0x477</run_address>
         <size>0x102</size>
         <input_file_ref idref="fl-6"/>
      </object_component>
      <object_component id="oc-37">
         <name>.debug_frame</name>
         <load_address>0x579</load_address>
         <run_address>0x579</run_address>
         <size>0xec</size>
         <input_file_ref idref="fl-7"/>
      </object_component>
      <object_component id="oc-3e">
         <name>.debug_frame</name>
         <load_address>0x665</load_address>
         <run_address>0x665</run_address>
         <size>0x132</size>
         <input_file_ref idref="fl-8"/>
      </object_component>
      <object_component id="oc-43">
         <name>.debug_frame</name>
         <load_address>0x797</load_address>
         <run_address>0x797</run_address>
         <size>0x158</size>
         <input_file_ref idref="fl-9"/>
      </object_component>
      <object_component id="oc-48">
         <name>.debug_frame</name>
         <load_address>0x8ef</load_address>
         <run_address>0x8ef</run_address>
         <size>0x116</size>
         <input_file_ref idref="fl-13"/>
      </object_component>
      <object_component id="oc-16">
         <name>.debug_line</name>
         <load_address>0x0</load_address>
         <run_address>0x0</run_address>
         <size>0x60</size>
         <input_file_ref idref="fl-2"/>
      </object_component>
      <object_component id="oc-1d">
         <name>.debug_line</name>
         <load_address>0x60</load_address>
         <run_address>0x60</run_address>
         <size>0xac</size>
         <input_file_ref idref="fl-3"/>
      </object_component>
      <object_component id="oc-25">
         <name>.debug_line</name>
         <load_address>0x10c</load_address>
         <run_address>0x10c</run_address>
         <size>0xb8</size>
         <input_file_ref idref="fl-4"/>
      </object_component>
      <object_component id="oc-2b">
         <name>.debug_line</name>
         <load_address>0x1c4</load_address>
         <run_address>0x1c4</run_address>
         <size>0xbe</size>
         <input_file_ref idref="fl-5"/>
      </object_component>
      <object_component id="oc-30">
         <name>.debug_line</name>
         <load_address>0x282</load_address>
         <run_address>0x282</run_address>
         <size>0x6e</size>
         <input_file_ref idref="fl-6"/>
      </object_component>
      <object_component id="oc-38">
         <name>.debug_line</name>
         <load_address>0x2f0</load_address>
         <run_address>0x2f0</run_address>
         <size>0xc6</size>
         <input_file_ref idref="fl-7"/>
      </object_component>
      <object_component id="oc-3f">
         <name>.debug_line</name>
         <load_address>0x3b6</load_address>
         <run_address>0x3b6</run_address>
         <size>0x86</size>
         <input_file_ref idref="fl-8"/>
      </object_component>
      <object_component id="oc-44">
         <name>.debug_line</name>
         <load_address>0x43c</load_address>
         <run_address>0x43c</run_address>
         <size>0xdc</size>
         <input_file_ref idref="fl-9"/>
      </object_component>
      <object_component id="oc-49">
         <name>.debug_line</name>
         <load_address>0x518</load_address>
         <run_address>0x518</run_address>
         <size>0x59c</size>
         <input_file_ref idref="fl-13"/>
      </object_component>
      <object_component id="oc-4d">
         <name>.debug_line</name>
         <load_address>0xab4</load_address>
         <run_address>0xab4</run_address>
         <size>0x54</size>
         <input_file_ref idref="fl-27"/>
      </object_component>
      <object_component id="oc-54">
         <name>.debug_line</name>
         <load_address>0xb08</load_address>
         <run_address>0xb08</run_address>
         <size>0x51</size>
         <input_file_ref idref="fl-28"/>
      </object_component>
      <object_component id="oc-58">
         <name>.debug_line</name>
         <load_address>0xb59</load_address>
         <run_address>0xb59</run_address>
         <size>0x3d</size>
         <input_file_ref idref="fl-29"/>
      </object_component>
      <object_component id="oc-5c">
         <name>.debug_line</name>
         <load_address>0xb96</load_address>
         <run_address>0xb96</run_address>
         <size>0x5b</size>
         <input_file_ref idref="fl-2a"/>
      </object_component>
      <object_component id="oc-60">
         <name>.debug_line</name>
         <load_address>0xbf1</load_address>
         <run_address>0xbf1</run_address>
         <size>0x3d</size>
         <input_file_ref idref="fl-2b"/>
      </object_component>
      <object_component id="oc-64">
         <name>.debug_line</name>
         <load_address>0xc2e</load_address>
         <run_address>0xc2e</run_address>
         <size>0x3d</size>
         <input_file_ref idref="fl-2c"/>
      </object_component>
      <object_component id="oc-6a">
         <name>.debug_line</name>
         <load_address>0xc6b</load_address>
         <run_address>0xc6b</run_address>
         <size>0xd7</size>
         <input_file_ref idref="fl-2d"/>
      </object_component>
      <object_component id="oc-6e">
         <name>.debug_line</name>
         <load_address>0xd42</load_address>
         <run_address>0xd42</run_address>
         <size>0x4d</size>
         <input_file_ref idref="fl-2e"/>
      </object_component>
      <object_component id="oc-72">
         <name>.debug_line</name>
         <load_address>0xd8f</load_address>
         <run_address>0xd8f</run_address>
         <size>0x97</size>
         <input_file_ref idref="fl-2f"/>
      </object_component>
      <object_component id="oc-76">
         <name>.debug_line</name>
         <load_address>0xe26</load_address>
         <run_address>0xe26</run_address>
         <size>0x3c</size>
         <input_file_ref idref="fl-30"/>
      </object_component>
      <object_component id="oc-7c">
         <name>.debug_line</name>
         <load_address>0xe62</load_address>
         <run_address>0xe62</run_address>
         <size>0x1b0</size>
         <input_file_ref idref="fl-31"/>
      </object_component>
      <object_component id="oc-80">
         <name>.debug_line</name>
         <load_address>0x1012</load_address>
         <run_address>0x1012</run_address>
         <size>0x4d</size>
         <input_file_ref idref="fl-32"/>
      </object_component>
      <object_component id="oc-87">
         <name>.debug_line</name>
         <load_address>0x105f</load_address>
         <run_address>0x105f</run_address>
         <size>0x112</size>
         <input_file_ref idref="fl-33"/>
      </object_component>
      <object_component id="oc-8b">
         <name>.debug_line</name>
         <load_address>0x1171</load_address>
         <run_address>0x1171</run_address>
         <size>0x69</size>
         <input_file_ref idref="fl-34"/>
      </object_component>
      <object_component id="oc-8f">
         <name>.debug_line</name>
         <load_address>0x11da</load_address>
         <run_address>0x11da</run_address>
         <size>0x39</size>
         <input_file_ref idref="fl-35"/>
      </object_component>
      <object_component id="oc-94">
         <name>.debug_line</name>
         <load_address>0x1213</load_address>
         <run_address>0x1213</run_address>
         <size>0x15d</size>
         <input_file_ref idref="fl-36"/>
      </object_component>
      <object_component id="oc-9a">
         <name>.debug_line</name>
         <load_address>0x1370</load_address>
         <run_address>0x1370</run_address>
         <size>0x6a</size>
         <input_file_ref idref="fl-37"/>
      </object_component>
      <object_component id="oc-9e">
         <name>.debug_line</name>
         <load_address>0x13da</load_address>
         <run_address>0x13da</run_address>
         <size>0x58</size>
         <input_file_ref idref="fl-38"/>
      </object_component>
      <object_component id="oc-a2">
         <name>.debug_line</name>
         <load_address>0x1432</load_address>
         <run_address>0x1432</run_address>
         <size>0x37</size>
         <input_file_ref idref="fl-39"/>
      </object_component>
      <object_component id="oc-a6">
         <name>.debug_line</name>
         <load_address>0x1469</load_address>
         <run_address>0x1469</run_address>
         <size>0x4c</size>
         <input_file_ref idref="fl-3a"/>
      </object_component>
      <object_component id="oc-aa">
         <name>.debug_line</name>
         <load_address>0x14b5</load_address>
         <run_address>0x14b5</run_address>
         <size>0x57</size>
         <input_file_ref idref="fl-3b"/>
      </object_component>
      <object_component id="oc-b0">
         <name>.debug_line</name>
         <load_address>0x150c</load_address>
         <run_address>0x150c</run_address>
         <size>0x57</size>
         <input_file_ref idref="fl-3c"/>
      </object_component>
      <object_component id="oc-b6">
         <name>.debug_line</name>
         <load_address>0x1563</load_address>
         <run_address>0x1563</run_address>
         <size>0x328</size>
         <input_file_ref idref="fl-3d"/>
      </object_component>
      <object_component id="oc-ba">
         <name>.debug_line</name>
         <load_address>0x188b</load_address>
         <run_address>0x188b</run_address>
         <size>0x41</size>
         <input_file_ref idref="fl-3e"/>
      </object_component>
      <object_component id="oc-be">
         <name>.debug_line</name>
         <load_address>0x18cc</load_address>
         <run_address>0x18cc</run_address>
         <size>0x46</size>
         <input_file_ref idref="fl-3f"/>
      </object_component>
      <object_component id="oc-c2">
         <name>.debug_line</name>
         <load_address>0x1912</load_address>
         <run_address>0x1912</run_address>
         <size>0x55</size>
         <input_file_ref idref="fl-40"/>
      </object_component>
      <object_component id="oc-c6">
         <name>.debug_line</name>
         <load_address>0x1967</load_address>
         <run_address>0x1967</run_address>
         <size>0xad</size>
         <input_file_ref idref="fl-41"/>
      </object_component>
      <object_component id="oc-d0">
         <name>.debug_line</name>
         <load_address>0x1a14</load_address>
         <run_address>0x1a14</run_address>
         <size>0x5b</size>
         <input_file_ref idref="fl-44"/>
      </object_component>
      <object_component id="oc-d4">
         <name>.debug_line</name>
         <load_address>0x1a6f</load_address>
         <run_address>0x1a6f</run_address>
         <size>0x44</size>
         <input_file_ref idref="fl-45"/>
      </object_component>
      <object_component id="oc-d9">
         <name>.debug_line</name>
         <load_address>0x1ab3</load_address>
         <run_address>0x1ab3</run_address>
         <size>0x44</size>
         <input_file_ref idref="fl-46"/>
      </object_component>
      <object_component id="oc-dd">
         <name>.debug_line</name>
         <load_address>0x1af7</load_address>
         <run_address>0x1af7</run_address>
         <size>0x56</size>
         <input_file_ref idref="fl-47"/>
      </object_component>
      <object_component id="oc-e2">
         <name>.debug_line</name>
         <load_address>0x1b4d</load_address>
         <run_address>0x1b4d</run_address>
         <size>0xa8</size>
         <input_file_ref idref="fl-48"/>
      </object_component>
      <object_component id="oc-e6">
         <name>.debug_line</name>
         <load_address>0x1bf5</load_address>
         <run_address>0x1bf5</run_address>
         <size>0x40</size>
         <input_file_ref idref="fl-49"/>
      </object_component>
      <object_component id="oc-ea">
         <name>.debug_line</name>
         <load_address>0x1c35</load_address>
         <run_address>0x1c35</run_address>
         <size>0x3c</size>
         <input_file_ref idref="fl-4a"/>
      </object_component>
      <object_component id="oc-ee">
         <name>.debug_line</name>
         <load_address>0x1c71</load_address>
         <run_address>0x1c71</run_address>
         <size>0x38</size>
         <input_file_ref idref="fl-4b"/>
      </object_component>
      <object_component id="oc-f2">
         <name>.debug_line</name>
         <load_address>0x1ca9</load_address>
         <run_address>0x1ca9</run_address>
         <size>0xa8</size>
         <input_file_ref idref="fl-4c"/>
      </object_component>
      <object_component id="oc-f6">
         <name>.debug_line</name>
         <load_address>0x1d51</load_address>
         <run_address>0x1d51</run_address>
         <size>0x40</size>
         <input_file_ref idref="fl-4d"/>
      </object_component>
      <object_component id="oc-fa">
         <name>.debug_line</name>
         <load_address>0x1d91</load_address>
         <run_address>0x1d91</run_address>
         <size>0x3c</size>
         <input_file_ref idref="fl-4e"/>
      </object_component>
      <object_component id="oc-fe">
         <name>.debug_line</name>
         <load_address>0x1dcd</load_address>
         <run_address>0x1dcd</run_address>
         <size>0x3c</size>
         <input_file_ref idref="fl-4f"/>
      </object_component>
      <object_component id="oc-102">
         <name>.debug_line</name>
         <load_address>0x1e09</load_address>
         <run_address>0x1e09</run_address>
         <size>0x37</size>
         <input_file_ref idref="fl-50"/>
      </object_component>
      <object_component id="oc-106">
         <name>.debug_line</name>
         <load_address>0x1e40</load_address>
         <run_address>0x1e40</run_address>
         <size>0x3c</size>
         <input_file_ref idref="fl-51"/>
      </object_component>
      <object_component id="oc-10a">
         <name>.debug_line</name>
         <load_address>0x1e7c</load_address>
         <run_address>0x1e7c</run_address>
         <size>0x44</size>
         <input_file_ref idref="fl-52"/>
      </object_component>
      <object_component id="oc-10e">
         <name>.debug_line</name>
         <load_address>0x1ec0</load_address>
         <run_address>0x1ec0</run_address>
         <size>0x3f</size>
         <input_file_ref idref="fl-53"/>
      </object_component>
      <object_component id="oc-112">
         <name>.debug_line</name>
         <load_address>0x1eff</load_address>
         <run_address>0x1eff</run_address>
         <size>0x37</size>
         <input_file_ref idref="fl-54"/>
      </object_component>
      <object_component id="oc-116">
         <name>.debug_line</name>
         <load_address>0x1f36</load_address>
         <run_address>0x1f36</run_address>
         <size>0x5c</size>
         <input_file_ref idref="fl-55"/>
      </object_component>
      <object_component id="oc-11a">
         <name>.debug_line</name>
         <load_address>0x1f92</load_address>
         <run_address>0x1f92</run_address>
         <size>0x3c</size>
         <input_file_ref idref="fl-56"/>
      </object_component>
      <object_component id="oc-11e">
         <name>.debug_line</name>
         <load_address>0x1fce</load_address>
         <run_address>0x1fce</run_address>
         <size>0x3a</size>
         <input_file_ref idref="fl-57"/>
      </object_component>
      <object_component id="oc-17">
         <name>.debug_abbrev</name>
         <load_address>0x0</load_address>
         <run_address>0x0</run_address>
         <size>0x76</size>
         <input_file_ref idref="fl-2"/>
      </object_component>
      <object_component id="oc-1e">
         <name>.debug_abbrev</name>
         <load_address>0x76</load_address>
         <run_address>0x76</run_address>
         <size>0x10c</size>
         <input_file_ref idref="fl-3"/>
      </object_component>
      <object_component id="oc-26">
         <name>.debug_abbrev</name>
         <load_address>0x182</load_address>
         <run_address>0x182</run_address>
         <size>0x121</size>
         <input_file_ref idref="fl-4"/>
      </object_component>
      <object_component id="oc-2c">
         <name>.debug_abbrev</name>
         <load_address>0x2a3</load_address>
         <run_address>0x2a3</run_address>
         <size>0x139</size>
         <input_file_ref idref="fl-5"/>
      </object_component>
      <object_component id="oc-31">
         <name>.debug_abbrev</name>
         <load_address>0x3dc</load_address>
         <run_address>0x3dc</run_address>
         <size>0xb2</size>
         <input_file_ref idref="fl-6"/>
      </object_component>
      <object_component id="oc-39">
         <name>.debug_abbrev</name>
         <load_address>0x48e</load_address>
         <run_address>0x48e</run_address>
         <size>0x124</size>
         <input_file_ref idref="fl-7"/>
      </object_component>
      <object_component id="oc-40">
         <name>.debug_abbrev</name>
         <load_address>0x5b2</load_address>
         <run_address>0x5b2</run_address>
         <size>0xf5</size>
         <input_file_ref idref="fl-8"/>
      </object_component>
      <object_component id="oc-45">
         <name>.debug_abbrev</name>
         <load_address>0x6a7</load_address>
         <run_address>0x6a7</run_address>
         <size>0xe5</size>
         <input_file_ref idref="fl-9"/>
      </object_component>
      <object_component id="oc-4a">
         <name>.debug_abbrev</name>
         <load_address>0x78c</load_address>
         <run_address>0x78c</run_address>
         <size>0x198</size>
         <input_file_ref idref="fl-13"/>
      </object_component>
      <object_component id="oc-4e">
         <name>.debug_abbrev</name>
         <load_address>0x924</load_address>
         <run_address>0x924</run_address>
         <size>0x3a</size>
         <input_file_ref idref="fl-27"/>
      </object_component>
      <object_component id="oc-55">
         <name>.debug_abbrev</name>
         <load_address>0x95e</load_address>
         <run_address>0x95e</run_address>
         <size>0xf7</size>
         <input_file_ref idref="fl-28"/>
      </object_component>
      <object_component id="oc-59">
         <name>.debug_abbrev</name>
         <load_address>0xa55</load_address>
         <run_address>0xa55</run_address>
         <size>0x118</size>
         <input_file_ref idref="fl-29"/>
      </object_component>
      <object_component id="oc-5d">
         <name>.debug_abbrev</name>
         <load_address>0xb6d</load_address>
         <run_address>0xb6d</run_address>
         <size>0x136</size>
         <input_file_ref idref="fl-2a"/>
      </object_component>
      <object_component id="oc-61">
         <name>.debug_abbrev</name>
         <load_address>0xca3</load_address>
         <run_address>0xca3</run_address>
         <size>0x8f</size>
         <input_file_ref idref="fl-2b"/>
      </object_component>
      <object_component id="oc-65">
         <name>.debug_abbrev</name>
         <load_address>0xd32</load_address>
         <run_address>0xd32</run_address>
         <size>0xb7</size>
         <input_file_ref idref="fl-2c"/>
      </object_component>
      <object_component id="oc-6b">
         <name>.debug_abbrev</name>
         <load_address>0xde9</load_address>
         <run_address>0xde9</run_address>
         <size>0x1a2</size>
         <input_file_ref idref="fl-2d"/>
      </object_component>
      <object_component id="oc-6f">
         <name>.debug_abbrev</name>
         <load_address>0xf8b</load_address>
         <run_address>0xf8b</run_address>
         <size>0x111</size>
         <input_file_ref idref="fl-2e"/>
      </object_component>
      <object_component id="oc-73">
         <name>.debug_abbrev</name>
         <load_address>0x109c</load_address>
         <run_address>0x109c</run_address>
         <size>0x11e</size>
         <input_file_ref idref="fl-2f"/>
      </object_component>
      <object_component id="oc-77">
         <name>.debug_abbrev</name>
         <load_address>0x11ba</load_address>
         <run_address>0x11ba</run_address>
         <size>0x38</size>
         <input_file_ref idref="fl-30"/>
      </object_component>
      <object_component id="oc-7d">
         <name>.debug_abbrev</name>
         <load_address>0x11f2</load_address>
         <run_address>0x11f2</run_address>
         <size>0x225</size>
         <input_file_ref idref="fl-31"/>
      </object_component>
      <object_component id="oc-81">
         <name>.debug_abbrev</name>
         <load_address>0x1417</load_address>
         <run_address>0x1417</run_address>
         <size>0x38</size>
         <input_file_ref idref="fl-32"/>
      </object_component>
      <object_component id="oc-88">
         <name>.debug_abbrev</name>
         <load_address>0x144f</load_address>
         <run_address>0x144f</run_address>
         <size>0x1de</size>
         <input_file_ref idref="fl-33"/>
      </object_component>
      <object_component id="oc-8c">
         <name>.debug_abbrev</name>
         <load_address>0x162d</load_address>
         <run_address>0x162d</run_address>
         <size>0x145</size>
         <input_file_ref idref="fl-34"/>
      </object_component>
      <object_component id="oc-90">
         <name>.debug_abbrev</name>
         <load_address>0x1772</load_address>
         <run_address>0x1772</run_address>
         <size>0xbf</size>
         <input_file_ref idref="fl-35"/>
      </object_component>
      <object_component id="oc-95">
         <name>.debug_abbrev</name>
         <load_address>0x1831</load_address>
         <run_address>0x1831</run_address>
         <size>0x15a</size>
         <input_file_ref idref="fl-36"/>
      </object_component>
      <object_component id="oc-9b">
         <name>.debug_abbrev</name>
         <load_address>0x198b</load_address>
         <run_address>0x198b</run_address>
         <size>0xde</size>
         <input_file_ref idref="fl-37"/>
      </object_component>
      <object_component id="oc-9f">
         <name>.debug_abbrev</name>
         <load_address>0x1a69</load_address>
         <run_address>0x1a69</run_address>
         <size>0x38</size>
         <input_file_ref idref="fl-38"/>
      </object_component>
      <object_component id="oc-a3">
         <name>.debug_abbrev</name>
         <load_address>0x1aa1</load_address>
         <run_address>0x1aa1</run_address>
         <size>0x26</size>
         <input_file_ref idref="fl-39"/>
      </object_component>
      <object_component id="oc-a7">
         <name>.debug_abbrev</name>
         <load_address>0x1ac7</load_address>
         <run_address>0x1ac7</run_address>
         <size>0x124</size>
         <input_file_ref idref="fl-3a"/>
      </object_component>
      <object_component id="oc-ab">
         <name>.debug_abbrev</name>
         <load_address>0x1beb</load_address>
         <run_address>0x1beb</run_address>
         <size>0xd1</size>
         <input_file_ref idref="fl-3b"/>
      </object_component>
      <object_component id="oc-b1">
         <name>.debug_abbrev</name>
         <load_address>0x1cbc</load_address>
         <run_address>0x1cbc</run_address>
         <size>0x9f</size>
         <input_file_ref idref="fl-3c"/>
      </object_component>
      <object_component id="oc-b7">
         <name>.debug_abbrev</name>
         <load_address>0x1d5b</load_address>
         <run_address>0x1d5b</run_address>
         <size>0x1f8</size>
         <input_file_ref idref="fl-3d"/>
      </object_component>
      <object_component id="oc-bb">
         <name>.debug_abbrev</name>
         <load_address>0x1f53</load_address>
         <run_address>0x1f53</run_address>
         <size>0xec</size>
         <input_file_ref idref="fl-3e"/>
      </object_component>
      <object_component id="oc-bf">
         <name>.debug_abbrev</name>
         <load_address>0x203f</load_address>
         <run_address>0x203f</run_address>
         <size>0xd5</size>
         <input_file_ref idref="fl-3f"/>
      </object_component>
      <object_component id="oc-c3">
         <name>.debug_abbrev</name>
         <load_address>0x2114</load_address>
         <run_address>0x2114</run_address>
         <size>0x44</size>
         <input_file_ref idref="fl-40"/>
      </object_component>
      <object_component id="oc-c7">
         <name>.debug_abbrev</name>
         <load_address>0x2158</load_address>
         <run_address>0x2158</run_address>
         <size>0xb7</size>
         <input_file_ref idref="fl-41"/>
      </object_component>
      <object_component id="oc-c9">
         <name>.debug_abbrev</name>
         <load_address>0x220f</load_address>
         <run_address>0x220f</run_address>
         <size>0x68</size>
         <input_file_ref idref="fl-42"/>
      </object_component>
      <object_component id="oc-cd">
         <name>.debug_abbrev</name>
         <load_address>0x2277</load_address>
         <run_address>0x2277</run_address>
         <size>0x83</size>
         <input_file_ref idref="fl-43"/>
      </object_component>
      <object_component id="oc-d1">
         <name>.debug_abbrev</name>
         <load_address>0x22fa</load_address>
         <run_address>0x22fa</run_address>
         <size>0x112</size>
         <input_file_ref idref="fl-44"/>
      </object_component>
      <object_component id="oc-d5">
         <name>.debug_abbrev</name>
         <load_address>0x240c</load_address>
         <run_address>0x240c</run_address>
         <size>0xb5</size>
         <input_file_ref idref="fl-45"/>
      </object_component>
      <object_component id="oc-da">
         <name>.debug_abbrev</name>
         <load_address>0x24c1</load_address>
         <run_address>0x24c1</run_address>
         <size>0xc2</size>
         <input_file_ref idref="fl-46"/>
      </object_component>
      <object_component id="oc-de">
         <name>.debug_abbrev</name>
         <load_address>0x2583</load_address>
         <run_address>0x2583</run_address>
         <size>0x103</size>
         <input_file_ref idref="fl-47"/>
      </object_component>
      <object_component id="oc-e3">
         <name>.debug_abbrev</name>
         <load_address>0x2686</load_address>
         <run_address>0x2686</run_address>
         <size>0x140</size>
         <input_file_ref idref="fl-48"/>
      </object_component>
      <object_component id="oc-e7">
         <name>.debug_abbrev</name>
         <load_address>0x27c6</load_address>
         <run_address>0x27c6</run_address>
         <size>0x9a</size>
         <input_file_ref idref="fl-49"/>
      </object_component>
      <object_component id="oc-eb">
         <name>.debug_abbrev</name>
         <load_address>0x2860</load_address>
         <run_address>0x2860</run_address>
         <size>0xd1</size>
         <input_file_ref idref="fl-4a"/>
      </object_component>
      <object_component id="oc-ef">
         <name>.debug_abbrev</name>
         <load_address>0x2931</load_address>
         <run_address>0x2931</run_address>
         <size>0xd0</size>
         <input_file_ref idref="fl-4b"/>
      </object_component>
      <object_component id="oc-f3">
         <name>.debug_abbrev</name>
         <load_address>0x2a01</load_address>
         <run_address>0x2a01</run_address>
         <size>0xb7</size>
         <input_file_ref idref="fl-4c"/>
      </object_component>
      <object_component id="oc-f7">
         <name>.debug_abbrev</name>
         <load_address>0x2ab8</load_address>
         <run_address>0x2ab8</run_address>
         <size>0xec</size>
         <input_file_ref idref="fl-4d"/>
      </object_component>
      <object_component id="oc-fb">
         <name>.debug_abbrev</name>
         <load_address>0x2ba4</load_address>
         <run_address>0x2ba4</run_address>
         <size>0xb7</size>
[...]
      </symbol>
      <symbol id="sm-f4">
         <name>_z_xPEEK1</name>
         <value>0x5ac6</value>
         <object_component_ref idref="oc-33"/>
      </symbol>
      <symbol id="sm-f5">
         <name>_z_yH</name>
         <value>0x5ae4</value>
         <object_component_ref idref="oc-33"/>
      </symbol>
      <symbol id="sm-f6">
         <name>_z_yL</name>
         <value>0x5adc</value>
         <object_component_ref idref="oc-33"/>
      </symbol>
      <symbol id="sm-f7">
         <name>_z_xH</name>
         <value>0x5ae0</value>
         <object_component_ref idref="oc-33"/>
      </symbol>
      <symbol id="sm-f8">
         <name>_z_xL</name>
         <value>0x5ad8</value>
         <object_component_ref idref="oc-33"/>
      </symbol>
      <symbol id="sm-109">
         <name>_setWritePointerToFirstChar</name>
         <value>0x24aba</value>
         <object_component_ref idref="oc-3a"/>
      </symbol>
      <symbol id="sm-10a">
         <name>_clearLCD</name>
         <value>0x24aa7</value>
         <object_component_ref idref="oc-3a"/>
      </symbol>
      <symbol id="sm-10b">
         <name>_initPrintNumber</name>
         <value>0x24aa5</value>
         <object_component_ref idref="oc-3a"/>
      </symbol>
      <symbol id="sm-10c">
         <name>_sign_width</name>
         <value>0x61fa</value>
         <object_component_ref idref="oc-3c"/>
      </symbol>
      <symbol id="sm-10d">
         <name>_printChar</name>
         <value>0x24acd</value>
         <object_component_ref idref="oc-3a"/>
      </symbol>
      <symbol id="sm-120">
         <name>_shelvingPeek</name>
         <value>0x23503</value>
         <object_component_ref idref="oc-41"/>
      </symbol>
      <symbol id="sm-121">
         <name>_calculatePeekCoeff</name>
         <value>0x233d7</value>
         <object_component_ref idref="oc-41"/>
      </symbol>
      <symbol id="sm-122">
         <name>_shelvingLP</name>
         <value>0x2343a</value>
         <object_component_ref idref="oc-41"/>
      </symbol>
      <symbol id="sm-123">
         <name>_shelvingHP</name>
         <value>0x234a2</value>
         <object_component_ref idref="oc-41"/>
      </symbol>
      <symbol id="sm-124">
         <name>_calculateShelvingCoeff</name>
         <value>0x2339f</value>
         <object_component_ref idref="oc-41"/>
      </symbol>
      <symbol id="sm-132">
         <name>_EZDSP5535_waitusec</name>
         <value>0x2490a</value>
         <object_component_ref idref="oc-46"/>
      </symbol>
      <symbol id="sm-133">
         <name>_EZDSP5535_init</name>
         <value>0x2491c</value>
         <object_component_ref idref="oc-46"/>
      </symbol>
      <symbol id="sm-134">
         <name>_EZDSP5535_wait</name>
         <value>0x248d6</value>
         <object_component_ref idref="oc-46"/>
      </symbol>
      <symbol id="sm-140">
         <name>__sysstack</name>
         <value>0x20c0</value>
         <object_component_ref idref="oc-120"/>
      </symbol>
      <symbol id="sm-141">
         <name>_c_int00</name>
         <value>0x24b63</value>
         <object_component_ref idref="oc-11"/>
      </symbol>
      <symbol id="sm-142">
         <name>__stack</name>
         <value>0xc0</value>
         <object_component_ref idref="oc-4b"/>
      </symbol>
      <symbol id="sm-152">
         <name>C$$EXIT</name>
         <value>0x24c86</value>
         <object_component_ref idref="oc-53"/>
      </symbol>
      <symbol id="sm-153">
         <name>_exit</name>
         <value>0x24b25</value>
         <object_component_ref idref="oc-4f"/>
      </symbol>
      <symbol id="sm-154">
         <name>_abort</name>
         <value>0x24c85</value>
         <object_component_ref idref="oc-53"/>
      </symbol>
      <symbol id="sm-155">
         <name>__cleanup_ptr</name>
         <value>0x5ff0</value>
         <object_component_ref idref="oc-50"/>
      </symbol>
      <symbol id="sm-156">
         <name>__dtors_ptr</name>
         <value>0x5ff4</value>
         <object_component_ref idref="oc-50"/>
      </symbol>
      <symbol id="sm-160">
         <name>_fclose</name>
         <value>0x244f6</value>
         <object_component_ref idref="oc-56"/>
      </symbol>
      <symbol id="sm-16a">
         <name>__doflush</name>
         <value>0x24108</value>
         <object_component_ref idref="oc-5a"/>
      </symbol>
      <symbol id="sm-16b">
         <name>_fflush</name>
         <value>0x24171</value>
         <object_component_ref idref="oc-5a"/>
      </symbol>
      <symbol id="sm-175">
         <name>__fixdi</name>
         <value>0x24b97</value>
         <object_component_ref idref="oc-5e"/>
      </symbol>
      <symbol id="sm-17f">
         <name>__fixdli</name>
         <value>0x246cc</value>
         <object_component_ref idref="oc-62"/>
      </symbol>
      <symbol id="sm-18e">
         <name>__cleanup</name>
         <value>0x229b1</value>
         <object_component_ref idref="oc-66"/>
      </symbol>
      <symbol id="sm-18f">
         <name>_fopen</name>
         <value>0x22ad4</value>
         <object_component_ref idref="oc-66"/>
      </symbol>
      <symbol id="sm-190">
         <name>_freopen</name>
         <value>0x22a0b</value>
         <object_component_ref idref="oc-66"/>
      </symbol>
      <symbol id="sm-19a">
         <name>_fread</name>
         <value>0x23c4e</value>
         <object_component_ref idref="oc-6c"/>
      </symbol>
      <symbol id="sm-1a6">
         <name>_fwrite</name>
         <value>0x22fc7</value>
         <object_component_ref idref="oc-70"/>
      </symbol>
      <symbol id="sm-1ae">
         <name>__mpyli</name>
         <value>0x24c3c</value>
         <object_component_ref idref="oc-74"/>
      </symbol>
      <symbol id="sm-1af">
         <name>I$$LMPY</name>
         <value>0x24c3c</value>
         <object_component_ref idref="oc-74"/>
      </symbol>
      <symbol id="sm-1c1">
         <name>_add_device</name>
         <value>0x219f7</value>
         <object_component_ref idref="oc-78"/>
      </symbol>
      <symbol id="sm-1c2">
         <name>_rename</name>
         <value>0x21719</value>
         <object_component_ref idref="oc-78"/>
      </symbol>
      <symbol id="sm-1c3">
         <name>_read</name>
         <value>0x217a8</value>
         <object_component_ref idref="oc-78"/>
      </symbol>
      <symbol id="sm-1c4">
         <name>_unlink</name>
         <value>0x216e6</value>
         <object_component_ref idref="oc-78"/>
      </symbol>
      <symbol id="sm-1c5">
         <name>_remove_device</name>
         <value>0x21772</value>
         <object_component_ref idref="oc-78"/>
      </symbol>
      <symbol id="sm-1c6">
         <name>_open</name>
         <value>0x21856</value>
         <object_component_ref idref="oc-78"/>
      </symbol>
      <symbol id="sm-1c7">
         <name>_find_registered_device</name>
         <value>0x2197b</value>
         <object_component_ref idref="oc-78"/>
      </symbol>
      <symbol id="sm-1c8">
         <name>_lseek</name>
         <value>0x21915</value>
         <object_component_ref idref="oc-78"/>
      </symbol>
      <symbol id="sm-1c9">
         <name>_close</name>
         <value>0x21984</value>
         <object_component_ref idref="oc-78"/>
      </symbol>
      <symbol id="sm-1ca">
         <name>_write</name>
         <value>0x215a4</value>
         <object_component_ref idref="oc-78"/>
      </symbol>
      <symbol id="sm-1d2">
         <name>_memcpy</name>
         <value>0x24ae6</value>
         <object_component_ref idref="oc-7e"/>
      </symbol>
      <symbol id="sm-1e2">
         <name>__sys_memory</name>
         <value>0x30c0</value>
         <object_component_ref idref="oc-86"/>
      </symbol>
      <symbol id="sm-1e3">
         <name>_chkheap</name>
         <value>0x22496</value>
         <object_component_ref idref="oc-82"/>
      </symbol>
      <symbol id="sm-1e4">
         <name>_realloc</name>
         <value>0x22235</value>
         <object_component_ref idref="oc-82"/>
      </symbol>
      <symbol id="sm-1e5">
         <name>_free_memory</name>
         <value>0x22440</value>
         <object_component_ref idref="oc-82"/>
      </symbol>
      <symbol id="sm-1e6">
         <name>_max_free</name>
         <value>0x223e6</value>
         <object_component_ref idref="oc-82"/>
      </symbol>
      <symbol id="sm-1e7">
         <name>_free</name>
         <value>0x2200f</value>
         <object_component_ref idref="oc-82"/>
      </symbol>
      <symbol id="sm-1e8">
         <name>_calloc</name>
         <value>0x2249e</value>
         <object_component_ref idref="oc-82"/>
      </symbol>
      <symbol id="sm-1e9">
         <name>_malloc</name>
         <value>0x22140</value>
         <object_component_ref idref="oc-82"/>
      </symbol>
      <symbol id="sm-1ea">
         <name>_minit</name>
         <value>0x220db</value>
         <object_component_ref idref="oc-82"/>
      </symbol>
      <symbol id="sm-1f4">
         <name>_printf</name>
         <value>0x2492a</value>
         <object_component_ref idref="oc-89"/>
      </symbol>
      <symbol id="sm-1fe">
         <name>_remove</name>
         <value>0x24c7b</value>
         <object_component_ref idref="oc-8d"/>
      </symbol>
      <symbol id="sm-20a">
         <name>_HOSTopen</name>
         <value>0x21df2</value>
         <object_component_ref idref="oc-91"/>
      </symbol>
      <symbol id="sm-20b">
         <name>_HOSTread</name>
         <value>0x21d65</value>
         <object_component_ref idref="oc-91"/>
      </symbol>
      <symbol id="sm-20c">
         <name>_HOSTtime</name>
         <value>0x21c59</value>
         <object_component_ref idref="oc-91"/>
      </symbol>
      <symbol id="sm-20d">
         <name>_getenv</name>
         <value>0x21ae7</value>
         <object_component_ref idref="oc-91"/>
      </symbol>
      <symbol id="sm-20e">
         <name>_HOSTrename</name>
         <value>0x21cb7</value>
         <object_component_ref idref="oc-91"/>
      </symbol>
      <symbol id="sm-20f">
         <name>_HOSTclock</name>
         <value>0x21fb1</value>
         <object_component_ref idref="oc-91"/>
      </symbol>
      <symbol id="sm-210">
         <name>_HOSTwrite</name>
         <value>0x21b62</value>
         <object_component_ref idref="oc-91"/>
      </symbol>
      <symbol id="sm-211">
         <name>_HOSTlseek</name>
         <value>0x21e91</value>
         <object_component_ref idref="oc-91"/>
      </symbol>
      <symbol id="sm-212">
         <name>_HOSTunlink</name>
         <value>0x21bef</value>
         <object_component_ref idref="oc-91"/>
      </symbol>
      <symbol id="sm-213">
         <name>_HOSTclose</name>
         <value>0x21f46</value>
         <object_component_ref idref="oc-91"/>
      </symbol>
      <symbol id="sm-225">
         <name>C$$IO$$</name>
         <value>0x2427f</value>
         <object_component_ref idref="oc-99"/>
      </symbol>
      <symbol id="sm-226">
         <name>__CIOBUF_</name>
         <value>0x40000</value>
         <object_component_ref idref="oc-98"/>
      </symbol>
      <symbol id="sm-227">
         <name>_readmsg</name>
         <value>0x2473b</value>
         <object_component_ref idref="oc-96"/>
      </symbol>
      <symbol id="sm-228">
         <name>_writemsg</name>
         <value>0x241ca</value>
         <object_component_ref idref="oc-99"/>
      </symbol>
      <symbol id="sm-230">
         <name>__remu</name>
         <value>0x24bd6</value>
         <object_component_ref idref="oc-9c"/>
      </symbol>
      <symbol id="sm-231">
         <name>__divu</name>
         <value>0x24bc1</value>
         <object_component_ref idref="oc-9c"/>
      </symbol>
      <symbol id="sm-232">
         <name>I$$UMOD</name>
         <value>0x24bd6</value>
         <object_component_ref idref="oc-9c"/>
      </symbol>
      <symbol id="sm-233">
         <name>I$$UDIV</name>
         <value>0x24bc1</value>
         <object_component_ref idref="oc-9c"/>
      </symbol>
      <symbol id="sm-23d">
         <name>_Reset</name>
         <value>0x4fe00</value>
         <object_component_ref idref="oc-12"/>
      </symbol>
      <symbol id="sm-247">
         <name>__buff_read</name>
         <value>0x24284</value>
         <object_component_ref idref="oc-a4"/>
      </symbol>
      <symbol id="sm-251">
         <name>__rd_ok</name>
         <value>0x240ab</value>
         <object_component_ref idref="oc-a8"/>
      </symbol>
      <symbol id="sm-252">
         <name>__wrt_ok</name>
         <value>0x2402b</value>
         <object_component_ref idref="oc-a8"/>
      </symbol>
      <symbol id="sm-260">
         <name>__unlock</name>
         <value>0x5fec</value>
         <object_component_ref idref="oc-ad"/>
      </symbol>
      <symbol id="sm-261">
         <name>__lock</name>
         <value>0x5fe8</value>
         <object_component_ref idref="oc-ad"/>
      </symbol>
      <symbol id="sm-262">
         <name>__register_lock</name>
         <value>0x24c57</value>
         <object_component_ref idref="oc-ac"/>
      </symbol>
      <symbol id="sm-263">
         <name>__nop</name>
         <value>0x24c5f</value>
         <object_component_ref idref="oc-ac"/>
      </symbol>
      <symbol id="sm-264">
         <name>__register_unlock</name>
         <value>0x24c4f</value>
         <object_component_ref idref="oc-ac"/>
      </symbol>
      <symbol id="sm-276">
         <name>__printfi</name>
         <value>0x21362</value>
         <object_component_ref idref="oc-b2"/>
      </symbol>
      <symbol id="sm-280">
         <name>__args_main</name>
         <value>0x249c7</value>
         <object_component_ref idref="oc-b8"/>
      </symbol>
      <symbol id="sm-281">
         <name>__TI_args_main</name>
         <value>0x1</value>
      </symbol>
      <symbol id="sm-28b">
         <name>_atoi</name>
         <value>0x2487a</value>
         <object_component_ref idref="oc-bc"/>
      </symbol>
      <symbol id="sm-293">
         <name>_auto_init</name>
         <value>0x2497a</value>
         <object_component_ref idref="oc-c0"/>
      </symbol>
      <symbol id="sm-29d">
         <name>__eqld</name>
         <value>0x23313</value>
         <object_component_ref idref="oc-c4"/>
      </symbol>
      <symbol id="sm-29e">
         <name>__cmpd</name>
         <value>0x23347</value>
         <object_component_ref idref="oc-c4"/>
      </symbol>
      <symbol id="sm-29f">
         <name>__neqd</name>
         <value>0x231b5</value>
         <object_component_ref idref="oc-c4"/>
      </symbol>
      <symbol id="sm-2a0">
         <name>__gtrd</name>
         <value>0x2327e</value>
         <object_component_ref idref="oc-c4"/>
      </symbol>
      <symbol id="sm-2a1">
         <name>__geqd</name>
         <value>0x232c9</value>
         <object_component_ref idref="oc-c4"/>
      </symbol>
      <symbol id="sm-2a2">
         <name>__leqd</name>
         <value>0x23231</value>
         <object_component_ref idref="oc-c4"/>
      </symbol>
      <symbol id="sm-2a3">
         <name>__lssd</name>
         <value>0x231e9</value>
         <object_component_ref idref="oc-c4"/>
      </symbol>
      <symbol id="sm-2ab">
         <name>__ctypes_</name>
         <value>0x5ff8</value>
         <object_component_ref idref="oc-121"/>
      </symbol>
      <symbol id="sm-2b5">
         <name>__tmpnams</name>
         <value>0x5c00</value>
         <object_component_ref idref="oc-ca"/>
      </symbol>
      <symbol id="sm-2b6">
         <name>__ft_end</name>
         <value>0x5d40</value>
         <object_component_ref idref="oc-ca"/>
      </symbol>
      <symbol id="sm-2b7">
         <name>__ftable</name>
         <value>0x5b10</value>
         <object_component_ref idref="oc-ca"/>
      </symbol>
      <symbol id="sm-2c3">
         <name>__divd</name>
         <value>0x224c4</value>
         <object_component_ref idref="oc-ce"/>
      </symbol>
      <symbol id="sm-2ce">
         <name>__divul</name>
         <value>0x243d8</value>
         <object_component_ref idref="oc-d2"/>
      </symbol>
      <symbol id="sm-2da">
         <name>__fltlid</name>
         <value>0x24813</value>
         <object_component_ref idref="oc-d6"/>
      </symbol>
      <symbol id="sm-2e4">
         <name>_putchar</name>
         <value>0x243c9</value>
         <object_component_ref idref="oc-db"/>
      </symbol>
      <symbol id="sm-2e5">
         <name>_putc</name>
         <value>0x24332</value>
         <object_component_ref idref="oc-db"/>
      </symbol>
      <symbol id="sm-2e6">
         <name>_fputc</name>
         <value>0x24332</value>
         <object_component_ref idref="oc-db"/>
      </symbol>
      <symbol id="sm-2f4">
         <name>_puts</name>
         <value>0x23862</value>
         <object_component_ref idref="oc-df"/>
      </symbol>
      <symbol id="sm-2f5">
         <name>_fputs</name>
         <value>0x2372d</value>
         <object_component_ref idref="oc-df"/>
      </symbol>
      <symbol id="sm-2ff">
         <name>__frcmpyd_div</name>
         <value>0x245e7</value>
         <object_component_ref idref="oc-e4"/>
      </symbol>
      <symbol id="sm-309">
         <name>_fseek</name>
         <value>0x247a8</value>
         <object_component_ref idref="oc-e8"/>
      </symbol>
      <symbol id="sm-313">
         <name>___isinf</name>
         <value>0x24c0e</value>
         <object_component_ref idref="oc-ec"/>
      </symbol>
      <symbol id="sm-31d">
         <name>__divull</name>
         <value>0x22c44</value>
         <object_component_ref idref="oc-f0"/>
      </symbol>
      <symbol id="sm-31e">
         <name>__mpylli</name>
         <value>0x22b8c</value>
         <object_component_ref idref="oc-f0"/>
      </symbol>
      <symbol id="sm-31f">
         <name>__remlli</name>
         <value>0x22b5d</value>
         <object_component_ref idref="oc-f0"/>
      </symbol>
      <symbol id="sm-320">
         <name>__divlli</name>
         <value>0x22d38</value>
         <object_component_ref idref="oc-f0"/>
      </symbol>
      <symbol id="sm-321">
         <name>__remull</name>
         <value>0x22b0f</value>
         <object_component_ref idref="oc-f0"/>
      </symbol>
      <symbol id="sm-32b">
         <name>_ltoa</name>
         <value>0x24479</value>
         <object_component_ref idref="oc-f4"/>
      </symbol>
      <symbol id="sm-336">
         <name>_memccpy</name>
         <value>0x24beb</value>
         <object_component_ref idref="oc-f8"/>
      </symbol>
      <symbol id="sm-340">
         <name>__mpyd</name>
         <value>0x239e2</value>
         <object_component_ref idref="oc-fc"/>
      </symbol>
      <symbol id="sm-34a">
         <name>__negd</name>
         <value>0x24c61</value>
         <object_component_ref idref="oc-100"/>
      </symbol>
      <symbol id="sm-354">
         <name>__remli</name>
         <value>0x24a12</value>
         <object_component_ref idref="oc-104"/>
      </symbol>
      <symbol id="sm-35f">
         <name>__remul</name>
         <value>0x2465a</value>
         <object_component_ref idref="oc-108"/>
      </symbol>
      <symbol id="sm-369">
         <name>_setvbuf</name>
         <value>0x23f45</value>
         <object_component_ref idref="oc-10c"/>
      </symbol>
      <symbol id="sm-373">
         <name>__subd</name>
         <value>0x24c28</value>
         <object_component_ref idref="oc-110"/>
      </symbol>
      <symbol id="sm-37d">
         <name>__addd</name>
         <value>0x22d6d</value>
         <object_component_ref idref="oc-114"/>
      </symbol>
      <symbol id="sm-387">
         <name>__divli</name>
         <value>0x24a5d</value>
         <object_component_ref idref="oc-118"/>
      </symbol>
      <symbol id="sm-391">
         <name>__frcmpyd</name>
         <value>0x24571</value>
         <object_component_ref idref="oc-11c"/>
      </symbol>
   </symbol_table>
</link_info>
